<html>
<body>
<pre>
<h1>礦ision Build Log</h1>
<h2>Tool Versions:</h2>
IDE-Version: μVision V5.36.0.0
Copyright (C) 2021 ARM Ltd and ARM Germany GmbH. All rights reserved.
License Information: HUA HUA, HUA, LIC=FYKYW-QVPG0-56CQ2-95RYC-IJFCI-8W65C
 
Tool Versions:
Toolchain:       MDK-ARM Plus  Version: 5.36.0.0
Toolchain Path:  D:\Keil_v5\ARM\ARMCC\Bin
C Compiler:      Armcc.exe V5.06 update 7 (build 960)
Assembler:       Armasm.exe V5.06 update 7 (build 960)
Linker/Locator:  ArmLink.exe V5.06 update 7 (build 960)
Library Manager: ArmAr.exe V5.06 update 7 (build 960)
Hex Converter:   FromElf.exe V5.06 update 7 (build 960)
CPU DLL:         SARMCM3.DLL V5.36.0.0
Dialog DLL:      DCM.DLL V1.17.3.0
Target DLL:      STLink\ST-LINKIII-KEIL_SWO.dll V3.0.9.0
Dialog DLL:      TCM.DLL V1.53.0.0
 
<h2>Project:</h2>
E:\HUA\01_Doctor\01_Research\03_Exoskeleton_Robot\04_Control\02_MotorControl\BlowExoRep\BlowExo\MDK-ARM\BlowExo.uvprojx
Project File Date:  06/05/2024

<h2>Output:</h2>
*** Using Compiler 'V5.06 update 7 (build 960)', folder: 'D:\Keil_v5\ARM\ARMCC\Bin'
Build target 'BlowExo'
compiling main.c...
../Core/Inc/servo_control.h(32): warning:  #1295-D: Deprecated declaration Get_Servo_Information - give arg types
  extern void Get_Servo_Information();
../Core/Inc/servo_control.h(34): warning:  #1-D: last line of file ends without a newline
  #endif
../Core/Src/main.c(189): warning:  #223-D: function "crc_ccitt" declared implicitly
        uint16_t crc = crc_ccitt(0, (uint8_t *)servo_send_buf, SERVO_SEND_LEN-2);
../Core/Src/main.c(120): warning:  #177-D: variable "motor_position_rad"  was declared but never referenced
    float motor_position_rad = 0.0;   // 电机位置（rad）
../Core/Src/main.c(121): warning:  #177-D: variable "motor_speed_rad"  was declared but never referenced
    float motor_speed_rad = 0.0;      // 电机速度（rad/s）
../Core/Src/main.c(123): warning:  #177-D: variable "blow_position_rad"  was declared but never referenced
    float blow_position_rad = 0.0;    // 肘关节位置（rad）
../Core/Src/main.c(124): warning:  #177-D: variable "blow_speed_rad"  was declared but never referenced
    float blow_speed_rad = 0.0;       // 肘关节速度（rad/s）
../Core/Src/main.c(137): warning:  #177-D: variable "pos"  was declared but never referenced
    float pos = 0;
../Core/Src/main.c(138): warning:  #177-D: variable "delta"  was declared but never referenced
    float delta = -0.005;
../Core/Src/main.c: 9 warnings, 0 errors
linking...
Program Size: Code=19038 RO-data=1250 RW-data=88 ZI-data=2336  
FromELF: creating hex file...
"BlowExo\BlowExo.axf" - 0 Error(s), 9 Warning(s).

<h2>Software Packages used:</h2>

Package Vendor: ARM
                http://www.keil.com/pack/ARM.CMSIS.5.8.0.pack
                ARM.CMSIS.5.8.0
                CMSIS (Common Microcontroller Software Interface Standard)
   * Component: CORE Version: 5.5.0

Package Vendor: Keil
                https://www.keil.com/pack/Keil.STM32F7xx_DFP.2.16.0.pack
                Keil.STM32F7xx_DFP.2.16.0
                STMicroelectronics STM32F7 Series Device Support, Drivers and Examples

<h2>Collection of Component include folders:</h2>
  .\RTE\_BlowExo
  D:\Keil_v5\Arm\Packs\ARM\CMSIS\5.8.0\CMSIS\Core\Include
  D:\Keil_v5\Arm\Packs\Keil\STM32F7xx_DFP\2.16.0\Drivers\CMSIS\Device\ST\STM32F7xx\Include

<h2>Collection of Component Files used:</h2>

   * Component: ARM::CMSIS:CORE:5.5.0
      Include file:  CMSIS\Core\Include\tz_context.h
Build Time Elapsed:  00:00:03
</pre>
</body>
</html>
