Component: ARM Compiler 5.06 update 7 (build 960) Tool: armlink [4d3601]

==============================================================================

Section Cross References

    startup_stm32f767xx.o(STACK) refers (Special) to heapauxi.o(.text) for __use_two_region_memory
    startup_stm32f767xx.o(HEAP) refers (Special) to heapauxi.o(.text) for __use_two_region_memory
    startup_stm32f767xx.o(RESET) refers (Special) to heapauxi.o(.text) for __use_two_region_memory
    startup_stm32f767xx.o(RESET) refers to startup_stm32f767xx.o(STACK) for __initial_sp
    startup_stm32f767xx.o(RESET) refers to startup_stm32f767xx.o(.text) for Reset_Handler
    startup_stm32f767xx.o(RESET) refers to stm32f7xx_it.o(i.NMI_Handler) for NMI_Handler
    startup_stm32f767xx.o(RESET) refers to stm32f7xx_it.o(i.HardFault_Handler) for HardFault_Handler
    startup_stm32f767xx.o(RESET) refers to stm32f7xx_it.o(i.MemManage_Handler) for MemManage_Handler
    startup_stm32f767xx.o(RESET) refers to stm32f7xx_it.o(i.BusFault_Handler) for BusFault_Handler
    startup_stm32f767xx.o(RESET) refers to stm32f7xx_it.o(i.UsageFault_Handler) for UsageFault_Handler
    startup_stm32f767xx.o(RESET) refers to stm32f7xx_it.o(i.SVC_Handler) for SVC_Handler
    startup_stm32f767xx.o(RESET) refers to stm32f7xx_it.o(i.DebugMon_Handler) for DebugMon_Handler
    startup_stm32f767xx.o(RESET) refers to stm32f7xx_it.o(i.PendSV_Handler) for PendSV_Handler
    startup_stm32f767xx.o(RESET) refers to stm32f7xx_it.o(i.SysTick_Handler) for SysTick_Handler
    startup_stm32f767xx.o(RESET) refers to stm32f7xx_it.o(i.USART1_IRQHandler) for USART1_IRQHandler
    startup_stm32f767xx.o(RESET) refers to stm32f7xx_it.o(i.USART2_IRQHandler) for USART2_IRQHandler
    startup_stm32f767xx.o(RESET) refers to stm32f7xx_it.o(i.USART3_IRQHandler) for USART3_IRQHandler
    startup_stm32f767xx.o(.text) refers (Special) to heapauxi.o(.text) for __use_two_region_memory
    startup_stm32f767xx.o(.text) refers to system_stm32f7xx.o(i.SystemInit) for SystemInit
    startup_stm32f767xx.o(.text) refers to __main.o(!!!main) for __main
    startup_stm32f767xx.o(.text) refers to startup_stm32f767xx.o(HEAP) for Heap_Mem
    startup_stm32f767xx.o(.text) refers to startup_stm32f767xx.o(STACK) for Stack_Mem
    go-m8010-6.o(i.SERVO_Send_recv) refers to go-m8010-6.o(i.modify_data) for modify_data
    go-m8010-6.o(i.SERVO_Send_recv) refers to stm32f7xx_hal_gpio.o(i.HAL_GPIO_WritePin) for HAL_GPIO_WritePin
    go-m8010-6.o(i.SERVO_Send_recv) refers to stm32f7xx_hal_uart.o(i.HAL_UART_Transmit) for HAL_UART_Transmit
    go-m8010-6.o(i.SERVO_Send_recv) refers to stm32f7xx_hal_uart_ex.o(i.HAL_UARTEx_ReceiveToIdle) for HAL_UARTEx_ReceiveToIdle
    go-m8010-6.o(i.SERVO_Send_recv) refers to go-m8010-6.o(i.extract_data) for extract_data
    go-m8010-6.o(i.SERVO_Send_recv) refers to usart.o(.bss) for huart1
    go-m8010-6.o(i.crc_ccitt) refers to go-m8010-6.o(i.crc_ccitt_byte) for crc_ccitt_byte
    go-m8010-6.o(i.crc_ccitt_byte) refers to go-m8010-6.o(.constdata) for crc_ccitt_table
    go-m8010-6.o(i.extract_data) refers to _printf_percent.o(.ARM.Collect$$_printf_percent$$00000000) for _printf_percent
    go-m8010-6.o(i.extract_data) refers to _printf_f.o(.ARM.Collect$$_printf_percent$$00000003) for _printf_f
    go-m8010-6.o(i.extract_data) refers to printf1.o(x$fpl$printf1) for _printf_fp_dec
    go-m8010-6.o(i.extract_data) refers to go-m8010-6.o(i.crc_ccitt) for crc_ccitt
    go-m8010-6.o(i.extract_data) refers to noretval__2printf.o(.text) for __2printf
    go-m8010-6.o(i.modify_data) refers to go-m8010-6.o(i.crc_ccitt) for crc_ccitt
    rls_encoder.o(i.Encoder_Send_recv) refers to stm32f7xx_hal_uart.o(i.HAL_UART_Transmit) for HAL_UART_Transmit
    rls_encoder.o(i.Encoder_Send_recv) refers to stm32f7xx_hal_uart.o(i.HAL_UART_Receive_IT) for HAL_UART_Receive_IT
    rls_encoder.o(i.Encoder_Send_recv) refers to usart.o(.bss) for huart3
    rls_encoder.o(i.Encoder_Send_recv) refers to rls_encoder.o(.bss) for g_encoder_recv_buf
    main.o(i.HAL_UART_RxCpltCallback) refers to rls_encoder.o(i.Extract_Encoder_Data) for Extract_Encoder_Data
    main.o(i.HAL_UART_RxCpltCallback) refers to rls_encoder.o(.bss) for g_encoder_recv_buf
    main.o(i.HAL_UART_RxCpltCallback) refers to main.o(.data) for blow_position
    main.o(i.MPU_Config) refers to stm32f7xx_hal_cortex.o(i.HAL_MPU_Disable) for HAL_MPU_Disable
    main.o(i.MPU_Config) refers to stm32f7xx_hal_cortex.o(i.HAL_MPU_ConfigRegion) for HAL_MPU_ConfigRegion
    main.o(i.MPU_Config) refers to stm32f7xx_hal_cortex.o(i.HAL_MPU_Enable) for HAL_MPU_Enable
    main.o(i.Servo_Inquire) refers to go-m8010-6.o(i.SERVO_Send_recv) for SERVO_Send_recv
    main.o(i.Servo_Inquire) refers to main.o(.bss) for cmd
    main.o(i.SystemClock_Config) refers to rt_memclr_w.o(.text) for __aeabi_memclr4
    main.o(i.SystemClock_Config) refers to stm32f7xx_hal_pwr.o(i.HAL_PWR_EnableBkUpAccess) for HAL_PWR_EnableBkUpAccess
[...]
    ../clib/printf.c                         0x00000000   Number         0  __printf_flags_ss.o ABSOLUTE
    ../clib/printf.c                         0x00000000   Number         0  _printf_fp_infnan.o ABSOLUTE
    ../clib/printf.c                         0x00000000   Number         0  __printf_ss.o ABSOLUTE
    ../clib/printf.c                         0x00000000   Number         0  __printf_wp.o ABSOLUTE
    ../clib/printf_percent.s                 0x00000000   Number         0  _printf_f.o ABSOLUTE
    ../clib/printf_percent.s                 0x00000000   Number         0  _printf_percent_end.o ABSOLUTE
    ../clib/printf_percent.s                 0x00000000   Number         0  _printf_percent.o ABSOLUTE
    ../clib/printf_percent.s                 0x00000000   Number         0  _printf_d.o ABSOLUTE
    ../clib/signal.c                         0x00000000   Number         0  defsig_cppl_inner.o ABSOLUTE
    ../clib/signal.c                         0x00000000   Number         0  defsig_rtmem_outer.o ABSOLUTE
    ../clib/signal.c                         0x00000000   Number         0  defsig_abrt_inner.o ABSOLUTE
    ../clib/signal.c                         0x00000000   Number         0  defsig_rtred_inner.o ABSOLUTE
    ../clib/signal.c                         0x00000000   Number         0  defsig_stak_inner.o ABSOLUTE
    ../clib/signal.c                         0x00000000   Number         0  defsig_pvfn_inner.o ABSOLUTE
    ../clib/signal.c                         0x00000000   Number         0  __raise.o ABSOLUTE
    ../clib/signal.c                         0x00000000   Number         0  defsig_exit.o ABSOLUTE
    ../clib/signal.c                         0x00000000   Number         0  defsig_fpe_formal.o ABSOLUTE
    ../clib/signal.c                         0x00000000   Number         0  defsig_fpe_outer.o ABSOLUTE
    ../clib/signal.c                         0x00000000   Number         0  defsig_rtmem_formal.o ABSOLUTE
    ../clib/signal.c                         0x00000000   Number         0  defsig_segv_inner.o ABSOLUTE
    ../clib/signal.c                         0x00000000   Number         0  defsig_other.o ABSOLUTE
    ../clib/signal.c                         0x00000000   Number         0  defsig_fpe_inner.o ABSOLUTE
    ../clib/signal.c                         0x00000000   Number         0  defsig_general.o ABSOLUTE
    ../clib/signal.c                         0x00000000   Number         0  defsig_rtmem_inner.o ABSOLUTE
    ../clib/signal.s                         0x00000000   Number         0  defsig.o ABSOLUTE
    ../clib/stdio.c                          0x00000000   Number         0  ferror_locked.o ABSOLUTE
    ../clib/stdio.c                          0x00000000   Number         0  ferror.o ABSOLUTE
    ../clib/stdlib.c                         0x00000000   Number         0  exit.o ABSOLUTE
    ../fplib/fpinit.s                        0x00000000   Number         0  fpinit.o ABSOLUTE
    ../fplib/istatus.s                       0x00000000   Number         0  istatus.o ABSOLUTE
    ../fplib/printf1.s                       0x00000000   Number         0  printf1.o ABSOLUTE
    ../fplib/usenofp.s                       0x00000000   Number         0  usenofp.o ABSOLUTE
    ../mathlib/fpclassify.c                  0x00000000   Number         0  fpclassify.o ABSOLUTE
    ..\Core\Src\GO-M8010-6.c                 0x00000000   Number         0  go-m8010-6.o ABSOLUTE
    ..\Core\Src\RLS_encoder.c                0x00000000   Number         0  rls_encoder.o ABSOLUTE
    ..\Core\Src\gpio.c                       0x00000000   Number         0  gpio.o ABSOLUTE
    ..\Core\Src\main.c                       0x00000000   Number         0  main.o ABSOLUTE
    ..\Core\Src\pid_control.c                0x00000000   Number         0  pid_control.o ABSOLUTE
    ..\Core\Src\stm32f7xx_hal_msp.c          0x00000000   Number         0  stm32f7xx_hal_msp.o ABSOLUTE
    ..\Core\Src\stm32f7xx_it.c               0x00000000   Number         0  stm32f7xx_it.o ABSOLUTE
    ..\Core\Src\system_stm32f7xx.c           0x00000000   Number         0  system_stm32f7xx.o ABSOLUTE
    ..\Core\Src\usart.c                      0x00000000   Number         0  usart.o ABSOLUTE
    ..\Drivers\STM32F7xx_HAL_Driver\Src\stm32f7xx_hal.c 0x00000000   Number         0  stm32f7xx_hal.o ABSOLUTE
    ..\Drivers\STM32F7xx_HAL_Driver\Src\stm32f7xx_hal_cortex.c 0x00000000   Number         0  stm32f7xx_hal_cortex.o ABSOLUTE
    ..\Drivers\STM32F7xx_HAL_Driver\Src\stm32f7xx_hal_dma.c 0x00000000   Number         0  stm32f7xx_hal_dma.o ABSOLUTE
    ..\Drivers\STM32F7xx_HAL_Driver\Src\stm32f7xx_hal_dma_ex.c 0x00000000   Number         0  stm32f7xx_hal_dma_ex.o ABSOLUTE
    ..\Drivers\STM32F7xx_HAL_Driver\Src\stm32f7xx_hal_exti.c 0x00000000   Number         0  stm32f7xx_hal_exti.o ABSOLUTE
    ..\Drivers\STM32F7xx_HAL_Driver\Src\stm32f7xx_hal_flash.c 0x00000000   Number         0  stm32f7xx_hal_flash.o ABSOLUTE
    ..\Drivers\STM32F7xx_HAL_Driver\Src\stm32f7xx_hal_flash_ex.c 0x00000000   Number         0  stm32f7xx_hal_flash_ex.o ABSOLUTE
    ..\Drivers\STM32F7xx_HAL_Driver\Src\stm32f7xx_hal_gpio.c 0x00000000   Number         0  stm32f7xx_hal_gpio.o ABSOLUTE
    ..\Drivers\STM32F7xx_HAL_Driver\Src\stm32f7xx_hal_i2c.c 0x00000000   Number         0  stm32f7xx_hal_i2c.o ABSOLUTE
    ..\Drivers\STM32F7xx_HAL_Driver\Src\stm32f7xx_hal_i2c_ex.c 0x00000000   Number         0  stm32f7xx_hal_i2c_ex.o ABSOLUTE
    ..\Drivers\STM32F7xx_HAL_Driver\Src\stm32f7xx_hal_pwr.c 0x00000000   Number         0  stm32f7xx_hal_pwr.o ABSOLUTE
    ..\Drivers\STM32F7xx_HAL_Driver\Src\stm32f7xx_hal_pwr_ex.c 0x00000000   Number         0  stm32f7xx_hal_pwr_ex.o ABSOLUTE
    ..\Drivers\STM32F7xx_HAL_Driver\Src\stm32f7xx_hal_rcc.c 0x00000000   Number         0  stm32f7xx_hal_rcc.o ABSOLUTE
    ..\Drivers\STM32F7xx_HAL_Driver\Src\stm32f7xx_hal_rcc_ex.c 0x00000000   Number         0  stm32f7xx_hal_rcc_ex.o ABSOLUTE
    ..\Drivers\STM32F7xx_HAL_Driver\Src\stm32f7xx_hal_tim.c 0x00000000   Number         0  stm32f7xx_hal_tim.o ABSOLUTE
    ..\Drivers\STM32F7xx_HAL_Driver\Src\stm32f7xx_hal_tim_ex.c 0x00000000   Number         0  stm32f7xx_hal_tim_ex.o ABSOLUTE
    ..\Drivers\STM32F7xx_HAL_Driver\Src\stm32f7xx_hal_uart.c 0x00000000   Number         0  stm32f7xx_hal_uart.o ABSOLUTE
    ..\Drivers\STM32F7xx_HAL_Driver\Src\stm32f7xx_hal_uart_ex.c 0x00000000   Number         0  stm32f7xx_hal_uart_ex.o ABSOLUTE
    ..\\Core\\Src\\GO-M8010-6.c              0x00000000   Number         0  go-m8010-6.o ABSOLUTE
    ..\\Core\\Src\\RLS_encoder.c             0x00000000   Number         0  rls_encoder.o ABSOLUTE
    ..\\Core\\Src\\pid_control.c             0x00000000   Number         0  pid_control.o ABSOLUTE
    dc.s                                     0x00000000   Number         0  dc.o ABSOLUTE
    startup_stm32f767xx.s                    0x00000000   Number         0  startup_stm32f767xx.o ABSOLUTE
    RESET                                    0x08000000   Section      504  startup_stm32f767xx.o(RESET)
    !!!main                                  0x080001f8   Section        8  __main.o(!!!main)
    !!!scatter                               0x08000200   Section       52  __scatter.o(!!!scatter)
    !!handler_copy                           0x08000234   Section       26  __scatter_copy.o(!!handler_copy)
    !!handler_zi                             0x08000250   Section       28  __scatter_zi.o(!!handler_zi)
    .ARM.Collect$$_printf_percent$$00000000  0x0800026c   Section        0  _printf_percent.o(.ARM.Collect$$_printf_percent$$00000000)
    .ARM.Collect$$_printf_percent$$00000003  0x0800026c   Section        6  _printf_f.o(.ARM.Collect$$_printf_percent$$00000003)
    .ARM.Collect$$_printf_percent$$00000009  0x08000272   Section        6  _printf_d.o(.ARM.Collect$$_printf_percent$$00000009)
    .ARM.Collect$$_printf_percent$$00000017  0x08000278   Section        4  _printf_percent_end.o(.ARM.Collect$$_printf_percent$$00000017)
    .ARM.Collect$$libinit$$00000000          0x0800027c   Section        2  libinit.o(.ARM.Collect$$libinit$$00000000)
    .ARM.Collect$$libinit$$00000001          0x0800027e   Section        4  libinit2.o(.ARM.Collect$$libinit$$00000001)
    .ARM.Collect$$libinit$$00000004          0x08000282   Section        0  libinit2.o(.ARM.Collect$$libinit$$00000004)
    .ARM.Collect$$libinit$$0000000A          0x08000282   Section        0  libinit2.o(.ARM.Collect$$libinit$$0000000A)
    .ARM.Collect$$libinit$$0000000C          0x08000282   Section        0  libinit2.o(.ARM.Collect$$libinit$$0000000C)
    .ARM.Collect$$libinit$$0000000E          0x08000282   Section        0  libinit2.o(.ARM.Collect$$libinit$$0000000E)
    .ARM.Collect$$libinit$$0000000F          0x08000282   Section        6  libinit2.o(.ARM.Collect$$libinit$$0000000F)
    .ARM.Collect$$libinit$$00000011          0x08000288   Section        0  libinit2.o(.ARM.Collect$$libinit$$00000011)
    .ARM.Collect$$libinit$$00000013          0x08000288   Section        0  libinit2.o(.ARM.Collect$$libinit$$00000013)
    .ARM.Collect$$libinit$$00000015          0x08000288   Section        0  libinit2.o(.ARM.Collect$$libinit$$00000015)
    .ARM.Collect$$libinit$$00000016          0x08000288   Section       10  libinit2.o(.ARM.Collect$$libinit$$00000016)
    .ARM.Collect$$libinit$$00000017          0x08000292   Section        0  libinit2.o(.ARM.Collect$$libinit$$00000017)
    .ARM.Collect$$libinit$$00000019          0x08000292   Section        0  libinit2.o(.ARM.Collect$$libinit$$00000019)
    .ARM.Collect$$libinit$$0000001B          0x08000292   Section        0  libinit2.o(.ARM.Collect$$libinit$$0000001B)
    .ARM.Collect$$libinit$$0000001D          0x08000292   Section        0  libinit2.o(.ARM.Collect$$libinit$$0000001D)
    .ARM.Collect$$libinit$$0000001F          0x08000292   Section        0  libinit2.o(.ARM.Collect$$libinit$$0000001F)
    .ARM.Collect$$libinit$$00000021          0x08000292   Section        0  libinit2.o(.ARM.Collect$$libinit$$00000021)
    .ARM.Collect$$libinit$$00000023          0x08000292   Section        0  libinit2.o(.ARM.Collect$$libinit$$00000023)
    .ARM.Collect$$libinit$$00000025          0x08000292   Section        0  libinit2.o(.ARM.Collect$$libinit$$00000025)
    .ARM.Collect$$libinit$$0000002C          0x08000292   Section        0  libinit2.o(.ARM.Collect$$libinit$$0000002C)
    .ARM.Collect$$libinit$$0000002E          0x08000292   Section        0  libinit2.o(.ARM.Collect$$libinit$$0000002E)
    .ARM.Collect$$libinit$$00000030          0x08000292   Section        0  libinit2.o(.ARM.Collect$$libinit$$00000030)
    .ARM.Collect$$libinit$$00000032          0x08000292   Section        0  libinit2.o(.ARM.Collect$$libinit$$00000032)
    .ARM.Collect$$libinit$$00000033          0x08000292   Section        2  libinit2.o(.ARM.Collect$$libinit$$00000033)
    .ARM.Collect$$libshutdown$$00000000      0x08000294   Section        2  libshutdown.o(.ARM.Collect$$libshutdown$$00000000)
    .ARM.Collect$$libshutdown$$00000002      0x08000296   Section        0  libshutdown2.o(.ARM.Collect$$libshutdown$$00000002)
    .ARM.Collect$$libshutdown$$00000004      0x08000296   Section        0  libshutdown2.o(.ARM.Collect$$libshutdown$$00000004)
    .ARM.Collect$$libshutdown$$00000006      0x08000296   Section        0  libshutdown2.o(.ARM.Collect$$libshutdown$$00000006)
    .ARM.Collect$$libshutdown$$00000009      0x08000296   Section        0  libshutdown2.o(.ARM.Collect$$libshutdown$$00000009)
    .ARM.Collect$$libshutdown$$0000000C      0x08000296   Section        0  libshutdown2.o(.ARM.Collect$$libshutdown$$0000000C)
    .ARM.Collect$$libshutdown$$0000000E      0x08000296   Section        0  libshutdown2.o(.ARM.Collect$$libshutdown$$0000000E)
    .ARM.Collect$$libshutdown$$00000011      0x08000296   Section        0  libshutdown2.o(.ARM.Collect$$libshutdown$$00000011)
    .ARM.Collect$$libshutdown$$00000012      0x08000296   Section        2  libshutdown2.o(.ARM.Collect$$libshutdown$$00000012)
    .ARM.Collect$$rtentry$$00000000          0x08000298   Section        0  __rtentry.o(.ARM.Collect$$rtentry$$00000000)
    .ARM.Collect$$rtentry$$00000002          0x08000298   Section        0  __rtentry2.o(.ARM.Collect$$rtentry$$00000002)
    .ARM.Collect$$rtentry$$00000004          0x08000298   Section        6  __rtentry4.o(.ARM.Collect$$rtentry$$00000004)
    .ARM.Collect$$rtentry$$00000009          0x0800029e   Section        0  __rtentry2.o(.ARM.Collect$$rtentry$$00000009)
    .ARM.Collect$$rtentry$$0000000A          0x0800029e   Section        4  __rtentry2.o(.ARM.Collect$$rtentry$$0000000A)
    .ARM.Collect$$rtentry$$0000000C          0x080002a2   Section        0  __rtentry2.o(.ARM.Collect$$rtentry$$0000000C)
    .ARM.Collect$$rtentry$$0000000D          0x080002a2   Section        8  __rtentry2.o(.ARM.Collect$$rtentry$$0000000D)
    .ARM.Collect$$rtexit$$00000000           0x080002aa   Section        2  rtexit.o(.ARM.Collect$$rtexit$$00000000)
    .ARM.Collect$$rtexit$$00000002           0x080002ac   Section        0  rtexit2.o(.ARM.Collect$$rtexit$$00000002)
    .ARM.Collect$$rtexit$$00000003           0x080002ac   Section        4  rtexit2.o(.ARM.Collect$$rtexit$$00000003)
    .ARM.Collect$$rtexit$$00000004           0x080002b0   Section        6  rtexit2.o(.ARM.Collect$$rtexit$$00000004)
    .text                                    0x080002b8   Section       64  startup_stm32f767xx.o(.text)
    $v0                                      0x080002b8   Number         0  startup_stm32f767xx.o(.text)
    .text                                    0x080002f8   Section        2  use_no_semi_2.o(.text)
    .text                                    0x080002fa   Section      238  lludivv7m.o(.text)
    .text                                    0x080003e8   Section        0  noretval__2printf.o(.text)
    .text                                    0x08000400   Section        0  __printf.o(.text)
    .text                                    0x08000468   Section        0  _printf_dec.o(.text)
    .text                                    0x080004e0   Section       78  rt_memclr_w.o(.text)
    .text                                    0x0800052e   Section        0  heapauxi.o(.text)
    .text                                    0x08000534   Section        2  use_no_semi.o(.text)
    .text                                    0x08000536   Section        0  _printf_intcommon.o(.text)
    .text                                    0x080005e8   Section        0  _printf_fp_dec.o(.text)
    _fp_digits                               0x080005eb   Thumb Code   432  _printf_fp_dec.o(.text)
    .text                                    0x08000a08   Section        0  _printf_char_file.o(.text)
    .text                                    0x08000a2c   Section        8  rt_locale_intlibspace.o(.text)
    .text                                    0x08000a34   Section      138  lludiv10.o(.text)
    .text                                    0x08000ac0   Section        0  _printf_char_common.o(.text)
    _printf_input_char                       0x08000ac1   Thumb Code    10  _printf_char_common.o(.text)
    .text                                    0x08000af0   Section        0  _printf_fp_infnan.o(.text)
    .text                                    0x08000b70   Section        0  bigflt0.o(.text)
    .text                                    0x08000c54   Section        0  ferror.o(.text)
    .text                                    0x08000c5c   Section        8  libspace.o(.text)
    .text                                    0x08000c64   Section       74  sys_stackheap_outer.o(.text)
    .text                                    0x08000cae   Section        0  exit.o(.text)
    .text                                    0x08000cc0   Section      104  strcmpv7m_pel.o(.text)
    CL$$btod_d2e                             0x08000d28   Section       62  btod.o(CL$$btod_d2e)
    CL$$btod_d2e_denorm_low                  0x08000d66   Section       70  btod.o(CL$$btod_d2e_denorm_low)
    CL$$btod_d2e_norm_op1                    0x08000dac   Section       96  btod.o(CL$$btod_d2e_norm_op1)
    CL$$btod_div_common                      0x08000e0c   Section      824  btod.o(CL$$btod_div_common)
    CL$$btod_e2e                             0x08001144   Section      220  btod.o(CL$$btod_e2e)
    CL$$btod_ediv                            0x08001220   Section       42  btod.o(CL$$btod_ediv)
    CL$$btod_emul                            0x0800124a   Section       42  btod.o(CL$$btod_emul)
    CL$$btod_mult_common                     0x08001274   Section      580  btod.o(CL$$btod_mult_common)
    i.BusFault_Handler                       0x080014b8   Section        0  stm32f7xx_it.o(i.BusFault_Handler)
    i.DebugMon_Handler                       0x080014bc   Section        0  stm32f7xx_it.o(i.DebugMon_Handler)
    i.Encoder_Send_recv                      0x080014c0   Section        0  rls_encoder.o(i.Encoder_Send_recv)
    i.Error_Handler                          0x080014fc   Section        0  main.o(i.Error_Handler)
    i.Extract_Encoder_Data                   0x08001502   Section        0  rls_encoder.o(i.Extract_Encoder_Data)
    i.HAL_DMA_Abort                          0x08001558   Section        0  stm32f7xx_hal_dma.o(i.HAL_DMA_Abort)
    i.HAL_DMA_Abort_IT                       0x08001604   Section        0  stm32f7xx_hal_dma.o(i.HAL_DMA_Abort_IT)
    i.HAL_Delay                              0x0800162c   Section        0  stm32f7xx_hal.o(i.HAL_Delay)
    i.HAL_GPIO_Init                          0x08001654   Section        0  stm32f7xx_hal_gpio.o(i.HAL_GPIO_Init)
    i.HAL_GPIO_TogglePin                     0x08001860   Section        0  stm32f7xx_hal_gpio.o(i.HAL_GPIO_TogglePin)
    i.HAL_GPIO_WritePin                      0x08001874   Section        0  stm32f7xx_hal_gpio.o(i.HAL_GPIO_WritePin)
    i.HAL_GetTick                            0x08001880   Section        0  stm32f7xx_hal.o(i.HAL_GetTick)
    i.HAL_IncTick                            0x0800188c   Section        0  stm32f7xx_hal.o(i.HAL_IncTick)
    i.HAL_Init                               0x080018a4   Section        0  stm32f7xx_hal.o(i.HAL_Init)
    i.HAL_InitTick                           0x080018bc   Section        0  stm32f7xx_hal.o(i.HAL_InitTick)
    i.HAL_MPU_ConfigRegion                   0x08001908   Section        0  stm32f7xx_hal_cortex.o(i.HAL_MPU_ConfigRegion)
    i.HAL_MPU_Disable                        0x08001964   Section        0  stm32f7xx_hal_cortex.o(i.HAL_MPU_Disable)
    i.HAL_MPU_Enable                         0x08001990   Section        0  stm32f7xx_hal_cortex.o(i.HAL_MPU_Enable)
    i.HAL_MspInit                            0x080019d0   Section        0  stm32f7xx_hal_msp.o(i.HAL_MspInit)
    i.HAL_NVIC_EnableIRQ                     0x08001a10   Section        0  stm32f7xx_hal_cortex.o(i.HAL_NVIC_EnableIRQ)
    i.HAL_NVIC_SetPriority                   0x08001a30   Section        0  stm32f7xx_hal_cortex.o(i.HAL_NVIC_SetPriority)
    i.HAL_NVIC_SetPriorityGrouping           0x08001aac   Section        0  stm32f7xx_hal_cortex.o(i.HAL_NVIC_SetPriorityGrouping)
    i.HAL_PWREx_EnableOverDrive              0x08001ad4   Section        0  stm32f7xx_hal_pwr_ex.o(i.HAL_PWREx_EnableOverDrive)
    i.HAL_PWR_EnableBkUpAccess               0x08001b64   Section        0  stm32f7xx_hal_pwr.o(i.HAL_PWR_EnableBkUpAccess)
    i.HAL_RCCEx_PeriphCLKConfig              0x08001b78   Section        0  stm32f7xx_hal_rcc_ex.o(i.HAL_RCCEx_PeriphCLKConfig)
    i.HAL_RCC_ClockConfig                    0x080022d4   Section        0  stm32f7xx_hal_rcc.o(i.HAL_RCC_ClockConfig)
    i.HAL_RCC_GetHCLKFreq                    0x08002468   Section        0  stm32f7xx_hal_rcc.o(i.HAL_RCC_GetHCLKFreq)
    i.HAL_RCC_GetPCLK1Freq                   0x08002474   Section        0  stm32f7xx_hal_rcc.o(i.HAL_RCC_GetPCLK1Freq)
    i.HAL_RCC_GetPCLK2Freq                   0x08002494   Section        0  stm32f7xx_hal_rcc.o(i.HAL_RCC_GetPCLK2Freq)
    i.HAL_RCC_GetSysClockFreq                0x080024b4   Section        0  stm32f7xx_hal_rcc.o(i.HAL_RCC_GetSysClockFreq)
    i.HAL_RCC_OscConfig                      0x08002564   Section        0  stm32f7xx_hal_rcc.o(i.HAL_RCC_OscConfig)
    i.HAL_SYSTICK_Config                     0x08002a78   Section        0  stm32f7xx_hal_cortex.o(i.HAL_SYSTICK_Config)
    i.HAL_UARTEx_ReceiveToIdle               0x08002aac   Section        0  stm32f7xx_hal_uart_ex.o(i.HAL_UARTEx_ReceiveToIdle)
    i.HAL_UARTEx_RxEventCallback             0x08002c16   Section        0  stm32f7xx_hal_uart.o(i.HAL_UARTEx_RxEventCallback)
    i.HAL_UARTEx_WakeupCallback              0x08002c18   Section        0  stm32f7xx_hal_uart.o(i.HAL_UARTEx_WakeupCallback)
    i.HAL_UART_ErrorCallback                 0x08002c1a   Section        0  stm32f7xx_hal_uart.o(i.HAL_UART_ErrorCallback)
    i.HAL_UART_IRQHandler                    0x08002c1c   Section        0  stm32f7xx_hal_uart.o(i.HAL_UART_IRQHandler)
    i.HAL_UART_Init                          0x08002f6c   Section        0  stm32f7xx_hal_uart.o(i.HAL_UART_Init)
    i.HAL_UART_MspInit                       0x08002fe0   Section        0  usart.o(i.HAL_UART_MspInit)
    i.HAL_UART_Receive_IT                    0x080031cc   Section        0  stm32f7xx_hal_uart.o(i.HAL_UART_Receive_IT)
    i.HAL_UART_RxCpltCallback                0x0800321c   Section        0  main.o(i.HAL_UART_RxCpltCallback)
    i.HAL_UART_Transmit                      0x08003254   Section        0  stm32f7xx_hal_uart.o(i.HAL_UART_Transmit)
    i.HAL_UART_TxCpltCallback                0x08003306   Section        0  stm32f7xx_hal_uart.o(i.HAL_UART_TxCpltCallback)
    i.HardFault_Handler                      0x08003308   Section        0  stm32f7xx_it.o(i.HardFault_Handler)
    i.MPU_Config                             0x0800330c   Section        0  main.o(i.MPU_Config)
    MPU_Config                               0x0800330d   Thumb Code    86  main.o(i.MPU_Config)
    i.MX_GPIO_Init                           0x08003364   Section        0  gpio.o(i.MX_GPIO_Init)
    i.MX_USART1_UART_Init                    0x08003414   Section        0  usart.o(i.MX_USART1_UART_Init)
    i.MX_USART2_UART_Init                    0x08003458   Section        0  usart.o(i.MX_USART2_UART_Init)
    i.MX_USART3_UART_Init                    0x08003498   Section        0  usart.o(i.MX_USART3_UART_Init)
    i.MemManage_Handler                      0x080034d8   Section        0  stm32f7xx_it.o(i.MemManage_Handler)
    i.NMI_Handler                            0x080034dc   Section        0  stm32f7xx_it.o(i.NMI_Handler)
    i.PendSV_Handler                         0x080034e0   Section        0  stm32f7xx_it.o(i.PendSV_Handler)
    i.SERVO_Send_recv                        0x080034e4   Section        0  go-m8010-6.o(i.SERVO_Send_recv)
    i.SVC_Handler                            0x08003578   Section        0  stm32f7xx_it.o(i.SVC_Handler)
    i.SysTick_Handler                        0x0800357a   Section        0  stm32f7xx_it.o(i.SysTick_Handler)
    i.SystemClock_Config                     0x08003584   Section        0  main.o(i.SystemClock_Config)
    i.SystemInit                             0x08003640   Section        0  system_stm32f7xx.o(i.SystemInit)
    i.UART_AdvFeatureConfig                  0x08003654   Section        0  stm32f7xx_hal_uart.o(i.UART_AdvFeatureConfig)
    i.UART_CheckIdleState                    0x0800374c   Section        0  stm32f7xx_hal_uart.o(i.UART_CheckIdleState)
    i.UART_DMAAbortOnError                   0x080037c2   Section        0  stm32f7xx_hal_uart.o(i.UART_DMAAbortOnError)
    UART_DMAAbortOnError                     0x080037c3   Thumb Code    24  stm32f7xx_hal_uart.o(i.UART_DMAAbortOnError)
    i.UART_EndRxTransfer                     0x080037da   Section        0  stm32f7xx_hal_uart.o(i.UART_EndRxTransfer)
    UART_EndRxTransfer                       0x080037db   Thumb Code   102  stm32f7xx_hal_uart.o(i.UART_EndRxTransfer)
    i.UART_EndTransmit_IT                    0x08003840   Section        0  stm32f7xx_hal_uart.o(i.UART_EndTransmit_IT)
    UART_EndTransmit_IT                      0x08003841   Thumb Code    46  stm32f7xx_hal_uart.o(i.UART_EndTransmit_IT)
    i.UART_RxISR_16BIT                       0x0800386e   Section        0  stm32f7xx_hal_uart.o(i.UART_RxISR_16BIT)
    UART_RxISR_16BIT                         0x0800386f   Thumb Code   212  stm32f7xx_hal_uart.o(i.UART_RxISR_16BIT)
    i.UART_RxISR_8BIT                        0x08003942   Section        0  stm32f7xx_hal_uart.o(i.UART_RxISR_8BIT)
    UART_RxISR_8BIT                          0x08003943   Thumb Code   208  stm32f7xx_hal_uart.o(i.UART_RxISR_8BIT)
    i.UART_SetConfig                         0x08003a14   Section        0  stm32f7xx_hal_uart.o(i.UART_SetConfig)
    i.UART_Start_Receive_IT                  0x08003d50   Section        0  stm32f7xx_hal_uart.o(i.UART_Start_Receive_IT)
    i.UART_WaitOnFlagUntilTimeout            0x08003e44   Section        0  stm32f7xx_hal_uart.o(i.UART_WaitOnFlagUntilTimeout)
    i.USART1_IRQHandler                      0x08003f40   Section        0  stm32f7xx_it.o(i.USART1_IRQHandler)
    i.USART2_IRQHandler                      0x08003f50   Section        0  stm32f7xx_it.o(i.USART2_IRQHandler)
    i.USART3_IRQHandler                      0x08003f60   Section        0  stm32f7xx_it.o(i.USART3_IRQHandler)
    i.UsageFault_Handler                     0x08003f70   Section        0  stm32f7xx_it.o(i.UsageFault_Handler)
    i.__ARM_fpclassify                       0x08003f74   Section        0  fpclassify.o(i.__ARM_fpclassify)
    i.__NVIC_GetPriorityGrouping             0x08003fa4   Section        0  stm32f7xx_hal_cortex.o(i.__NVIC_GetPriorityGrouping)
    __NVIC_GetPriorityGrouping               0x08003fa5   Thumb Code    10  stm32f7xx_hal_cortex.o(i.__NVIC_GetPriorityGrouping)
    i.__NVIC_SetPriority                     0x08003fb4   Section        0  stm32f7xx_hal_cortex.o(i.__NVIC_SetPriority)
    __NVIC_SetPriority                       0x08003fb5   Thumb Code    32  stm32f7xx_hal_cortex.o(i.__NVIC_SetPriority)
    i._sys_exit                              0x08003fdc   Section        0  usart.o(i._sys_exit)
    i.crc_ccitt                              0x08003fe0   Section        0  go-m8010-6.o(i.crc_ccitt)
    crc_ccitt                                0x08003fe1   Thumb Code    40  go-m8010-6.o(i.crc_ccitt)
    i.crc_ccitt_byte                         0x08004008   Section        0  go-m8010-6.o(i.crc_ccitt_byte)
    crc_ccitt_byte                           0x08004009   Thumb Code    20  go-m8010-6.o(i.crc_ccitt_byte)
    i.extract_data                           0x08004020   Section        0  go-m8010-6.o(i.extract_data)
    i.fputc                                  0x08004100   Section        0  usart.o(i.fputc)
    i.main                                   0x0800411c   Section        0  main.o(i.main)
    i.modify_data                            0x080042cc   Section        0  go-m8010-6.o(i.modify_data)
    locale$$code                             0x080044e4   Section       44  lc_numeric_c.o(locale$$code)
    x$fpl$fpinit                             0x08004510   Section       10  fpinit.o(x$fpl$fpinit)
    $v0                                      0x08004510   Number         0  fpinit.o(x$fpl$fpinit)
    x$fpl$printf1                            0x0800451a   Section        4  printf1.o(x$fpl$printf1)
    $v0                                      0x0800451a   Number         0  printf1.o(x$fpl$printf1)
    .constdata                               0x0800451e   Section      512  go-m8010-6.o(.constdata)
    x$fpl$usenofp                            0x0800451e   Section        0  usenofp.o(x$fpl$usenofp)
    .constdata                               0x0800471e   Section       24  system_stm32f7xx.o(.constdata)
    .constdata                               0x08004738   Section      148  bigflt0.o(.constdata)
    tenpwrs_x                                0x08004738   Data          60  bigflt0.o(.constdata)
    tenpwrs_i                                0x08004774   Data          64  bigflt0.o(.constdata)
    locale$$data                             0x080047ec   Section       28  lc_numeric_c.o(locale$$data)
    __lcnum_c_name                           0x080047f0   Data           2  lc_numeric_c.o(locale$$data)
    __lcnum_c_start                          0x080047f8   Data           0  lc_numeric_c.o(locale$$data)
    __lcnum_c_point                          0x08004804   Data           0  lc_numeric_c.o(locale$$data)
    __lcnum_c_thousands                      0x08004806   Data           0  lc_numeric_c.o(locale$$data)
    __lcnum_c_grouping                       0x08004807   Data           0  lc_numeric_c.o(locale$$data)
    __lcnum_c_end                            0x08004808   Data           0  lc_numeric_c.o(locale$$data)
    .data                                    0x20000000   Section        4  main.o(.data)
    .data                                    0x20000004   Section        6  usart.o(.data)
    .data                                    0x2000000c   Section        9  stm32f7xx_hal.o(.data)
    .data                                    0x20000018   Section        4  system_stm32f7xx.o(.data)
    .bss                                     0x2000001c   Section       13  rls_encoder.o(.bss)
    .bss                                     0x20000030   Section      128  main.o(.bss)
    .bss                                     0x200000b0   Section      408  usart.o(.bss)
    .bss                                     0x20000248   Section       96  libspace.o(.bss)
    HEAP                                     0x200002a8   Section      512  startup_stm32f767xx.o(HEAP)
    Heap_Mem                                 0x200002a8   Data         512  startup_stm32f767xx.o(HEAP)
    STACK                                    0x200004a8   Section     1024  startup_stm32f767xx.o(STACK)
    Stack_Mem                                0x200004a8   Data        1024  startup_stm32f767xx.o(STACK)
    __initial_sp                             0x200008a8   Data           0  startup_stm32f767xx.o(STACK)

    Global Symbols

    Symbol Name                              Value     Ov Type        Size  Object(Section)

    BuildAttributes$$THM_ISAv4$E$P$D$K$B$S$7EM$VFPv5_D16$PE$PLD8$A:L22UL41UL21$X:L11$S22US41US21$IEEE1$IW$USESV6$~STKCKD$USESV7$~SHL$OTIME$ROPI$IEEEJ$EBA8$UX$STANDARDLIB$REQ8$PRES8$EABIv2 0x00000000   Number         0  anon$$obj.o ABSOLUTE
    __ARM_use_no_argv                        0x00000000   Number         0  main.o ABSOLUTE
    __ARM_exceptions_init                     - Undefined Weak Reference
    __alloca_initialize                       - Undefined Weak Reference
    __arm_fini_                               - Undefined Weak Reference
    __arm_preinit_                            - Undefined Weak Reference
    __cpp_initialize__aeabi_                  - Undefined Weak Reference
    __cxa_finalize                            - Undefined Weak Reference
    __sigvec_lookup                           - Undefined Weak Reference
    _atexit_init                              - Undefined Weak Reference
    _call_atexit_fns                          - Undefined Weak Reference
    _clock_init                               - Undefined Weak Reference
    _fp_trap_init                             - Undefined Weak Reference
    _fp_trap_shutdown                         - Undefined Weak Reference
    _get_lc_collate                           - Undefined Weak Reference
    _get_lc_ctype                             - Undefined Weak Reference
    _get_lc_monetary                          - Undefined Weak Reference
    _get_lc_time                              - Undefined Weak Reference
    _getenv_init                              - Undefined Weak Reference
    _handle_redirection                       - Undefined Weak Reference
    _init_alloc                               - Undefined Weak Reference
    _init_user_alloc                          - Undefined Weak Reference
    _initio                                   - Undefined Weak Reference
    _mutex_acquire                            - Undefined Weak Reference
    _mutex_release                            - Undefined Weak Reference
    _printf_post_padding                      - Undefined Weak Reference
    _printf_pre_padding                       - Undefined Weak Reference
    _printf_truncate_signed                   - Undefined Weak Reference
    _printf_truncate_unsigned                 - Undefined Weak Reference
    _rand_init                                - Undefined Weak Reference
    _signal_finish                            - Undefined Weak Reference
    _signal_init                              - Undefined Weak Reference
    _terminate_alloc                          - Undefined Weak Reference
    _terminate_user_alloc                     - Undefined Weak Reference
    _terminateio                              - Undefined Weak Reference
    __Vectors_Size                           0x000001f8   Number         0  startup_stm32f767xx.o ABSOLUTE
    __Vectors                                0x08000000   Data           4  startup_stm32f767xx.o(RESET)
    __Vectors_End                            0x080001f8   Data           0  startup_stm32f767xx.o(RESET)
    __main                                   0x080001f9   Thumb Code     8  __main.o(!!!main)
    __scatterload                            0x08000201   Thumb Code     0  __scatter.o(!!!scatter)
    __scatterload_rt2                        0x08000201   Thumb Code    44  __scatter.o(!!!scatter)
    __scatterload_rt2_thumb_only             0x08000201   Thumb Code     0  __scatter.o(!!!scatter)
    __scatterload_null                       0x0800020f   Thumb Code     0  __scatter.o(!!!scatter)
    __scatterload_copy                       0x08000235   Thumb Code    26  __scatter_copy.o(!!handler_copy)
    __scatterload_zeroinit                   0x08000251   Thumb Code    28  __scatter_zi.o(!!handler_zi)
    _printf_f                                0x0800026d   Thumb Code     0  _printf_f.o(.ARM.Collect$$_printf_percent$$00000003)
    _printf_percent                          0x0800026d   Thumb Code     0  _printf_percent.o(.ARM.Collect$$_printf_percent$$00000000)
    _printf_d                                0x08000273   Thumb Code     0  _printf_d.o(.ARM.Collect$$_printf_percent$$00000009)
    _printf_percent_end                      0x08000279   Thumb Code     0  _printf_percent_end.o(.ARM.Collect$$_printf_percent$$00000017)
    __rt_lib_init                            0x0800027d   Thumb Code     0  libinit.o(.ARM.Collect$$libinit$$00000000)
    __rt_lib_init_fp_1                       0x0800027f   Thumb Code     0  libinit2.o(.ARM.Collect$$libinit$$00000001)
    __rt_lib_init_heap_1                     0x08000283   Thumb Code     0  libinit2.o(.ARM.Collect$$libinit$$0000000A)
    __rt_lib_init_lc_common                  0x08000283   Thumb Code     0  libinit2.o(.ARM.Collect$$libinit$$0000000F)
    __rt_lib_init_preinit_1                  0x08000283   Thumb Code     0  libinit2.o(.ARM.Collect$$libinit$$00000004)
    __rt_lib_init_rand_1                     0x08000283   Thumb Code     0  libinit2.o(.ARM.Collect$$libinit$$0000000E)
    __rt_lib_init_user_alloc_1               0x08000283   Thumb Code     0  libinit2.o(.ARM.Collect$$libinit$$0000000C)
    __rt_lib_init_lc_collate_1               0x08000289   Thumb Code     0  libinit2.o(.ARM.Collect$$libinit$$00000011)
    __rt_lib_init_lc_ctype_1                 0x08000289   Thumb Code     0  libinit2.o(.ARM.Collect$$libinit$$00000013)
    __rt_lib_init_lc_monetary_1              0x08000289   Thumb Code     0  libinit2.o(.ARM.Collect$$libinit$$00000015)
    __rt_lib_init_lc_numeric_2               0x08000289   Thumb Code     0  libinit2.o(.ARM.Collect$$libinit$$00000016)
    __rt_lib_init_alloca_1                   0x08000293   Thumb Code     0  libinit2.o(.ARM.Collect$$libinit$$0000002E)
    __rt_lib_init_argv_1                     0x08000293   Thumb Code     0  libinit2.o(.ARM.Collect$$libinit$$0000002C)
    __rt_lib_init_atexit_1                   0x08000293   Thumb Code     0  libinit2.o(.ARM.Collect$$libinit$$0000001B)
    __rt_lib_init_clock_1                    0x08000293   Thumb Code     0  libinit2.o(.ARM.Collect$$libinit$$00000021)
    __rt_lib_init_cpp_1                      0x08000293   Thumb Code     0  libinit2.o(.ARM.Collect$$libinit$$00000032)
    __rt_lib_init_exceptions_1               0x08000293   Thumb Code     0  libinit2.o(.ARM.Collect$$libinit$$00000030)
    __rt_lib_init_fp_trap_1                  0x08000293   Thumb Code     0  libinit2.o(.ARM.Collect$$libinit$$0000001F)
    __rt_lib_init_getenv_1                   0x08000293   Thumb Code     0  libinit2.o(.ARM.Collect$$libinit$$00000023)
    __rt_lib_init_lc_numeric_1               0x08000293   Thumb Code     0  libinit2.o(.ARM.Collect$$libinit$$00000017)
    __rt_lib_init_lc_time_1                  0x08000293   Thumb Code     0  libinit2.o(.ARM.Collect$$libinit$$00000019)
    __rt_lib_init_return                     0x08000293   Thumb Code     0  libinit2.o(.ARM.Collect$$libinit$$00000033)
    __rt_lib_init_signal_1                   0x08000293   Thumb Code     0  libinit2.o(.ARM.Collect$$libinit$$0000001D)
    __rt_lib_init_stdio_1                    0x08000293   Thumb Code     0  libinit2.o(.ARM.Collect$$libinit$$00000025)
    __rt_lib_shutdown                        0x08000295   Thumb Code     0  libshutdown.o(.ARM.Collect$$libshutdown$$00000000)
    __rt_lib_shutdown_cpp_1                  0x08000297   Thumb Code     0  libshutdown2.o(.ARM.Collect$$libshutdown$$00000004)
    __rt_lib_shutdown_fini_1                 0x08000297   Thumb Code     0  libshutdown2.o(.ARM.Collect$$libshutdown$$00000002)
    __rt_lib_shutdown_fp_trap_1              0x08000297   Thumb Code     0  libshutdown2.o(.ARM.Collect$$libshutdown$$00000009)
    __rt_lib_shutdown_heap_1                 0x08000297   Thumb Code     0  libshutdown2.o(.ARM.Collect$$libshutdown$$00000011)
    __rt_lib_shutdown_return                 0x08000297   Thumb Code     0  libshutdown2.o(.ARM.Collect$$libshutdown$$00000012)
    __rt_lib_shutdown_signal_1               0x08000297   Thumb Code     0  libshutdown2.o(.ARM.Collect$$libshutdown$$0000000C)
    __rt_lib_shutdown_stdio_1                0x08000297   Thumb Code     0  libshutdown2.o(.ARM.Collect$$libshutdown$$00000006)
    __rt_lib_shutdown_user_alloc_1           0x08000297   Thumb Code     0  libshutdown2.o(.ARM.Collect$$libshutdown$$0000000E)
    __rt_entry                               0x08000299   Thumb Code     0  __rtentry.o(.ARM.Collect$$rtentry$$00000000)
    __rt_entry_presh_1                       0x08000299   Thumb Code     0  __rtentry2.o(.ARM.Collect$$rtentry$$00000002)
    __rt_entry_sh                            0x08000299   Thumb Code     0  __rtentry4.o(.ARM.Collect$$rtentry$$00000004)
    __rt_entry_li                            0x0800029f   Thumb Code     0  __rtentry2.o(.ARM.Collect$$rtentry$$0000000A)
    __rt_entry_postsh_1                      0x0800029f   Thumb Code     0  __rtentry2.o(.ARM.Collect$$rtentry$$00000009)
    __rt_entry_main                          0x080002a3   Thumb Code     0  __rtentry2.o(.ARM.Collect$$rtentry$$0000000D)
    __rt_entry_postli_1                      0x080002a3   Thumb Code     0  __rtentry2.o(.ARM.Collect$$rtentry$$0000000C)
    __rt_exit                                0x080002ab   Thumb Code     0  rtexit.o(.ARM.Collect$$rtexit$$00000000)
    __rt_exit_ls                             0x080002ad   Thumb Code     0  rtexit2.o(.ARM.Collect$$rtexit$$00000003)
    __rt_exit_prels_1                        0x080002ad   Thumb Code     0  rtexit2.o(.ARM.Collect$$rtexit$$00000002)
    __rt_exit_exit                           0x080002b1   Thumb Code     0  rtexit2.o(.ARM.Collect$$rtexit$$00000004)
    Reset_Handler                            0x080002b9   Thumb Code     8  startup_stm32f767xx.o(.text)
    ADC_IRQHandler                           0x080002d3   Thumb Code     0  startup_stm32f767xx.o(.text)
    CAN1_RX0_IRQHandler                      0x080002d3   Thumb Code     0  startup_stm32f767xx.o(.text)
    CAN1_RX1_IRQHandler                      0x080002d3   Thumb Code     0  startup_stm32f767xx.o(.text)
    CAN1_SCE_IRQHandler                      0x080002d3   Thumb Code     0  startup_stm32f767xx.o(.text)
    CAN1_TX_IRQHandler                       0x080002d3   Thumb Code     0  startup_stm32f767xx.o(.text)
    CAN2_RX0_IRQHandler                      0x080002d3   Thumb Code     0  startup_stm32f767xx.o(.text)
    CAN2_RX1_IRQHandler                      0x080002d3   Thumb Code     0  startup_stm32f767xx.o(.text)
    CAN2_SCE_IRQHandler                      0x080002d3   Thumb Code     0  startup_stm32f767xx.o(.text)
    CAN2_TX_IRQHandler                       0x080002d3   Thumb Code     0  startup_stm32f767xx.o(.text)
    CAN3_RX0_IRQHandler                      0x080002d3   Thumb Code     0  startup_stm32f767xx.o(.text)
    CAN3_RX1_IRQHandler                      0x080002d3   Thumb Code     0  startup_stm32f767xx.o(.text)
    CAN3_SCE_IRQHandler                      0x080002d3   Thumb Code     0  startup_stm32f767xx.o(.text)
    CAN3_TX_IRQHandler                       0x080002d3   Thumb Code     0  startup_stm32f767xx.o(.text)
    CEC_IRQHandler                           0x080002d3   Thumb Code     0  startup_stm32f767xx.o(.text)
    DCMI_IRQHandler                          0x080002d3   Thumb Code     0  startup_stm32f767xx.o(.text)
    DFSDM1_FLT0_IRQHandler                   0x080002d3   Thumb Code     0  startup_stm32f767xx.o(.text)
    DFSDM1_FLT1_IRQHandler                   0x080002d3   Thumb Code     0  startup_stm32f767xx.o(.text)
    DFSDM1_FLT2_IRQHandler                   0x080002d3   Thumb Code     0  startup_stm32f767xx.o(.text)
    DFSDM1_FLT3_IRQHandler                   0x080002d3   Thumb Code     0  startup_stm32f767xx.o(.text)
    DMA1_Stream0_IRQHandler                  0x080002d3   Thumb Code     0  startup_stm32f767xx.o(.text)
    DMA1_Stream1_IRQHandler                  0x080002d3   Thumb Code     0  startup_stm32f767xx.o(.text)
    DMA1_Stream2_IRQHandler                  0x080002d3   Thumb Code     0  startup_stm32f767xx.o(.text)
    DMA1_Stream3_IRQHandler                  0x080002d3   Thumb Code     0  startup_stm32f767xx.o(.text)
    DMA1_Stream4_IRQHandler                  0x080002d3   Thumb Code     0  startup_stm32f767xx.o(.text)
    DMA1_Stream5_IRQHandler                  0x080002d3   Thumb Code     0  startup_stm32f767xx.o(.text)
    DMA1_Stream6_IRQHandler                  0x080002d3   Thumb Code     0  startup_stm32f767xx.o(.text)
    DMA1_Stream7_IRQHandler                  0x080002d3   Thumb Code     0  startup_stm32f767xx.o(.text)
    DMA2D_IRQHandler                         0x080002d3   Thumb Code     0  startup_stm32f767xx.o(.text)
    DMA2_Stream0_IRQHandler                  0x080002d3   Thumb Code     0  startup_stm32f767xx.o(.text)
    DMA2_Stream1_IRQHandler                  0x080002d3   Thumb Code     0  startup_stm32f767xx.o(.text)
    DMA2_Stream2_IRQHandler                  0x080002d3   Thumb Code     0  startup_stm32f767xx.o(.text)
    DMA2_Stream3_IRQHandler                  0x080002d3   Thumb Code     0  startup_stm32f767xx.o(.text)
    DMA2_Stream4_IRQHandler                  0x080002d3   Thumb Code     0  startup_stm32f767xx.o(.text)
    DMA2_Stream5_IRQHandler                  0x080002d3   Thumb Code     0  startup_stm32f767xx.o(.text)
    DMA2_Stream6_IRQHandler                  0x080002d3   Thumb Code     0  startup_stm32f767xx.o(.text)
    DMA2_Stream7_IRQHandler                  0x080002d3   Thumb Code     0  startup_stm32f767xx.o(.text)
    ETH_IRQHandler                           0x080002d3   Thumb Code     0  startup_stm32f767xx.o(.text)
    ETH_WKUP_IRQHandler                      0x080002d3   Thumb Code     0  startup_stm32f767xx.o(.text)
    EXTI0_IRQHandler                         0x080002d3   Thumb Code     0  startup_stm32f767xx.o(.text)
    EXTI15_10_IRQHandler                     0x080002d3   Thumb Code     0  startup_stm32f767xx.o(.text)
    EXTI1_IRQHandler                         0x080002d3   Thumb Code     0  startup_stm32f767xx.o(.text)
    EXTI2_IRQHandler                         0x080002d3   Thumb Code     0  startup_stm32f767xx.o(.text)
    EXTI3_IRQHandler                         0x080002d3   Thumb Code     0  startup_stm32f767xx.o(.text)
    EXTI4_IRQHandler                         0x080002d3   Thumb Code     0  startup_stm32f767xx.o(.text)
    EXTI9_5_IRQHandler                       0x080002d3   Thumb Code     0  startup_stm32f767xx.o(.text)
    FLASH_IRQHandler                         0x080002d3   Thumb Code     0  startup_stm32f767xx.o(.text)
    FMC_IRQHandler                           0x080002d3   Thumb Code     0  startup_stm32f767xx.o(.text)
    FPU_IRQHandler                           0x080002d3   Thumb Code     0  startup_stm32f767xx.o(.text)
    I2C1_ER_IRQHandler                       0x080002d3   Thumb Code     0  startup_stm32f767xx.o(.text)
    I2C1_EV_IRQHandler                       0x080002d3   Thumb Code     0  startup_stm32f767xx.o(.text)
    I2C2_ER_IRQHandler                       0x080002d3   Thumb Code     0  startup_stm32f767xx.o(.text)
    I2C2_EV_IRQHandler                       0x080002d3   Thumb Code     0  startup_stm32f767xx.o(.text)
    I2C3_ER_IRQHandler                       0x080002d3   Thumb Code     0  startup_stm32f767xx.o(.text)
    I2C3_EV_IRQHandler                       0x080002d3   Thumb Code     0  startup_stm32f767xx.o(.text)
    I2C4_ER_IRQHandler                       0x080002d3   Thumb Code     0  startup_stm32f767xx.o(.text)
    I2C4_EV_IRQHandler                       0x080002d3   Thumb Code     0  startup_stm32f767xx.o(.text)
    JPEG_IRQHandler                          0x080002d3   Thumb Code     0  startup_stm32f767xx.o(.text)
    LPTIM1_IRQHandler                        0x080002d3   Thumb Code     0  startup_stm32f767xx.o(.text)
    LTDC_ER_IRQHandler                       0x080002d3   Thumb Code     0  startup_stm32f767xx.o(.text)
    LTDC_IRQHandler                          0x080002d3   Thumb Code     0  startup_stm32f767xx.o(.text)
    MDIOS_IRQHandler                         0x080002d3   Thumb Code     0  startup_stm32f767xx.o(.text)
    OTG_FS_IRQHandler                        0x080002d3   Thumb Code     0  startup_stm32f767xx.o(.text)
    OTG_FS_WKUP_IRQHandler                   0x080002d3   Thumb Code     0  startup_stm32f767xx.o(.text)
    OTG_HS_EP1_IN_IRQHandler                 0x080002d3   Thumb Code     0  startup_stm32f767xx.o(.text)
    OTG_HS_EP1_OUT_IRQHandler                0x080002d3   Thumb Code     0  startup_stm32f767xx.o(.text)
    OTG_HS_IRQHandler                        0x080002d3   Thumb Code     0  startup_stm32f767xx.o(.text)
    OTG_HS_WKUP_IRQHandler                   0x080002d3   Thumb Code     0  startup_stm32f767xx.o(.text)
    PVD_IRQHandler                           0x080002d3   Thumb Code     0  startup_stm32f767xx.o(.text)
    QUADSPI_IRQHandler                       0x080002d3   Thumb Code     0  startup_stm32f767xx.o(.text)
    RCC_IRQHandler                           0x080002d3   Thumb Code     0  startup_stm32f767xx.o(.text)
    RNG_IRQHandler                           0x080002d3   Thumb Code     0  startup_stm32f767xx.o(.text)
    RTC_Alarm_IRQHandler                     0x080002d3   Thumb Code     0  startup_stm32f767xx.o(.text)
    RTC_WKUP_IRQHandler                      0x080002d3   Thumb Code     0  startup_stm32f767xx.o(.text)
    SAI1_IRQHandler                          0x080002d3   Thumb Code     0  startup_stm32f767xx.o(.text)
    SAI2_IRQHandler                          0x080002d3   Thumb Code     0  startup_stm32f767xx.o(.text)
    SDMMC1_IRQHandler                        0x080002d3   Thumb Code     0  startup_stm32f767xx.o(.text)
    SDMMC2_IRQHandler                        0x080002d3   Thumb Code     0  startup_stm32f767xx.o(.text)
    SPDIF_RX_IRQHandler                      0x080002d3   Thumb Code     0  startup_stm32f767xx.o(.text)
    SPI1_IRQHandler                          0x080002d3   Thumb Code     0  startup_stm32f767xx.o(.text)
    SPI2_IRQHandler                          0x080002d3   Thumb Code     0  startup_stm32f767xx.o(.text)
    SPI3_IRQHandler                          0x080002d3   Thumb Code     0  startup_stm32f767xx.o(.text)
    SPI4_IRQHandler                          0x080002d3   Thumb Code     0  startup_stm32f767xx.o(.text)
    SPI5_IRQHandler                          0x080002d3   Thumb Code     0  startup_stm32f767xx.o(.text)
    SPI6_IRQHandler                          0x080002d3   Thumb Code     0  startup_stm32f767xx.o(.text)
    TAMP_STAMP_IRQHandler                    0x080002d3   Thumb Code     0  startup_stm32f767xx.o(.text)
    TIM1_BRK_TIM9_IRQHandler                 0x080002d3   Thumb Code     0  startup_stm32f767xx.o(.text)
    TIM1_CC_IRQHandler                       0x080002d3   Thumb Code     0  startup_stm32f767xx.o(.text)
    TIM1_TRG_COM_TIM11_IRQHandler            0x080002d3   Thumb Code     0  startup_stm32f767xx.o(.text)
    TIM1_UP_TIM10_IRQHandler                 0x080002d3   Thumb Code     0  startup_stm32f767xx.o(.text)
    TIM2_IRQHandler                          0x080002d3   Thumb Code     0  startup_stm32f767xx.o(.text)
    TIM3_IRQHandler                          0x080002d3   Thumb Code     0  startup_stm32f767xx.o(.text)
    TIM4_IRQHandler                          0x080002d3   Thumb Code     0  startup_stm32f767xx.o(.text)
    TIM5_IRQHandler                          0x080002d3   Thumb Code     0  startup_stm32f767xx.o(.text)
    TIM6_DAC_IRQHandler                      0x080002d3   Thumb Code     0  startup_stm32f767xx.o(.text)
    TIM7_IRQHandler                          0x080002d3   Thumb Code     0  startup_stm32f767xx.o(.text)
    TIM8_BRK_TIM12_IRQHandler                0x080002d3   Thumb Code     0  startup_stm32f767xx.o(.text)
    TIM8_CC_IRQHandler                       0x080002d3   Thumb Code     0  startup_stm32f767xx.o(.text)
    TIM8_TRG_COM_TIM14_IRQHandler            0x080002d3   Thumb Code     0  startup_stm32f767xx.o(.text)
    TIM8_UP_TIM13_IRQHandler                 0x080002d3   Thumb Code     0  startup_stm32f767xx.o(.text)
    UART4_IRQHandler                         0x080002d3   Thumb Code     0  startup_stm32f767xx.o(.text)
    UART5_IRQHandler                         0x080002d3   Thumb Code     0  startup_stm32f767xx.o(.text)
    UART7_IRQHandler                         0x080002d3   Thumb Code     0  startup_stm32f767xx.o(.text)
    UART8_IRQHandler                         0x080002d3   Thumb Code     0  startup_stm32f767xx.o(.text)
    USART6_IRQHandler                        0x080002d3   Thumb Code     0  startup_stm32f767xx.o(.text)
    WWDG_IRQHandler                          0x080002d3   Thumb Code     0  startup_stm32f767xx.o(.text)
    __user_initial_stackheap                 0x080002d5   Thumb Code     0  startup_stm32f767xx.o(.text)
    __use_no_semihosting                     0x080002f9   Thumb Code     2  use_no_semi_2.o(.text)
    __aeabi_uldivmod                         0x080002fb   Thumb Code     0  lludivv7m.o(.text)
    _ll_udiv                                 0x080002fb   Thumb Code   238  lludivv7m.o(.text)
    __2printf                                0x080003e9   Thumb Code    20  noretval__2printf.o(.text)
    __printf                                 0x08000401   Thumb Code   104  __printf.o(.text)
    _printf_int_dec                          0x08000469   Thumb Code   104  _printf_dec.o(.text)
    __aeabi_memclr4                          0x080004e1   Thumb Code     0  rt_memclr_w.o(.text)
    __aeabi_memclr8                          0x080004e1   Thumb Code     0  rt_memclr_w.o(.text)
    __rt_memclr_w                            0x080004e1   Thumb Code    78  rt_memclr_w.o(.text)
    _memset_w                                0x080004e5   Thumb Code     0  rt_memclr_w.o(.text)
    __use_two_region_memory                  0x0800052f   Thumb Code     2  heapauxi.o(.text)
    __rt_heap_escrow$2region                 0x08000531   Thumb Code     2  heapauxi.o(.text)
    __rt_heap_expand$2region                 0x08000533   Thumb Code     2  heapauxi.o(.text)
    __semihosting$guard                      0x08000535   Thumb Code     0  use_no_semi.o(.text)
    __use_no_semihosting_swi                 0x08000535   Thumb Code     2  use_no_semi.o(.text)
    _printf_int_common                       0x08000537   Thumb Code   178  _printf_intcommon.o(.text)
    __lib_sel_fp_printf                      0x080005e9   Thumb Code     2  _printf_fp_dec.o(.text)
    _printf_fp_dec_real                      0x0800079b   Thumb Code   620  _printf_fp_dec.o(.text)
    _printf_char_file                        0x08000a09   Thumb Code    32  _printf_char_file.o(.text)
    __rt_locale                              0x08000a2d   Thumb Code     8  rt_locale_intlibspace.o(.text)
    _ll_udiv10                               0x08000a35   Thumb Code   138  lludiv10.o(.text)
    _printf_char_common                      0x08000acb   Thumb Code    32  _printf_char_common.o(.text)
    _printf_fp_infnan                        0x08000af1   Thumb Code   112  _printf_fp_infnan.o(.text)
    _btod_etento                             0x08000b71   Thumb Code   224  bigflt0.o(.text)
    ferror                                   0x08000c55   Thumb Code     8  ferror.o(.text)
    __user_libspace                          0x08000c5d   Thumb Code     8  libspace.o(.text)
    __user_perproc_libspace                  0x08000c5d   Thumb Code     0  libspace.o(.text)
    __user_perthread_libspace                0x08000c5d   Thumb Code     0  libspace.o(.text)
    __user_setup_stackheap                   0x08000c65   Thumb Code    74  sys_stackheap_outer.o(.text)
    exit                                     0x08000caf   Thumb Code    18  exit.o(.text)
    strcmp                                   0x08000cc1   Thumb Code   104  strcmpv7m_pel.o(.text)
    _btod_d2e                                0x08000d29   Thumb Code    62  btod.o(CL$$btod_d2e)
    _d2e_denorm_low                          0x08000d67   Thumb Code    70  btod.o(CL$$btod_d2e_denorm_low)
    _d2e_norm_op1                            0x08000dad   Thumb Code    96  btod.o(CL$$btod_d2e_norm_op1)
    __btod_div_common                        0x08000e0d   Thumb Code   696  btod.o(CL$$btod_div_common)
    _e2e                                     0x08001145   Thumb Code   220  btod.o(CL$$btod_e2e)
    _btod_ediv                               0x08001221   Thumb Code    42  btod.o(CL$$btod_ediv)
    _btod_emul                               0x0800124b   Thumb Code    42  btod.o(CL$$btod_emul)
    __btod_mult_common                       0x08001275   Thumb Code   580  btod.o(CL$$btod_mult_common)
    BusFault_Handler                         0x080014b9   Thumb Code     4  stm32f7xx_it.o(i.BusFault_Handler)
    DebugMon_Handler                         0x080014bd   Thumb Code     2  stm32f7xx_it.o(i.DebugMon_Handler)
    Encoder_Send_recv                        0x080014c1   Thumb Code    44  rls_encoder.o(i.Encoder_Send_recv)
    Error_Handler                            0x080014fd   Thumb Code     6  main.o(i.Error_Handler)
    Extract_Encoder_Data                     0x08001503   Thumb Code    86  rls_encoder.o(i.Extract_Encoder_Data)
    HAL_DMA_Abort                            0x08001559   Thumb Code   172  stm32f7xx_hal_dma.o(i.HAL_DMA_Abort)
    HAL_DMA_Abort_IT                         0x08001605   Thumb Code    40  stm32f7xx_hal_dma.o(i.HAL_DMA_Abort_IT)
    HAL_Delay                                0x0800162d   Thumb Code    36  stm32f7xx_hal.o(i.HAL_Delay)
    HAL_GPIO_Init                            0x08001655   Thumb Code   472  stm32f7xx_hal_gpio.o(i.HAL_GPIO_Init)
    HAL_GPIO_TogglePin                       0x08001861   Thumb Code    20  stm32f7xx_hal_gpio.o(i.HAL_GPIO_TogglePin)
    HAL_GPIO_WritePin                        0x08001875   Thumb Code    12  stm32f7xx_hal_gpio.o(i.HAL_GPIO_WritePin)
    HAL_GetTick                              0x08001881   Thumb Code     6  stm32f7xx_hal.o(i.HAL_GetTick)
    HAL_IncTick                              0x0800188d   Thumb Code    16  stm32f7xx_hal.o(i.HAL_IncTick)
    HAL_Init                                 0x080018a5   Thumb Code    22  stm32f7xx_hal.o(i.HAL_Init)
    HAL_InitTick                             0x080018bd   Thumb Code    64  stm32f7xx_hal.o(i.HAL_InitTick)
    HAL_MPU_ConfigRegion                     0x08001909   Thumb Code    88  stm32f7xx_hal_cortex.o(i.HAL_MPU_ConfigRegion)
    HAL_MPU_Disable                          0x08001965   Thumb Code    38  stm32f7xx_hal_cortex.o(i.HAL_MPU_Disable)
    HAL_MPU_Enable                           0x08001991   Thumb Code    58  stm32f7xx_hal_cortex.o(i.HAL_MPU_Enable)
    HAL_MspInit                              0x080019d1   Thumb Code    60  stm32f7xx_hal_msp.o(i.HAL_MspInit)
    HAL_NVIC_EnableIRQ                       0x08001a11   Thumb Code    32  stm32f7xx_hal_cortex.o(i.HAL_NVIC_EnableIRQ)
    HAL_NVIC_SetPriority                     0x08001a31   Thumb Code   124  stm32f7xx_hal_cortex.o(i.HAL_NVIC_SetPriority)
    HAL_NVIC_SetPriorityGrouping             0x08001aad   Thumb Code    32  stm32f7xx_hal_cortex.o(i.HAL_NVIC_SetPriorityGrouping)
    HAL_PWREx_EnableOverDrive                0x08001ad5   Thumb Code   136  stm32f7xx_hal_pwr_ex.o(i.HAL_PWREx_EnableOverDrive)
    HAL_PWR_EnableBkUpAccess                 0x08001b65   Thumb Code    14  stm32f7xx_hal_pwr.o(i.HAL_PWR_EnableBkUpAccess)
    HAL_RCCEx_PeriphCLKConfig                0x08001b79   Thumb Code  1880  stm32f7xx_hal_rcc_ex.o(i.HAL_RCCEx_PeriphCLKConfig)
    HAL_RCC_ClockConfig                      0x080022d5   Thumb Code   384  stm32f7xx_hal_rcc.o(i.HAL_RCC_ClockConfig)
    HAL_RCC_GetHCLKFreq                      0x08002469   Thumb Code     6  stm32f7xx_hal_rcc.o(i.HAL_RCC_GetHCLKFreq)
    HAL_RCC_GetPCLK1Freq                     0x08002475   Thumb Code    22  stm32f7xx_hal_rcc.o(i.HAL_RCC_GetPCLK1Freq)
    HAL_RCC_GetPCLK2Freq                     0x08002495   Thumb Code    22  stm32f7xx_hal_rcc.o(i.HAL_RCC_GetPCLK2Freq)
    HAL_RCC_GetSysClockFreq                  0x080024b5   Thumb Code   162  stm32f7xx_hal_rcc.o(i.HAL_RCC_GetSysClockFreq)
    HAL_RCC_OscConfig                        0x08002565   Thumb Code  1296  stm32f7xx_hal_rcc.o(i.HAL_RCC_OscConfig)
    HAL_SYSTICK_Config                       0x08002a79   Thumb Code    52  stm32f7xx_hal_cortex.o(i.HAL_SYSTICK_Config)
    HAL_UARTEx_ReceiveToIdle                 0x08002aad   Thumb Code   362  stm32f7xx_hal_uart_ex.o(i.HAL_UARTEx_ReceiveToIdle)
    HAL_UARTEx_RxEventCallback               0x08002c17   Thumb Code     2  stm32f7xx_hal_uart.o(i.HAL_UARTEx_RxEventCallback)
    HAL_UARTEx_WakeupCallback                0x08002c19   Thumb Code     2  stm32f7xx_hal_uart.o(i.HAL_UARTEx_WakeupCallback)
    HAL_UART_ErrorCallback                   0x08002c1b   Thumb Code     2  stm32f7xx_hal_uart.o(i.HAL_UART_ErrorCallback)
    HAL_UART_IRQHandler                      0x08002c1d   Thumb Code   838  stm32f7xx_hal_uart.o(i.HAL_UART_IRQHandler)
    HAL_UART_Init                            0x08002f6d   Thumb Code   116  stm32f7xx_hal_uart.o(i.HAL_UART_Init)
    HAL_UART_MspInit                         0x08002fe1   Thumb Code   466  usart.o(i.HAL_UART_MspInit)
    HAL_UART_Receive_IT                      0x080031cd   Thumb Code    80  stm32f7xx_hal_uart.o(i.HAL_UART_Receive_IT)
    HAL_UART_RxCpltCallback                  0x0800321d   Thumb Code    38  main.o(i.HAL_UART_RxCpltCallback)
    HAL_UART_Transmit                        0x08003255   Thumb Code   178  stm32f7xx_hal_uart.o(i.HAL_UART_Transmit)
    HAL_UART_TxCpltCallback                  0x08003307   Thumb Code     2  stm32f7xx_hal_uart.o(i.HAL_UART_TxCpltCallback)
    HardFault_Handler                        0x08003309   Thumb Code     4  stm32f7xx_it.o(i.HardFault_Handler)
    MX_GPIO_Init                             0x08003365   Thumb Code   168  gpio.o(i.MX_GPIO_Init)
    MX_USART1_UART_Init                      0x08003415   Thumb Code    54  usart.o(i.MX_USART1_UART_Init)
    MX_USART2_UART_Init                      0x08003459   Thumb Code    56  usart.o(i.MX_USART2_UART_Init)
    MX_USART3_UART_Init                      0x08003499   Thumb Code    56  usart.o(i.MX_USART3_UART_Init)
    MemManage_Handler                        0x080034d9   Thumb Code     4  stm32f7xx_it.o(i.MemManage_Handler)
    NMI_Handler                              0x080034dd   Thumb Code     4  stm32f7xx_it.o(i.NMI_Handler)
    PendSV_Handler                           0x080034e1   Thumb Code     2  stm32f7xx_it.o(i.PendSV_Handler)
    SERVO_Send_recv                          0x080034e5   Thumb Code   138  go-m8010-6.o(i.SERVO_Send_recv)
    SVC_Handler                              0x08003579   Thumb Code     2  stm32f7xx_it.o(i.SVC_Handler)
    SysTick_Handler                          0x0800357b   Thumb Code     8  stm32f7xx_it.o(i.SysTick_Handler)
    SystemClock_Config                       0x08003585   Thumb Code   178  main.o(i.SystemClock_Config)
    SystemInit                               0x08003641   Thumb Code    14  system_stm32f7xx.o(i.SystemInit)
    UART_AdvFeatureConfig                    0x08003655   Thumb Code   248  stm32f7xx_hal_uart.o(i.UART_AdvFeatureConfig)
    UART_CheckIdleState                      0x0800374d   Thumb Code   118  stm32f7xx_hal_uart.o(i.UART_CheckIdleState)
    UART_SetConfig                           0x08003a15   Thumb Code   782  stm32f7xx_hal_uart.o(i.UART_SetConfig)
    UART_Start_Receive_IT                    0x08003d51   Thumb Code   234  stm32f7xx_hal_uart.o(i.UART_Start_Receive_IT)
    UART_WaitOnFlagUntilTimeout              0x08003e45   Thumb Code   252  stm32f7xx_hal_uart.o(i.UART_WaitOnFlagUntilTimeout)
    USART1_IRQHandler                        0x08003f41   Thumb Code    10  stm32f7xx_it.o(i.USART1_IRQHandler)
    USART2_IRQHandler                        0x08003f51   Thumb Code    10  stm32f7xx_it.o(i.USART2_IRQHandler)
    USART3_IRQHandler                        0x08003f61   Thumb Code    10  stm32f7xx_it.o(i.USART3_IRQHandler)
    UsageFault_Handler                       0x08003f71   Thumb Code     4  stm32f7xx_it.o(i.UsageFault_Handler)
    __ARM_fpclassify                         0x08003f75   Thumb Code    48  fpclassify.o(i.__ARM_fpclassify)
    _sys_exit                                0x08003fdd   Thumb Code     4  usart.o(i._sys_exit)
    extract_data                             0x08004021   Thumb Code   200  go-m8010-6.o(i.extract_data)
    fputc                                    0x08004101   Thumb Code    22  usart.o(i.fputc)
    main                                     0x0800411d   Thumb Code   356  main.o(i.main)
    modify_data                              0x080042cd   Thumb Code   486  go-m8010-6.o(i.modify_data)
    _get_lc_numeric                          0x080044e5   Thumb Code    44  lc_numeric_c.o(locale$$code)
    _fp_init                                 0x08004511   Thumb Code    10  fpinit.o(x$fpl$fpinit)
    __fplib_config_fpu_vfp                   0x08004519   Thumb Code     0  fpinit.o(x$fpl$fpinit)
    __fplib_config_pureend_doubles           0x08004519   Thumb Code     0  fpinit.o(x$fpl$fpinit)
    _printf_fp_dec                           0x0800451b   Thumb Code     4  printf1.o(x$fpl$printf1)
    __I$use$fp                               0x0800451e   Number         0  usenofp.o(x$fpl$usenofp)
    crc_ccitt_table                          0x0800451e   Data         512  go-m8010-6.o(.constdata)
    AHBPrescTable                            0x0800471e   Data          16  system_stm32f7xx.o(.constdata)
    APBPrescTable                            0x0800472e   Data           8  system_stm32f7xx.o(.constdata)
    Region$$Table$$Base                      0x080047cc   Number         0  anon$$obj.o(Region$$Table)
    Region$$Table$$Limit                     0x080047ec   Number         0  anon$$obj.o(Region$$Table)
    blow_position                            0x20000000   Data           4  main.o(.data)
    __stdout                                 0x20000004   Data           4  usart.o(.data)
    USART_RX_STA                             0x20000008   Data           2  usart.o(.data)
    uwTick                                   0x2000000c   Data           4  stm32f7xx_hal.o(.data)
    uwTickPrio                               0x20000010   Data           4  stm32f7xx_hal.o(.data)
    uwTickFreq                               0x20000014   Data           1  stm32f7xx_hal.o(.data)
    SystemCoreClock                          0x20000018   Data           4  system_stm32f7xx.o(.data)
    g_encoder_recv_buf                       0x2000001c   Data          13  rls_encoder.o(.bss)
    cmd                                      0x20000030   Data          64  main.o(.bss)
    data                                     0x20000070   Data          64  main.o(.bss)
    huart1                                   0x200000b0   Data         136  usart.o(.bss)
    huart2                                   0x20000138   Data         136  usart.o(.bss)
    huart3                                   0x200001c0   Data         136  usart.o(.bss)
    __libspace_start                         0x20000248   Data          96  libspace.o(.bss)
    __temporary_stack_top$libspace           0x200002a8   Data           0  libspace.o(.bss)



==============================================================================

Memory Map of the image

  Image Entry point : 0x080001f9

  Load Region LR_IROM1 (Base: 0x08000000, Size: 0x00004824, Max: 0x00200000, ABSOLUTE)

    Execution Region ER_IROM1 (Exec base: 0x08000000, Load base: 0x08000000, Size: 0x00004808, Max: 0x00200000, ABSOLUTE)

    Exec Addr    Load Addr    Size         Type   Attr      Idx    E Section Name        Object

    0x08000000   0x08000000   0x000001f8   Data   RO            3    RESET               startup_stm32f767xx.o
    0x080001f8   0x080001f8   0x00000008   Code   RO         2878  * !!!main             c_w.l(__main.o)
    0x08000200   0x08000200   0x00000034   Code   RO         3101    !!!scatter          c_w.l(__scatter.o)
    0x08000234   0x08000234   0x0000001a   Code   RO         3103    !!handler_copy      c_w.l(__scatter_copy.o)
    0x0800024e   0x0800024e   0x00000002   PAD
    0x08000250   0x08000250   0x0000001c   Code   RO         3105    !!handler_zi        c_w.l(__scatter_zi.o)
    0x0800026c   0x0800026c   0x00000000   Code   RO         2873    .ARM.Collect$$_printf_percent$$00000000  c_w.l(_printf_percent.o)
    0x0800026c   0x0800026c   0x00000006   Code   RO         2872    .ARM.Collect$$_printf_percent$$00000003  c_w.l(_printf_f.o)
    0x08000272   0x08000272   0x00000006   Code   RO         2871    .ARM.Collect$$_printf_percent$$00000009  c_w.l(_printf_d.o)
    0x08000278   0x08000278   0x00000004   Code   RO         2895    .ARM.Collect$$_printf_percent$$00000017  c_w.l(_printf_percent_end.o)
    0x0800027c   0x0800027c   0x00000002   Code   RO         2981    .ARM.Collect$$libinit$$00000000  c_w.l(libinit.o)
    0x0800027e   0x0800027e   0x00000004   Code   RO         2982    .ARM.Collect$$libinit$$00000001  c_w.l(libinit2.o)
    0x08000282   0x08000282   0x00000000   Code   RO         2985    .ARM.Collect$$libinit$$00000004  c_w.l(libinit2.o)
    0x08000282   0x08000282   0x00000000   Code   RO         2988    .ARM.Collect$$libinit$$0000000A  c_w.l(libinit2.o)
    0x08000282   0x08000282   0x00000000   Code   RO         2990    .ARM.Collect$$libinit$$0000000C  c_w.l(libinit2.o)
    0x08000282   0x08000282   0x00000000   Code   RO         2992    .ARM.Collect$$libinit$$0000000E  c_w.l(libinit2.o)
    0x08000282   0x08000282   0x00000006   Code   RO         2993    .ARM.Collect$$libinit$$0000000F  c_w.l(libinit2.o)
    0x08000288   0x08000288   0x00000000   Code   RO         2995    .ARM.Collect$$libinit$$00000011  c_w.l(libinit2.o)
    0x08000288   0x08000288   0x00000000   Code   RO         2997    .ARM.Collect$$libinit$$00000013  c_w.l(libinit2.o)
    0x08000288   0x08000288   0x00000000   Code   RO         2999    .ARM.Collect$$libinit$$00000015  c_w.l(libinit2.o)
    0x08000288   0x08000288   0x0000000a   Code   RO         3000    .ARM.Collect$$libinit$$00000016  c_w.l(libinit2.o)
    0x08000292   0x08000292   0x00000000   Code   RO         3001    .ARM.Collect$$libinit$$00000017  c_w.l(libinit2.o)
    0x08000292   0x08000292   0x00000000   Code   RO         3003    .ARM.Collect$$libinit$$00000019  c_w.l(libinit2.o)
    0x08000292   0x08000292   0x00000000   Code   RO         3005    .ARM.Collect$$libinit$$0000001B  c_w.l(libinit2.o)
    0x08000292   0x08000292   0x00000000   Code   RO         3007    .ARM.Collect$$libinit$$0000001D  c_w.l(libinit2.o)
    0x08000292   0x08000292   0x00000000   Code   RO         3009    .ARM.Collect$$libinit$$0000001F  c_w.l(libinit2.o)
    0x08000292   0x08000292   0x00000000   Code   RO         3011    .ARM.Collect$$libinit$$00000021  c_w.l(libinit2.o)
    0x08000292   0x08000292   0x00000000   Code   RO         3013    .ARM.Collect$$libinit$$00000023  c_w.l(libinit2.o)
    0x08000292   0x08000292   0x00000000   Code   RO         3015    .ARM.Collect$$libinit$$00000025  c_w.l(libinit2.o)
    0x08000292   0x08000292   0x00000000   Code   RO         3019    .ARM.Collect$$libinit$$0000002C  c_w.l(libinit2.o)
    0x08000292   0x08000292   0x00000000   Code   RO         3021    .ARM.Collect$$libinit$$0000002E  c_w.l(libinit2.o)
    0x08000292   0x08000292   0x00000000   Code   RO         3023    .ARM.Collect$$libinit$$00000030  c_w.l(libinit2.o)
    0x08000292   0x08000292   0x00000000   Code   RO         3025    .ARM.Collect$$libinit$$00000032  c_w.l(libinit2.o)
    0x08000292   0x08000292   0x00000002   Code   RO         3026    .ARM.Collect$$libinit$$00000033  c_w.l(libinit2.o)
    0x08000294   0x08000294   0x00000002   Code   RO         3064    .ARM.Collect$$libshutdown$$00000000  c_w.l(libshutdown.o)
    0x08000296   0x08000296   0x00000000   Code   RO         3082    .ARM.Collect$$libshutdown$$00000002  c_w.l(libshutdown2.o)
    0x08000296   0x08000296   0x00000000   Code   RO         3084    .ARM.Collect$$libshutdown$$00000004  c_w.l(libshutdown2.o)
    0x08000296   0x08000296   0x00000000   Code   RO         3086    .ARM.Collect$$libshutdown$$00000006  c_w.l(libshutdown2.o)
    0x08000296   0x08000296   0x00000000   Code   RO         3089    .ARM.Collect$$libshutdown$$00000009  c_w.l(libshutdown2.o)
    0x08000296   0x08000296   0x00000000   Code   RO         3092    .ARM.Collect$$libshutdown$$0000000C  c_w.l(libshutdown2.o)
    0x08000296   0x08000296   0x00000000   Code   RO         3094    .ARM.Collect$$libshutdown$$0000000E  c_w.l(libshutdown2.o)
    0x08000296   0x08000296   0x00000000   Code   RO         3097    .ARM.Collect$$libshutdown$$00000011  c_w.l(libshutdown2.o)
    0x08000296   0x08000296   0x00000002   Code   RO         3098    .ARM.Collect$$libshutdown$$00000012  c_w.l(libshutdown2.o)
    0x08000298   0x08000298   0x00000000   Code   RO         2884    .ARM.Collect$$rtentry$$00000000  c_w.l(__rtentry.o)
    0x08000298   0x08000298   0x00000000   Code   RO         2897    .ARM.Collect$$rtentry$$00000002  c_w.l(__rtentry2.o)
    0x08000298   0x08000298   0x00000006   Code   RO         2909    .ARM.Collect$$rtentry$$00000004  c_w.l(__rtentry4.o)
    0x0800029e   0x0800029e   0x00000000   Code   RO         2899    .ARM.Collect$$rtentry$$00000009  c_w.l(__rtentry2.o)
    0x0800029e   0x0800029e   0x00000004   Code   RO         2900    .ARM.Collect$$rtentry$$0000000A  c_w.l(__rtentry2.o)
    0x080002a2   0x080002a2   0x00000000   Code   RO         2902    .ARM.Collect$$rtentry$$0000000C  c_w.l(__rtentry2.o)
    0x080002a2   0x080002a2   0x00000008   Code   RO         2903    .ARM.Collect$$rtentry$$0000000D  c_w.l(__rtentry2.o)
    0x080002aa   0x080002aa   0x00000002   Code   RO         3027    .ARM.Collect$$rtexit$$00000000  c_w.l(rtexit.o)
    0x080002ac   0x080002ac   0x00000000   Code   RO         3040    .ARM.Collect$$rtexit$$00000002  c_w.l(rtexit2.o)
    0x080002ac   0x080002ac   0x00000004   Code   RO         3041    .ARM.Collect$$rtexit$$00000003  c_w.l(rtexit2.o)
    0x080002b0   0x080002b0   0x00000006   Code   RO         3042    .ARM.Collect$$rtexit$$00000004  c_w.l(rtexit2.o)
    0x080002b6   0x080002b6   0x00000002   PAD
    0x080002b8   0x080002b8   0x00000040   Code   RO            4    .text               startup_stm32f767xx.o
    0x080002f8   0x080002f8   0x00000002   Code   RO         2839    .text               c_w.l(use_no_semi_2.o)
    0x080002fa   0x080002fa   0x000000ee   Code   RO         2841    .text               c_w.l(lludivv7m.o)
    0x080003e8   0x080003e8   0x00000018   Code   RO         2845    .text               c_w.l(noretval__2printf.o)
    0x08000400   0x08000400   0x00000068   Code   RO         2847    .text               c_w.l(__printf.o)
    0x08000468   0x08000468   0x00000078   Code   RO         2849    .text               c_w.l(_printf_dec.o)
    0x080004e0   0x080004e0   0x0000004e   Code   RO         2874    .text               c_w.l(rt_memclr_w.o)
    0x0800052e   0x0800052e   0x00000006   Code   RO         2876    .text               c_w.l(heapauxi.o)
    0x08000534   0x08000534   0x00000002   Code   RO         2882    .text               c_w.l(use_no_semi.o)
    0x08000536   0x08000536   0x000000b2   Code   RO         2889    .text               c_w.l(_printf_intcommon.o)
    0x080005e8   0x080005e8   0x0000041e   Code   RO         2891    .text               c_w.l(_printf_fp_dec.o)
    0x08000a06   0x08000a06   0x00000002   PAD
    0x08000a08   0x08000a08   0x00000024   Code   RO         2893    .text               c_w.l(_printf_char_file.o)
    0x08000a2c   0x08000a2c   0x00000008   Code   RO         2916    .text               c_w.l(rt_locale_intlibspace.o)
    0x08000a34   0x08000a34   0x0000008a   Code   RO         2918    .text               c_w.l(lludiv10.o)
    0x08000abe   0x08000abe   0x00000002   PAD
    0x08000ac0   0x08000ac0   0x00000030   Code   RO         2920    .text               c_w.l(_printf_char_common.o)
    0x08000af0   0x08000af0   0x00000080   Code   RO         2922    .text               c_w.l(_printf_fp_infnan.o)
    0x08000b70   0x08000b70   0x000000e4   Code   RO         2924    .text               c_w.l(bigflt0.o)
    0x08000c54   0x08000c54   0x00000008   Code   RO         2949    .text               c_w.l(ferror.o)
    0x08000c5c   0x08000c5c   0x00000008   Code   RO         2961    .text               c_w.l(libspace.o)
    0x08000c64   0x08000c64   0x0000004a   Code   RO         2964    .text               c_w.l(sys_stackheap_outer.o)
    0x08000cae   0x08000cae   0x00000012   Code   RO         2968    .text               c_w.l(exit.o)
    0x08000cc0   0x08000cc0   0x00000068   Code   RO         2974    .text               c_w.l(strcmpv7m_pel.o)
    0x08000d28   0x08000d28   0x0000003e   Code   RO         2927    CL$$btod_d2e        c_w.l(btod.o)
    0x08000d66   0x08000d66   0x00000046   Code   RO         2929    CL$$btod_d2e_denorm_low  c_w.l(btod.o)
    0x08000dac   0x08000dac   0x00000060   Code   RO         2928    CL$$btod_d2e_norm_op1  c_w.l(btod.o)
    0x08000e0c   0x08000e0c   0x00000338   Code   RO         2937    CL$$btod_div_common  c_w.l(btod.o)
    0x08001144   0x08001144   0x000000dc   Code   RO         2934    CL$$btod_e2e        c_w.l(btod.o)
    0x08001220   0x08001220   0x0000002a   Code   RO         2931    CL$$btod_ediv       c_w.l(btod.o)
    0x0800124a   0x0800124a   0x0000002a   Code   RO         2930    CL$$btod_emul       c_w.l(btod.o)
    0x08001274   0x08001274   0x00000244   Code   RO         2936    CL$$btod_mult_common  c_w.l(btod.o)
    0x080014b8   0x080014b8   0x00000004   Code   RO          383    i.BusFault_Handler  stm32f7xx_it.o
    0x080014bc   0x080014bc   0x00000002   Code   RO          384    i.DebugMon_Handler  stm32f7xx_it.o
    0x080014be   0x080014be   0x00000002   PAD
    0x080014c0   0x080014c0   0x0000003c   Code   RO          176    i.Encoder_Send_recv  rls_encoder.o
    0x080014fc   0x080014fc   0x00000006   Code   RO          212    i.Error_Handler     main.o
    0x08001502   0x08001502   0x00000056   Code   RO          177    i.Extract_Encoder_Data  rls_encoder.o
    0x08001558   0x08001558   0x000000ac   Code   RO         1647    i.HAL_DMA_Abort     stm32f7xx_hal_dma.o
    0x08001604   0x08001604   0x00000028   Code   RO         1648    i.HAL_DMA_Abort_IT  stm32f7xx_hal_dma.o
    0x0800162c   0x0800162c   0x00000028   Code   RO         2014    i.HAL_Delay         stm32f7xx_hal.o
    0x08001654   0x08001654   0x0000020c   Code   RO         1581    i.HAL_GPIO_Init     stm32f7xx_hal_gpio.o
    0x08001860   0x08001860   0x00000014   Code   RO         1584    i.HAL_GPIO_TogglePin  stm32f7xx_hal_gpio.o
    0x08001874   0x08001874   0x0000000c   Code   RO         1585    i.HAL_GPIO_WritePin  stm32f7xx_hal_gpio.o
    0x08001880   0x08001880   0x0000000c   Code   RO         2024    i.HAL_GetTick       stm32f7xx_hal.o
    0x0800188c   0x0800188c   0x00000018   Code   RO         2030    i.HAL_IncTick       stm32f7xx_hal.o
    0x080018a4   0x080018a4   0x00000016   Code   RO         2031    i.HAL_Init          stm32f7xx_hal.o
    0x080018ba   0x080018ba   0x00000002   PAD
    0x080018bc   0x080018bc   0x0000004c   Code   RO         2032    i.HAL_InitTick      stm32f7xx_hal.o
    0x08001908   0x08001908   0x0000005c   Code   RO          521    i.HAL_MPU_ConfigRegion  stm32f7xx_hal_cortex.o
    0x08001964   0x08001964   0x0000002c   Code   RO          522    i.HAL_MPU_Disable   stm32f7xx_hal_cortex.o
    0x08001990   0x08001990   0x00000040   Code   RO          523    i.HAL_MPU_Enable    stm32f7xx_hal_cortex.o
    0x080019d0   0x080019d0   0x00000040   Code   RO          476    i.HAL_MspInit       stm32f7xx_hal_msp.o
    0x08001a10   0x08001a10   0x00000020   Code   RO          526    i.HAL_NVIC_EnableIRQ  stm32f7xx_hal_cortex.o
    0x08001a30   0x08001a30   0x0000007c   Code   RO          532    i.HAL_NVIC_SetPriority  stm32f7xx_hal_cortex.o
    0x08001aac   0x08001aac   0x00000028   Code   RO          533    i.HAL_NVIC_SetPriorityGrouping  stm32f7xx_hal_cortex.o
    0x08001ad4   0x08001ad4   0x00000090   Code   RO         1921    i.HAL_PWREx_EnableOverDrive  stm32f7xx_hal_pwr_ex.o
    0x08001b64   0x08001b64   0x00000014   Code   RO         1798    i.HAL_PWR_EnableBkUpAccess  stm32f7xx_hal_pwr.o
    0x08001b78   0x08001b78   0x0000075c   Code   RO         1297    i.HAL_RCCEx_PeriphCLKConfig  stm32f7xx_hal_rcc_ex.o
    0x080022d4   0x080022d4   0x00000194   Code   RO         1190    i.HAL_RCC_ClockConfig  stm32f7xx_hal_rcc.o
    0x08002468   0x08002468   0x0000000c   Code   RO         1195    i.HAL_RCC_GetHCLKFreq  stm32f7xx_hal_rcc.o
    0x08002474   0x08002474   0x00000020   Code   RO         1197    i.HAL_RCC_GetPCLK1Freq  stm32f7xx_hal_rcc.o
    0x08002494   0x08002494   0x00000020   Code   RO         1198    i.HAL_RCC_GetPCLK2Freq  stm32f7xx_hal_rcc.o
    0x080024b4   0x080024b4   0x000000b0   Code   RO         1199    i.HAL_RCC_GetSysClockFreq  stm32f7xx_hal_rcc.o
    0x08002564   0x08002564   0x00000514   Code   RO         1202    i.HAL_RCC_OscConfig  stm32f7xx_hal_rcc.o
    0x08002a78   0x08002a78   0x00000034   Code   RO          537    i.HAL_SYSTICK_Config  stm32f7xx_hal_cortex.o
    0x08002aac   0x08002aac   0x0000016a   Code   RO         1107    i.HAL_UARTEx_ReceiveToIdle  stm32f7xx_hal_uart_ex.o
    0x08002c16   0x08002c16   0x00000002   Code   RO          706    i.HAL_UARTEx_RxEventCallback  stm32f7xx_hal_uart.o
    0x08002c18   0x08002c18   0x00000002   Code   RO          707    i.HAL_UARTEx_WakeupCallback  stm32f7xx_hal_uart.o
    0x08002c1a   0x08002c1a   0x00000002   Code   RO          723    i.HAL_UART_ErrorCallback  stm32f7xx_hal_uart.o
    0x08002c1c   0x08002c1c   0x00000350   Code   RO          726    i.HAL_UART_IRQHandler  stm32f7xx_hal_uart.o
    0x08002f6c   0x08002f6c   0x00000074   Code   RO          727    i.HAL_UART_Init     stm32f7xx_hal_uart.o
    0x08002fe0   0x08002fe0   0x000001ec   Code   RO          301    i.HAL_UART_MspInit  usart.o
    0x080031cc   0x080031cc   0x00000050   Code   RO          732    i.HAL_UART_Receive_IT  stm32f7xx_hal_uart.o
    0x0800321c   0x0800321c   0x00000038   Code   RO          213    i.HAL_UART_RxCpltCallback  main.o
    0x08003254   0x08003254   0x000000b2   Code   RO          736    i.HAL_UART_Transmit  stm32f7xx_hal_uart.o
    0x08003306   0x08003306   0x00000002   Code   RO          739    i.HAL_UART_TxCpltCallback  stm32f7xx_hal_uart.o
    0x08003308   0x08003308   0x00000004   Code   RO          385    i.HardFault_Handler  stm32f7xx_it.o
    0x0800330c   0x0800330c   0x00000056   Code   RO          214    i.MPU_Config        main.o
    0x08003362   0x08003362   0x00000002   PAD
    0x08003364   0x08003364   0x000000b0   Code   RO          276    i.MX_GPIO_Init      gpio.o
    0x08003414   0x08003414   0x00000044   Code   RO          302    i.MX_USART1_UART_Init  usart.o
    0x08003458   0x08003458   0x00000040   Code   RO          303    i.MX_USART2_UART_Init  usart.o
    0x08003498   0x08003498   0x00000040   Code   RO          304    i.MX_USART3_UART_Init  usart.o
    0x080034d8   0x080034d8   0x00000004   Code   RO          386    i.MemManage_Handler  stm32f7xx_it.o
    0x080034dc   0x080034dc   0x00000004   Code   RO          387    i.NMI_Handler       stm32f7xx_it.o
    0x080034e0   0x080034e0   0x00000002   Code   RO          388    i.PendSV_Handler    stm32f7xx_it.o
    0x080034e2   0x080034e2   0x00000002   PAD
    0x080034e4   0x080034e4   0x00000094   Code   RO           13    i.SERVO_Send_recv   go-m8010-6.o
    0x08003578   0x08003578   0x00000002   Code   RO          389    i.SVC_Handler       stm32f7xx_it.o
    0x0800357a   0x0800357a   0x00000008   Code   RO          390    i.SysTick_Handler   stm32f7xx_it.o
    0x08003582   0x08003582   0x00000002   PAD
    0x08003584   0x08003584   0x000000bc   Code   RO          216    i.SystemClock_Config  main.o
    0x08003640   0x08003640   0x00000014   Code   RO         2804    i.SystemInit        system_stm32f7xx.o
    0x08003654   0x08003654   0x000000f8   Code   RO          741    i.UART_AdvFeatureConfig  stm32f7xx_hal_uart.o
    0x0800374c   0x0800374c   0x00000076   Code   RO          742    i.UART_CheckIdleState  stm32f7xx_hal_uart.o
    0x080037c2   0x080037c2   0x00000018   Code   RO          743    i.UART_DMAAbortOnError  stm32f7xx_hal_uart.o
    0x080037da   0x080037da   0x00000066   Code   RO          753    i.UART_EndRxTransfer  stm32f7xx_hal_uart.o
    0x08003840   0x08003840   0x0000002e   Code   RO          754    i.UART_EndTransmit_IT  stm32f7xx_hal_uart.o
    0x0800386e   0x0800386e   0x000000d4   Code   RO          756    i.UART_RxISR_16BIT  stm32f7xx_hal_uart.o
    0x08003942   0x08003942   0x000000d0   Code   RO          757    i.UART_RxISR_8BIT   stm32f7xx_hal_uart.o
    0x08003a12   0x08003a12   0x00000002   PAD
    0x08003a14   0x08003a14   0x0000033c   Code   RO          758    i.UART_SetConfig    stm32f7xx_hal_uart.o
    0x08003d50   0x08003d50   0x000000f4   Code   RO          760    i.UART_Start_Receive_IT  stm32f7xx_hal_uart.o
    0x08003e44   0x08003e44   0x000000fc   Code   RO          763    i.UART_WaitOnFlagUntilTimeout  stm32f7xx_hal_uart.o
    0x08003f40   0x08003f40   0x00000010   Code   RO          391    i.USART1_IRQHandler  stm32f7xx_it.o
    0x08003f50   0x08003f50   0x00000010   Code   RO          392    i.USART2_IRQHandler  stm32f7xx_it.o
    0x08003f60   0x08003f60   0x00000010   Code   RO          393    i.USART3_IRQHandler  stm32f7xx_it.o
    0x08003f70   0x08003f70   0x00000004   Code   RO          394    i.UsageFault_Handler  stm32f7xx_it.o
    0x08003f74   0x08003f74   0x00000030   Code   RO         2959    i.__ARM_fpclassify  m_wv.l(fpclassify.o)
    0x08003fa4   0x08003fa4   0x00000010   Code   RO          539    i.__NVIC_GetPriorityGrouping  stm32f7xx_hal_cortex.o
    0x08003fb4   0x08003fb4   0x00000028   Code   RO          540    i.__NVIC_SetPriority  stm32f7xx_hal_cortex.o
    0x08003fdc   0x08003fdc   0x00000004   Code   RO          306    i._sys_exit         usart.o
    0x08003fe0   0x08003fe0   0x00000028   Code   RO           14    i.crc_ccitt         go-m8010-6.o
    0x08004008   0x08004008   0x00000018   Code   RO           15    i.crc_ccitt_byte    go-m8010-6.o
    0x08004020   0x08004020   0x000000e0   Code   RO           16    i.extract_data      go-m8010-6.o
    0x08004100   0x08004100   0x0000001c   Code   RO          308    i.fputc             usart.o
    0x0800411c   0x0800411c   0x000001b0   Code   RO          217    i.main              main.o
    0x080042cc   0x080042cc   0x00000218   Code   RO           17    i.modify_data       go-m8010-6.o
    0x080044e4   0x080044e4   0x0000002c   Code   RO         2954    locale$$code        c_w.l(lc_numeric_c.o)
    0x08004510   0x08004510   0x0000000a   Code   RO         3037    x$fpl$fpinit        fz_wv.l(fpinit.o)
    0x0800451a   0x0800451a   0x00000004   Code   RO         2880    x$fpl$printf1       fz_wv.l(printf1.o)
    0x0800451e   0x0800451e   0x00000000   Code   RO         2958    x$fpl$usenofp       fz_wv.l(usenofp.o)
    0x0800451e   0x0800451e   0x00000200   Data   RO           18    .constdata          go-m8010-6.o
    0x0800471e   0x0800471e   0x00000018   Data   RO         2805    .constdata          system_stm32f7xx.o
    0x08004736   0x08004736   0x00000002   PAD
    0x08004738   0x08004738   0x00000094   Data   RO         2925    .constdata          c_w.l(bigflt0.o)
    0x080047cc   0x080047cc   0x00000020   Data   RO         3099    Region$$Table       anon$$obj.o
    0x080047ec   0x080047ec   0x0000001c   Data   RO         2953    locale$$data        c_w.l(lc_numeric_c.o)


    Execution Region RW_IRAM1 (Exec base: 0x20000000, Load base: 0x08004808, Size: 0x000008a8, Max: 0x00080000, ABSOLUTE)

    Exec Addr    Load Addr    Size         Type   Attr      Idx    E Section Name        Object

    0x20000000   0x08004808   0x00000004   Data   RW          219    .data               main.o
    0x20000004   0x0800480c   0x00000006   Data   RW          310    .data               usart.o
    0x2000000a   0x08004812   0x00000002   PAD
    0x2000000c   0x08004814   0x00000009   Data   RW         2038    .data               stm32f7xx_hal.o
    0x20000015   0x0800481d   0x00000003   PAD
    0x20000018   0x08004820   0x00000004   Data   RW         2806    .data               system_stm32f7xx.o
    0x2000001c        -       0x0000000d   Zero   RW          178    .bss                rls_encoder.o
    0x20000029   0x08004824   0x00000007   PAD
    0x20000030        -       0x00000080   Zero   RW          218    .bss                main.o
    0x200000b0        -       0x00000198   Zero   RW          309    .bss                usart.o
    0x20000248        -       0x00000060   Zero   RW         2962    .bss                c_w.l(libspace.o)
    0x200002a8        -       0x00000200   Zero   RW            2    HEAP                startup_stm32f767xx.o
    0x200004a8        -       0x00000400   Zero   RW            1    STACK               startup_stm32f767xx.o


==============================================================================

Image component sizes


      Code (inc. data)   RO Data    RW Data    ZI Data      Debug   Object Name

       972         88        512          0          0     850057   go-m8010-6.o
       176          8          0          0          0       1023   gpio.o
       768        104          0          4        128       4011   main.o
       146         16          0          0         13       2308   rls_encoder.o
        64         26        504          0       1536        876   startup_stm32f767xx.o
       174         30          0          9          0       9429   stm32f7xx_hal.o
       504         38          0          0          0      41905   stm32f7xx_hal_cortex.o
       212          0          0          0          0       2063   stm32f7xx_hal_dma.o
       556         52          0          0          0       2913   stm32f7xx_hal_gpio.o
        64          4          0          0          0        914   stm32f7xx_hal_msp.o
        20          6          0          0          0        579   stm32f7xx_hal_pwr.o
       144          8          0          0          0       1336   stm32f7xx_hal_pwr_ex.o
      1956         74          0          0          0       5816   stm32f7xx_hal_rcc.o
      1884         16          0          0          0       2296   stm32f7xx_hal_rcc_ex.o
      3512         86          0          0          0      16581   stm32f7xx_hal_uart.o
       362          0          0          0          0       1719   stm32f7xx_hal_uart_ex.o
        82         18          0          0          0       6090   stm32f7xx_it.o
        20          6         24          4          0       1223   system_stm32f7xx.o
       720         62          0          6        408       5821   usart.o

    ----------------------------------------------------------------------
     12348        642       1074         28       2092     956960   Object Totals
         0          0         32          0          0          0   (incl. Generated)
        12          0          2          5          7          0   (incl. Padding)

    ----------------------------------------------------------------------

      Code (inc. data)   RO Data    RW Data    ZI Data      Debug   Library Member Name

         8          0          0          0          0         68   __main.o
       104          0          0          0          0         84   __printf.o
         0          0          0          0          0          0   __rtentry.o
        12          0          0          0          0          0   __rtentry2.o
         6          0          0          0          0          0   __rtentry4.o
        52          8          0          0          0          0   __scatter.o
        26          0          0          0          0          0   __scatter_copy.o
        28          0          0          0          0          0   __scatter_zi.o
        48          6          0          0          0         96   _printf_char_common.o
        36          4          0          0          0         80   _printf_char_file.o
         6          0          0          0          0          0   _printf_d.o
       120         16          0          0          0         92   _printf_dec.o
         6          0          0          0          0          0   _printf_f.o
      1054          0          0          0          0        216   _printf_fp_dec.o
       128         16          0          0          0         84   _printf_fp_infnan.o
       178          0          0          0          0         88   _printf_intcommon.o
         0          0          0          0          0          0   _printf_percent.o
         4          0          0          0          0          0   _printf_percent_end.o
       228          4        148          0          0         96   bigflt0.o
      1936        128          0          0          0        672   btod.o
        18          0          0          0          0         80   exit.o
         8          0          0          0          0         68   ferror.o
         6          0          0          0          0        152   heapauxi.o
        44         10         28          0          0         76   lc_numeric_c.o
         2          0          0          0          0          0   libinit.o
        22          0          0          0          0          0   libinit2.o
         2          0          0          0          0          0   libshutdown.o
         2          0          0          0          0          0   libshutdown2.o
         8          4          0          0         96         68   libspace.o
       138          0          0          0          0         80   lludiv10.o
       238          0          0          0          0        100   lludivv7m.o
        24          4          0          0          0         84   noretval__2printf.o
         8          4          0          0          0         68   rt_locale_intlibspace.o
        78          0          0          0          0         80   rt_memclr_w.o
         2          0          0          0          0          0   rtexit.o
        10          0          0          0          0          0   rtexit2.o
       104          0          0          0          0         68   strcmpv7m_pel.o
        74          0          0          0          0         80   sys_stackheap_outer.o
         2          0          0          0          0         68   use_no_semi.o
         2          0          0          0          0         68   use_no_semi_2.o
        10          0          0          0          0        116   fpinit.o
         4          0          0          0          0        116   printf1.o
         0          0          0          0          0          0   usenofp.o
        48          0          0          0          0        124   fpclassify.o

    ----------------------------------------------------------------------
      4842        204        176          0         96       3072   Library Totals
         8          0          0          0          0          0   (incl. Padding)

    ----------------------------------------------------------------------

      Code (inc. data)   RO Data    RW Data    ZI Data      Debug   Library Name

      4772        204        176          0         96       2716   c_w.l
        14          0          0          0          0        232   fz_wv.l
        48          0          0          0          0        124   m_wv.l

    ----------------------------------------------------------------------
      4842        204        176          0         96       3072   Library Totals

    ----------------------------------------------------------------------

==============================================================================


      Code (inc. data)   RO Data    RW Data    ZI Data      Debug   

     17190        846       1250         28       2188     951076   Grand Totals
     17190        846       1250         28       2188     951076   ELF Image Totals
     17190        846       1250         28          0          0   ROM Totals

==============================================================================

    Total RO  Size (Code + RO Data)                18440 (  18.01kB)
    Total RW  Size (RW Data + ZI Data)              2216 (   2.16kB)
    Total ROM Size (Code + RO Data + RW Data)      18468 (  18.04kB)

==============================================================================

