Component: ARM Compiler 5.06 update 7 (build 960) Tool: armlink [4d3601]

==============================================================================

Section Cross References

    startup_stm32f767xx.o(STACK) refers (Special) to heapauxi.o(.text) for __use_two_region_memory
    startup_stm32f767xx.o(HEAP) refers (Special) to heapauxi.o(.text) for __use_two_region_memory
    startup_stm32f767xx.o(RESET) refers (Special) to heapauxi.o(.text) for __use_two_region_memory
    startup_stm32f767xx.o(RESET) refers to startup_stm32f767xx.o(STACK) for __initial_sp
    startup_stm32f767xx.o(RESET) refers to startup_stm32f767xx.o(.text) for Reset_Handler
    startup_stm32f767xx.o(RESET) refers to stm32f7xx_it.o(i.NMI_Handler) for NMI_Handler
    startup_stm32f767xx.o(RESET) refers to stm32f7xx_it.o(i.HardFault_Handler) for HardFault_Handler
    startup_stm32f767xx.o(RESET) refers to stm32f7xx_it.o(i.MemManage_Handler) for MemManage_Handler
    startup_stm32f767xx.o(RESET) refers to stm32f7xx_it.o(i.BusFault_Handler) for BusFault_Handler
    startup_stm32f767xx.o(RESET) refers to stm32f7xx_it.o(i.UsageFault_Handler) for UsageFault_Handler
    startup_stm32f767xx.o(RESET) refers to stm32f7xx_it.o(i.SVC_Handler) for SVC_Handler
    startup_stm32f767xx.o(RESET) refers to stm32f7xx_it.o(i.DebugMon_Handler) for DebugMon_Handler
    startup_stm32f767xx.o(RESET) refers to stm32f7xx_it.o(i.PendSV_Handler) for PendSV_Handler
    startup_stm32f767xx.o(RESET) refers to stm32f7xx_it.o(i.SysTick_Handler) for SysTick_Handler
    startup_stm32f767xx.o(RESET) refers to stm32f7xx_it.o(i.TIM2_IRQHandler) for TIM2_IRQHandler
    startup_stm32f767xx.o(RESET) refers to stm32f7xx_it.o(i.USART1_IRQHandler) for USART1_IRQHandler
    startup_stm32f767xx.o(RESET) refers to stm32f7xx_it.o(i.USART2_IRQHandler) for USART2_IRQHandler
    startup_stm32f767xx.o(RESET) refers to stm32f7xx_it.o(i.USART3_IRQHandler) for USART3_IRQHandler
    startup_stm32f767xx.o(.text) refers (Special) to heapauxi.o(.text) for __use_two_region_memory
    startup_stm32f767xx.o(.text) refers to system_stm32f7xx.o(i.SystemInit) for SystemInit
    startup_stm32f767xx.o(.text) refers to __main.o(!!!main) for __main
    startup_stm32f767xx.o(.text) refers to startup_stm32f767xx.o(HEAP) for Heap_Mem
    startup_stm32f767xx.o(.text) refers to startup_stm32f767xx.o(STACK) for Stack_Mem
    go-m8010-6.o(i.SERVO_Send_recv) refers to go-m8010-6.o(i.modify_data) for modify_data
    go-m8010-6.o(i.SERVO_Send_recv) refers to stm32f7xx_hal_gpio.o(i.HAL_GPIO_WritePin) for HAL_GPIO_WritePin
    go-m8010-6.o(i.SERVO_Send_recv) refers to stm32f7xx_hal_uart.o(i.HAL_UART_Transmit) for HAL_UART_Transmit
    go-m8010-6.o(i.SERVO_Send_recv) refers to stm32f7xx_hal_uart_ex.o(i.HAL_UARTEx_ReceiveToIdle) for HAL_UARTEx_ReceiveToIdle
    go-m8010-6.o(i.SERVO_Send_recv) refers to go-m8010-6.o(i.extract_data) for extract_data
    go-m8010-6.o(i.SERVO_Send_recv) refers to usart.o(.bss) for huart1
    go-m8010-6.o(i.crc_ccitt) refers to go-m8010-6.o(i.crc_ccitt_byte) for crc_ccitt_byte
    go-m8010-6.o(i.crc_ccitt_byte) refers to go-m8010-6.o(.constdata) for crc_ccitt_table
    go-m8010-6.o(i.extract_data) refers to _printf_percent.o(.ARM.Collect$$_printf_percent$$00000000) for _printf_percent
    go-m8010-6.o(i.extract_data) refers to _printf_f.o(.ARM.Collect$$_printf_percent$$00000003) for _printf_f
    go-m8010-6.o(i.extract_data) refers to printf1.o(x$fpl$printf1) for _printf_fp_dec
    go-m8010-6.o(i.extract_data) refers to go-m8010-6.o(i.crc_ccitt) for crc_ccitt
    go-m8010-6.o(i.extract_data) refers to noretval__2printf.o(.text) for __2printf
    go-m8010-6.o(i.modify_data) refers to go-m8010-6.o(i.crc_ccitt) for crc_ccitt
    rls_encoder.o(i.Encoder_Send_recv) refers to stm32f7xx_hal_uart.o(i.HAL_UART_Transmit) for HAL_UART_Transmit
    rls_encoder.o(i.Encoder_Send_recv) refers to stm32f7xx_hal_uart.o(i.HAL_UART_Receive_IT) for HAL_UART_Receive_IT
    rls_encoder.o(i.Encoder_Send_recv) refers to usart.o(.bss) for huart3
    rls_encoder.o(i.Encoder_Send_recv) refers to rls_encoder.o(.bss) for g_encoder_recv_buf
    main.o(i.HAL_UART_RxCpltCallback) refers to rls_encoder.o(i.Extract_Encoder_Data) for Extract_Encoder_Data
    main.o(i.HAL_UART_RxCpltCallback) refers to rls_encoder.o(.bss) for g_encoder_recv_buf
    main.o(i.HAL_UART_RxCpltCallback) refers to main.o(.data) for blow_position
    main.o(i.MPU_Config) refers to stm32f7xx_hal_cortex.o(i.HAL_MPU_Disable) for HAL_MPU_Disable
    main.o(i.MPU_Config) refers to stm32f7xx_hal_cortex.o(i.HAL_MPU_ConfigRegion) for HAL_MPU_ConfigRegion
    main.o(i.MPU_Config) refers to stm32f7xx_hal_cortex.o(i.HAL_MPU_Enable) for HAL_MPU_Enable
    main.o(i.Servo_Inquire) refers to go-m8010-6.o(i.SERVO_Send_recv) for SERVO_Send_recv
    main.o(i.Servo_Inquire) refers to main.o(.bss) for cmd
    main.o(i.SystemClock_Config) refers to rt_memclr_w.o(.text) for __aeabi_memclr4
[...]
    .ARM.Collect$$libinit$$00000004          0x08000282   Section        0  libinit2.o(.ARM.Collect$$libinit$$00000004)
    .ARM.Collect$$libinit$$0000000A          0x08000282   Section        0  libinit2.o(.ARM.Collect$$libinit$$0000000A)
    .ARM.Collect$$libinit$$0000000C          0x08000282   Section        0  libinit2.o(.ARM.Collect$$libinit$$0000000C)
    .ARM.Collect$$libinit$$0000000E          0x08000282   Section        0  libinit2.o(.ARM.Collect$$libinit$$0000000E)
    .ARM.Collect$$libinit$$0000000F          0x08000282   Section        6  libinit2.o(.ARM.Collect$$libinit$$0000000F)
    .ARM.Collect$$libinit$$00000011          0x08000288   Section        0  libinit2.o(.ARM.Collect$$libinit$$00000011)
    .ARM.Collect$$libinit$$00000013          0x08000288   Section        0  libinit2.o(.ARM.Collect$$libinit$$00000013)
    .ARM.Collect$$libinit$$00000015          0x08000288   Section        0  libinit2.o(.ARM.Collect$$libinit$$00000015)
    .ARM.Collect$$libinit$$00000016          0x08000288   Section       10  libinit2.o(.ARM.Collect$$libinit$$00000016)
    .ARM.Collect$$libinit$$00000017          0x08000292   Section        0  libinit2.o(.ARM.Collect$$libinit$$00000017)
    .ARM.Collect$$libinit$$00000019          0x08000292   Section        0  libinit2.o(.ARM.Collect$$libinit$$00000019)
    .ARM.Collect$$libinit$$0000001B          0x08000292   Section        0  libinit2.o(.ARM.Collect$$libinit$$0000001B)
    .ARM.Collect$$libinit$$0000001D          0x08000292   Section        0  libinit2.o(.ARM.Collect$$libinit$$0000001D)
    .ARM.Collect$$libinit$$0000001F          0x08000292   Section        0  libinit2.o(.ARM.Collect$$libinit$$0000001F)
    .ARM.Collect$$libinit$$00000021          0x08000292   Section        0  libinit2.o(.ARM.Collect$$libinit$$00000021)
    .ARM.Collect$$libinit$$00000023          0x08000292   Section        0  libinit2.o(.ARM.Collect$$libinit$$00000023)
    .ARM.Collect$$libinit$$00000025          0x08000292   Section        0  libinit2.o(.ARM.Collect$$libinit$$00000025)
    .ARM.Collect$$libinit$$0000002C          0x08000292   Section        0  libinit2.o(.ARM.Collect$$libinit$$0000002C)
    .ARM.Collect$$libinit$$0000002E          0x08000292   Section        0  libinit2.o(.ARM.Collect$$libinit$$0000002E)
    .ARM.Collect$$libinit$$00000030          0x08000292   Section        0  libinit2.o(.ARM.Collect$$libinit$$00000030)
    .ARM.Collect$$libinit$$00000032          0x08000292   Section        0  libinit2.o(.ARM.Collect$$libinit$$00000032)
    .ARM.Collect$$libinit$$00000033          0x08000292   Section        2  libinit2.o(.ARM.Collect$$libinit$$00000033)
    .ARM.Collect$$libshutdown$$00000000      0x08000294   Section        2  libshutdown.o(.ARM.Collect$$libshutdown$$00000000)
    .ARM.Collect$$libshutdown$$00000002      0x08000296   Section        0  libshutdown2.o(.ARM.Collect$$libshutdown$$00000002)
    .ARM.Collect$$libshutdown$$00000004      0x08000296   Section        0  libshutdown2.o(.ARM.Collect$$libshutdown$$00000004)
    .ARM.Collect$$libshutdown$$00000006      0x08000296   Section        0  libshutdown2.o(.ARM.Collect$$libshutdown$$00000006)
    .ARM.Collect$$libshutdown$$00000009      0x08000296   Section        0  libshutdown2.o(.ARM.Collect$$libshutdown$$00000009)
    .ARM.Collect$$libshutdown$$0000000C      0x08000296   Section        0  libshutdown2.o(.ARM.Collect$$libshutdown$$0000000C)
    .ARM.Collect$$libshutdown$$0000000E      0x08000296   Section        0  libshutdown2.o(.ARM.Collect$$libshutdown$$0000000E)
    .ARM.Collect$$libshutdown$$00000011      0x08000296   Section        0  libshutdown2.o(.ARM.Collect$$libshutdown$$00000011)
    .ARM.Collect$$libshutdown$$00000012      0x08000296   Section        2  libshutdown2.o(.ARM.Collect$$libshutdown$$00000012)
    .ARM.Collect$$rtentry$$00000000          0x08000298   Section        0  __rtentry.o(.ARM.Collect$$rtentry$$00000000)
    .ARM.Collect$$rtentry$$00000002          0x08000298   Section        0  __rtentry2.o(.ARM.Collect$$rtentry$$00000002)
    .ARM.Collect$$rtentry$$00000004          0x08000298   Section        6  __rtentry4.o(.ARM.Collect$$rtentry$$00000004)
    .ARM.Collect$$rtentry$$00000009          0x0800029e   Section        0  __rtentry2.o(.ARM.Collect$$rtentry$$00000009)
    .ARM.Collect$$rtentry$$0000000A          0x0800029e   Section        4  __rtentry2.o(.ARM.Collect$$rtentry$$0000000A)
    .ARM.Collect$$rtentry$$0000000C          0x080002a2   Section        0  __rtentry2.o(.ARM.Collect$$rtentry$$0000000C)
    .ARM.Collect$$rtentry$$0000000D          0x080002a2   Section        8  __rtentry2.o(.ARM.Collect$$rtentry$$0000000D)
    .ARM.Collect$$rtexit$$00000000           0x080002aa   Section        2  rtexit.o(.ARM.Collect$$rtexit$$00000000)
    .ARM.Collect$$rtexit$$00000002           0x080002ac   Section        0  rtexit2.o(.ARM.Collect$$rtexit$$00000002)
    .ARM.Collect$$rtexit$$00000003           0x080002ac   Section        4  rtexit2.o(.ARM.Collect$$rtexit$$00000003)
    .ARM.Collect$$rtexit$$00000004           0x080002b0   Section        6  rtexit2.o(.ARM.Collect$$rtexit$$00000004)
    .text                                    0x080002b8   Section       64  startup_stm32f767xx.o(.text)
    $v0                                      0x080002b8   Number         0  startup_stm32f767xx.o(.text)
    .text                                    0x080002f8   Section        2  use_no_semi_2.o(.text)
    .text                                    0x080002fa   Section      238  lludivv7m.o(.text)
    .text                                    0x080003e8   Section        0  noretval__2printf.o(.text)
    .text                                    0x08000400   Section        0  _printf_dec.o(.text)
    .text                                    0x08000478   Section        0  __printf_ss.o(.text)
    .text                                    0x08000530   Section       78  rt_memclr_w.o(.text)
    .text                                    0x0800057e   Section        0  heapauxi.o(.text)
    .text                                    0x08000584   Section        2  use_no_semi.o(.text)
    .text                                    0x08000586   Section        0  _printf_intcommon.o(.text)
    .text                                    0x08000638   Section        0  _printf_fp_dec.o(.text)
    _fp_digits                               0x0800063b   Thumb Code   432  _printf_fp_dec.o(.text)
    .text                                    0x08000a58   Section        0  _printf_char_file.o(.text)
    .text                                    0x08000a7c   Section        8  rt_locale_intlibspace.o(.text)
    .text                                    0x08000a84   Section      138  lludiv10.o(.text)
    .text                                    0x08000b10   Section        0  _printf_char_common.o(.text)
    _printf_input_char                       0x08000b11   Thumb Code    10  _printf_char_common.o(.text)
    .text                                    0x08000b40   Section        0  _printf_fp_infnan.o(.text)
    .text                                    0x08000bc0   Section        0  bigflt0.o(.text)
    .text                                    0x08000ca4   Section        0  ferror.o(.text)
    .text                                    0x08000cac   Section        8  libspace.o(.text)
    .text                                    0x08000cb4   Section       74  sys_stackheap_outer.o(.text)
    .text                                    0x08000cfe   Section        0  exit.o(.text)
    .text                                    0x08000d10   Section      104  strcmpv7m_pel.o(.text)
    CL$$btod_d2e                             0x08000d78   Section       62  btod.o(CL$$btod_d2e)
    CL$$btod_d2e_denorm_low                  0x08000db6   Section       70  btod.o(CL$$btod_d2e_denorm_low)
    CL$$btod_d2e_norm_op1                    0x08000dfc   Section       96  btod.o(CL$$btod_d2e_norm_op1)
    CL$$btod_div_common                      0x08000e5c   Section      824  btod.o(CL$$btod_div_common)
    CL$$btod_e2e                             0x08001194   Section      220  btod.o(CL$$btod_e2e)
    CL$$btod_ediv                            0x08001270   Section       42  btod.o(CL$$btod_ediv)
    CL$$btod_emul                            0x0800129a   Section       42  btod.o(CL$$btod_emul)
    CL$$btod_mult_common                     0x080012c4   Section      580  btod.o(CL$$btod_mult_common)
    i.BusFault_Handler                       0x08001508   Section        0  stm32f7xx_it.o(i.BusFault_Handler)
    i.DebugMon_Handler                       0x0800150c   Section        0  stm32f7xx_it.o(i.DebugMon_Handler)
    i.Encoder_Send_recv                      0x08001510   Section        0  rls_encoder.o(i.Encoder_Send_recv)
    i.Error_Handler                          0x0800154c   Section        0  main.o(i.Error_Handler)
    i.Extract_Encoder_Data                   0x08001552   Section        0  rls_encoder.o(i.Extract_Encoder_Data)
    i.HAL_DMA_Abort                          0x080015a8   Section        0  stm32f7xx_hal_dma.o(i.HAL_DMA_Abort)
    i.HAL_DMA_Abort_IT                       0x08001654   Section        0  stm32f7xx_hal_dma.o(i.HAL_DMA_Abort_IT)
    i.HAL_Delay                              0x0800167c   Section        0  stm32f7xx_hal.o(i.HAL_Delay)
    i.HAL_GPIO_Init                          0x080016a4   Section        0  stm32f7xx_hal_gpio.o(i.HAL_GPIO_Init)
    i.HAL_GPIO_TogglePin                     0x080018b0   Section        0  stm32f7xx_hal_gpio.o(i.HAL_GPIO_TogglePin)
    i.HAL_GPIO_WritePin                      0x080018c4   Section        0  stm32f7xx_hal_gpio.o(i.HAL_GPIO_WritePin)
    i.HAL_GetTick                            0x080018d0   Section        0  stm32f7xx_hal.o(i.HAL_GetTick)
    i.HAL_IncTick                            0x080018dc   Section        0  stm32f7xx_hal.o(i.HAL_IncTick)
    i.HAL_Init                               0x080018f4   Section        0  stm32f7xx_hal.o(i.HAL_Init)
    i.HAL_InitTick                           0x0800190c   Section        0  stm32f7xx_hal.o(i.HAL_InitTick)
    i.HAL_MPU_ConfigRegion                   0x08001958   Section        0  stm32f7xx_hal_cortex.o(i.HAL_MPU_ConfigRegion)
    i.HAL_MPU_Disable                        0x080019b4   Section        0  stm32f7xx_hal_cortex.o(i.HAL_MPU_Disable)
    i.HAL_MPU_Enable                         0x080019e0   Section        0  stm32f7xx_hal_cortex.o(i.HAL_MPU_Enable)
    i.HAL_MspInit                            0x08001a20   Section        0  stm32f7xx_hal_msp.o(i.HAL_MspInit)
    i.HAL_NVIC_EnableIRQ                     0x08001a60   Section        0  stm32f7xx_hal_cortex.o(i.HAL_NVIC_EnableIRQ)
    i.HAL_NVIC_SetPriority                   0x08001a80   Section        0  stm32f7xx_hal_cortex.o(i.HAL_NVIC_SetPriority)
    i.HAL_NVIC_SetPriorityGrouping           0x08001afc   Section        0  stm32f7xx_hal_cortex.o(i.HAL_NVIC_SetPriorityGrouping)
    i.HAL_PWREx_EnableOverDrive              0x08001b24   Section        0  stm32f7xx_hal_pwr_ex.o(i.HAL_PWREx_EnableOverDrive)
    i.HAL_PWR_EnableBkUpAccess               0x08001bb4   Section        0  stm32f7xx_hal_pwr.o(i.HAL_PWR_EnableBkUpAccess)
    i.HAL_RCCEx_PeriphCLKConfig              0x08001bc8   Section        0  stm32f7xx_hal_rcc_ex.o(i.HAL_RCCEx_PeriphCLKConfig)
    i.HAL_RCC_ClockConfig                    0x08002324   Section        0  stm32f7xx_hal_rcc.o(i.HAL_RCC_ClockConfig)
    i.HAL_RCC_GetHCLKFreq                    0x080024b8   Section        0  stm32f7xx_hal_rcc.o(i.HAL_RCC_GetHCLKFreq)
    i.HAL_RCC_GetPCLK1Freq                   0x080024c4   Section        0  stm32f7xx_hal_rcc.o(i.HAL_RCC_GetPCLK1Freq)
    i.HAL_RCC_GetPCLK2Freq                   0x080024e4   Section        0  stm32f7xx_hal_rcc.o(i.HAL_RCC_GetPCLK2Freq)
    i.HAL_RCC_GetSysClockFreq                0x08002504   Section        0  stm32f7xx_hal_rcc.o(i.HAL_RCC_GetSysClockFreq)
    i.HAL_RCC_OscConfig                      0x080025b4   Section        0  stm32f7xx_hal_rcc.o(i.HAL_RCC_OscConfig)
    i.HAL_SYSTICK_Config                     0x08002ac8   Section        0  stm32f7xx_hal_cortex.o(i.HAL_SYSTICK_Config)
    i.HAL_TIMEx_Break2Callback               0x08002afc   Section        0  stm32f7xx_hal_tim_ex.o(i.HAL_TIMEx_Break2Callback)
    i.HAL_TIMEx_BreakCallback                0x08002afe   Section        0  stm32f7xx_hal_tim_ex.o(i.HAL_TIMEx_BreakCallback)
    i.HAL_TIMEx_CommutCallback               0x08002b00   Section        0  stm32f7xx_hal_tim_ex.o(i.HAL_TIMEx_CommutCallback)
    i.HAL_TIMEx_MasterConfigSynchronization  0x08002b04   Section        0  stm32f7xx_hal_tim_ex.o(i.HAL_TIMEx_MasterConfigSynchronization)
    i.HAL_TIM_Base_Init                      0x08002bd0   Section        0  stm32f7xx_hal_tim.o(i.HAL_TIM_Base_Init)
    i.HAL_TIM_Base_MspInit                   0x08002c40   Section        0  tim.o(i.HAL_TIM_Base_MspInit)
    i.HAL_TIM_ConfigClockSource              0x08002c80   Section        0  stm32f7xx_hal_tim.o(i.HAL_TIM_ConfigClockSource)
    i.HAL_TIM_IC_CaptureCallback             0x08002d90   Section        0  stm32f7xx_hal_tim.o(i.HAL_TIM_IC_CaptureCallback)
    i.HAL_TIM_IRQHandler                     0x08002d92   Section        0  stm32f7xx_hal_tim.o(i.HAL_TIM_IRQHandler)
    i.HAL_TIM_OC_DelayElapsedCallback        0x08002f4a   Section        0  stm32f7xx_hal_tim.o(i.HAL_TIM_OC_DelayElapsedCallback)
    i.HAL_TIM_PWM_PulseFinishedCallback      0x08002f4c   Section        0  stm32f7xx_hal_tim.o(i.HAL_TIM_PWM_PulseFinishedCallback)
    i.HAL_TIM_PeriodElapsedCallback          0x08002f4e   Section        0  stm32f7xx_hal_tim.o(i.HAL_TIM_PeriodElapsedCallback)
    i.HAL_TIM_TriggerCallback                0x08002f50   Section        0  stm32f7xx_hal_tim.o(i.HAL_TIM_TriggerCallback)
    i.HAL_UARTEx_ReceiveToIdle               0x08002f52   Section        0  stm32f7xx_hal_uart_ex.o(i.HAL_UARTEx_ReceiveToIdle)
    i.HAL_UARTEx_RxEventCallback             0x080030bc   Section        0  stm32f7xx_hal_uart.o(i.HAL_UARTEx_RxEventCallback)
    i.HAL_UARTEx_WakeupCallback              0x080030be   Section        0  stm32f7xx_hal_uart.o(i.HAL_UARTEx_WakeupCallback)
    i.HAL_UART_ErrorCallback                 0x080030c0   Section        0  stm32f7xx_hal_uart.o(i.HAL_UART_ErrorCallback)
    i.HAL_UART_IRQHandler                    0x080030c4   Section        0  stm32f7xx_hal_uart.o(i.HAL_UART_IRQHandler)
    i.HAL_UART_Init                          0x08003414   Section        0  stm32f7xx_hal_uart.o(i.HAL_UART_Init)
    i.HAL_UART_MspInit                       0x08003488   Section        0  usart.o(i.HAL_UART_MspInit)
    i.HAL_UART_Receive_IT                    0x08003674   Section        0  stm32f7xx_hal_uart.o(i.HAL_UART_Receive_IT)
    i.HAL_UART_RxCpltCallback                0x080036c4   Section        0  main.o(i.HAL_UART_RxCpltCallback)
    i.HAL_UART_Transmit                      0x08003708   Section        0  stm32f7xx_hal_uart.o(i.HAL_UART_Transmit)
    i.HAL_UART_TxCpltCallback                0x080037ba   Section        0  stm32f7xx_hal_uart.o(i.HAL_UART_TxCpltCallback)
    i.HardFault_Handler                      0x080037bc   Section        0  stm32f7xx_it.o(i.HardFault_Handler)
    i.MPU_Config                             0x080037c0   Section        0  main.o(i.MPU_Config)
    MPU_Config                               0x080037c1   Thumb Code    86  main.o(i.MPU_Config)
    i.MX_GPIO_Init                           0x08003818   Section        0  gpio.o(i.MX_GPIO_Init)
    i.MX_TIM2_Init                           0x080038c8   Section        0  tim.o(i.MX_TIM2_Init)
    i.MX_USART1_UART_Init                    0x08003934   Section        0  usart.o(i.MX_USART1_UART_Init)
    i.MX_USART2_UART_Init                    0x08003978   Section        0  usart.o(i.MX_USART2_UART_Init)
    i.MX_USART3_UART_Init                    0x080039b8   Section        0  usart.o(i.MX_USART3_UART_Init)
    i.MemManage_Handler                      0x080039f8   Section        0  stm32f7xx_it.o(i.MemManage_Handler)
    i.NMI_Handler                            0x080039fc   Section        0  stm32f7xx_it.o(i.NMI_Handler)
    i.PendSV_Handler                         0x08003a00   Section        0  stm32f7xx_it.o(i.PendSV_Handler)
    i.SERVO_Send_recv                        0x08003a04   Section        0  go-m8010-6.o(i.SERVO_Send_recv)
    i.SVC_Handler                            0x08003a98   Section        0  stm32f7xx_it.o(i.SVC_Handler)
    i.SysTick_Handler                        0x08003a9a   Section        0  stm32f7xx_it.o(i.SysTick_Handler)
    i.SystemClock_Config                     0x08003aa4   Section        0  main.o(i.SystemClock_Config)
    i.SystemInit                             0x08003b60   Section        0  system_stm32f7xx.o(i.SystemInit)
    i.TIM2_IRQHandler                        0x08003b74   Section        0  stm32f7xx_it.o(i.TIM2_IRQHandler)
    i.TIM_Base_SetConfig                     0x08003b84   Section        0  stm32f7xx_hal_tim.o(i.TIM_Base_SetConfig)
    i.TIM_ETR_SetConfig                      0x08003c5c   Section        0  stm32f7xx_hal_tim.o(i.TIM_ETR_SetConfig)
    i.TIM_ITRx_SetConfig                     0x08003c72   Section        0  stm32f7xx_hal_tim.o(i.TIM_ITRx_SetConfig)
    TIM_ITRx_SetConfig                       0x08003c73   Thumb Code    18  stm32f7xx_hal_tim.o(i.TIM_ITRx_SetConfig)
    i.TIM_TI1_ConfigInputStage               0x08003c84   Section        0  stm32f7xx_hal_tim.o(i.TIM_TI1_ConfigInputStage)
    TIM_TI1_ConfigInputStage                 0x08003c85   Thumb Code    38  stm32f7xx_hal_tim.o(i.TIM_TI1_ConfigInputStage)
    i.TIM_TI2_ConfigInputStage               0x08003caa   Section        0  stm32f7xx_hal_tim.o(i.TIM_TI2_ConfigInputStage)
    TIM_TI2_ConfigInputStage                 0x08003cab   Thumb Code    40  stm32f7xx_hal_tim.o(i.TIM_TI2_ConfigInputStage)
    i.UART_AdvFeatureConfig                  0x08003cd2   Section        0  stm32f7xx_hal_uart.o(i.UART_AdvFeatureConfig)
    i.UART_CheckIdleState                    0x08003dca   Section        0  stm32f7xx_hal_uart.o(i.UART_CheckIdleState)
    i.UART_DMAAbortOnError                   0x08003e40   Section        0  stm32f7xx_hal_uart.o(i.UART_DMAAbortOnError)
    UART_DMAAbortOnError                     0x08003e41   Thumb Code    24  stm32f7xx_hal_uart.o(i.UART_DMAAbortOnError)
    i.UART_EndRxTransfer                     0x08003e58   Section        0  stm32f7xx_hal_uart.o(i.UART_EndRxTransfer)
    UART_EndRxTransfer                       0x08003e59   Thumb Code   102  stm32f7xx_hal_uart.o(i.UART_EndRxTransfer)
    i.UART_EndTransmit_IT                    0x08003ebe   Section        0  stm32f7xx_hal_uart.o(i.UART_EndTransmit_IT)
    UART_EndTransmit_IT                      0x08003ebf   Thumb Code    46  stm32f7xx_hal_uart.o(i.UART_EndTransmit_IT)
    i.UART_RxISR_16BIT                       0x08003eec   Section        0  stm32f7xx_hal_uart.o(i.UART_RxISR_16BIT)
    UART_RxISR_16BIT                         0x08003eed   Thumb Code   212  stm32f7xx_hal_uart.o(i.UART_RxISR_16BIT)
    i.UART_RxISR_8BIT                        0x08003fc0   Section        0  stm32f7xx_hal_uart.o(i.UART_RxISR_8BIT)
    UART_RxISR_8BIT                          0x08003fc1   Thumb Code   208  stm32f7xx_hal_uart.o(i.UART_RxISR_8BIT)
    i.UART_SetConfig                         0x08004090   Section        0  stm32f7xx_hal_uart.o(i.UART_SetConfig)
    i.UART_Start_Receive_IT                  0x080043cc   Section        0  stm32f7xx_hal_uart.o(i.UART_Start_Receive_IT)
    i.UART_WaitOnFlagUntilTimeout            0x080044c0   Section        0  stm32f7xx_hal_uart.o(i.UART_WaitOnFlagUntilTimeout)
    i.USART1_IRQHandler                      0x080045bc   Section        0  stm32f7xx_it.o(i.USART1_IRQHandler)
    i.USART2_IRQHandler                      0x080045cc   Section        0  stm32f7xx_it.o(i.USART2_IRQHandler)
    i.USART3_IRQHandler                      0x080045dc   Section        0  stm32f7xx_it.o(i.USART3_IRQHandler)
    i.UsageFault_Handler                     0x080045ec   Section        0  stm32f7xx_it.o(i.UsageFault_Handler)
    i.__ARM_fpclassify                       0x080045f0   Section        0  fpclassify.o(i.__ARM_fpclassify)
    i.__NVIC_GetPriorityGrouping             0x08004620   Section        0  stm32f7xx_hal_cortex.o(i.__NVIC_GetPriorityGrouping)
    __NVIC_GetPriorityGrouping               0x08004621   Thumb Code    10  stm32f7xx_hal_cortex.o(i.__NVIC_GetPriorityGrouping)
    i.__NVIC_SetPriority                     0x08004630   Section        0  stm32f7xx_hal_cortex.o(i.__NVIC_SetPriority)
    __NVIC_SetPriority                       0x08004631   Thumb Code    32  stm32f7xx_hal_cortex.o(i.__NVIC_SetPriority)
    i._sys_exit                              0x08004658   Section        0  usart.o(i._sys_exit)
    i.crc_ccitt                              0x0800465c   Section        0  go-m8010-6.o(i.crc_ccitt)
    crc_ccitt                                0x0800465d   Thumb Code    40  go-m8010-6.o(i.crc_ccitt)
    i.crc_ccitt_byte                         0x08004684   Section        0  go-m8010-6.o(i.crc_ccitt_byte)
    crc_ccitt_byte                           0x08004685   Thumb Code    20  go-m8010-6.o(i.crc_ccitt_byte)
    i.extract_data                           0x0800469c   Section        0  go-m8010-6.o(i.extract_data)
    i.fputc                                  0x08004798   Section        0  usart.o(i.fputc)
    i.main                                   0x080047b4   Section        0  main.o(i.main)
    i.modify_data                            0x08004948   Section        0  go-m8010-6.o(i.modify_data)
    locale$$code                             0x08004b60   Section       44  lc_numeric_c.o(locale$$code)
    x$fpl$fpinit                             0x08004b8c   Section       10  fpinit.o(x$fpl$fpinit)
    $v0                                      0x08004b8c   Number         0  fpinit.o(x$fpl$fpinit)
    x$fpl$printf1                            0x08004b96   Section        4  printf1.o(x$fpl$printf1)
    $v0                                      0x08004b96   Number         0  printf1.o(x$fpl$printf1)
    .constdata                               0x08004b9a   Section      512  go-m8010-6.o(.constdata)
    x$fpl$usenofp                            0x08004b9a   Section        0  usenofp.o(x$fpl$usenofp)
    .constdata                               0x08004d9a   Section       24  system_stm32f7xx.o(.constdata)
    .constdata                               0x08004db4   Section      148  bigflt0.o(.constdata)
    tenpwrs_x                                0x08004db4   Data          60  bigflt0.o(.constdata)
    tenpwrs_i                                0x08004df0   Data          64  bigflt0.o(.constdata)
    locale$$data                             0x08004e68   Section       28  lc_numeric_c.o(locale$$data)
    __lcnum_c_name                           0x08004e6c   Data           2  lc_numeric_c.o(locale$$data)
    __lcnum_c_start                          0x08004e74   Data           0  lc_numeric_c.o(locale$$data)
    __lcnum_c_point                          0x08004e80   Data           0  lc_numeric_c.o(locale$$data)
    __lcnum_c_thousands                      0x08004e82   Data           0  lc_numeric_c.o(locale$$data)
    __lcnum_c_grouping                       0x08004e83   Data           0  lc_numeric_c.o(locale$$data)
    __lcnum_c_end                            0x08004e84   Data           0  lc_numeric_c.o(locale$$data)
    .data                                    0x20000000   Section        4  main.o(.data)
    .data                                    0x20000004   Section        6  usart.o(.data)
    .data                                    0x2000000c   Section        9  stm32f7xx_hal.o(.data)
    .data                                    0x20000018   Section        4  system_stm32f7xx.o(.data)
    .bss                                     0x2000001c   Section       13  rls_encoder.o(.bss)
    .bss                                     0x20000030   Section      128  main.o(.bss)
    .bss                                     0x200000b0   Section       76  tim.o(.bss)
    .bss                                     0x200000fc   Section      408  usart.o(.bss)
    .bss                                     0x20000294   Section       96  libspace.o(.bss)
    HEAP                                     0x200002f8   Section      512  startup_stm32f767xx.o(HEAP)
    Heap_Mem                                 0x200002f8   Data         512  startup_stm32f767xx.o(HEAP)
    STACK                                    0x200004f8   Section     1024  startup_stm32f767xx.o(STACK)
    Stack_Mem                                0x200004f8   Data        1024  startup_stm32f767xx.o(STACK)
    __initial_sp                             0x200008f8   Data           0  startup_stm32f767xx.o(STACK)

    Global Symbols

    Symbol Name                              Value     Ov Type        Size  Object(Section)

    BuildAttributes$$THM_ISAv4$E$P$D$K$B$S$7EM$VFPv5_D16$PE$PLD8$A:L22UL41UL21$X:L11$S22US41US21$IEEE1$IW$USESV6$~STKCKD$USESV7$~SHL$OTIME$ROPI$IEEEJ$EBA8$UX$STANDARDLIB$REQ8$PRES8$EABIv2 0x00000000   Number         0  anon$$obj.o ABSOLUTE
    __ARM_use_no_argv                        0x00000000   Number         0  main.o ABSOLUTE
    _printf_flags                            0x00000000   Number         0  printf_stubs.o ABSOLUTE
    _printf_return_value                     0x00000000   Number         0  printf_stubs.o ABSOLUTE
    _printf_sizespec                         0x00000000   Number         0  printf_stubs.o ABSOLUTE
    _printf_widthprec                        0x00000000   Number         0  printf_stubs.o ABSOLUTE
    __ARM_exceptions_init                     - Undefined Weak Reference
    __alloca_initialize                       - Undefined Weak Reference
    __arm_fini_                               - Undefined Weak Reference
    __arm_preinit_                            - Undefined Weak Reference
    __cpp_initialize__aeabi_                  - Undefined Weak Reference
    __cxa_finalize                            - Undefined Weak Reference
    __sigvec_lookup                           - Undefined Weak Reference
    _atexit_init                              - Undefined Weak Reference
    _call_atexit_fns                          - Undefined Weak Reference
    _clock_init                               - Undefined Weak Reference
    _fp_trap_init                             - Undefined Weak Reference
    _fp_trap_shutdown                         - Undefined Weak Reference
    _get_lc_collate                           - Undefined Weak Reference
    _get_lc_ctype                             - Undefined Weak Reference
    _get_lc_monetary                          - Undefined Weak Reference
    _get_lc_time                              - Undefined Weak Reference
    _getenv_init                              - Undefined Weak Reference
    _handle_redirection                       - Undefined Weak Reference
    _init_alloc                               - Undefined Weak Reference
    _init_user_alloc                          - Undefined Weak Reference
    _initio                                   - Undefined Weak Reference
    _mutex_acquire                            - Undefined Weak Reference
    _mutex_release                            - Undefined Weak Reference
    _printf_post_padding                      - Undefined Weak Reference
    _printf_pre_padding                       - Undefined Weak Reference
    _printf_truncate_signed                   - Undefined Weak Reference
    _printf_truncate_unsigned                 - Undefined Weak Reference
    _rand_init                                - Undefined Weak Reference
    _signal_finish                            - Undefined Weak Reference
    _signal_init                              - Undefined Weak Reference
    _terminate_alloc                          - Undefined Weak Reference
    _terminate_user_alloc                     - Undefined Weak Reference
    _terminateio                              - Undefined Weak Reference
    __Vectors_Size                           0x000001f8   Number         0  startup_stm32f767xx.o ABSOLUTE
    __Vectors                                0x08000000   Data           4  startup_stm32f767xx.o(RESET)
    __Vectors_End                            0x080001f8   Data           0  startup_stm32f767xx.o(RESET)
    __main                                   0x080001f9   Thumb Code     8  __main.o(!!!main)
    __scatterload                            0x08000201   Thumb Code     0  __scatter.o(!!!scatter)
    __scatterload_rt2                        0x08000201   Thumb Code    44  __scatter.o(!!!scatter)
    __scatterload_rt2_thumb_only             0x08000201   Thumb Code     0  __scatter.o(!!!scatter)
    __scatterload_null                       0x0800020f   Thumb Code     0  __scatter.o(!!!scatter)
    __scatterload_copy                       0x08000235   Thumb Code    26  __scatter_copy.o(!!handler_copy)
    __scatterload_zeroinit                   0x08000251   Thumb Code    28  __scatter_zi.o(!!handler_zi)
    _printf_f                                0x0800026d   Thumb Code     0  _printf_f.o(.ARM.Collect$$_printf_percent$$00000003)
    _printf_percent                          0x0800026d   Thumb Code     0  _printf_percent.o(.ARM.Collect$$_printf_percent$$00000000)
    _printf_d                                0x08000273   Thumb Code     0  _printf_d.o(.ARM.Collect$$_printf_percent$$00000009)
    _printf_percent_end                      0x08000279   Thumb Code     0  _printf_percent_end.o(.ARM.Collect$$_printf_percent$$00000017)
    __rt_lib_init                            0x0800027d   Thumb Code     0  libinit.o(.ARM.Collect$$libinit$$00000000)
    __rt_lib_init_fp_1                       0x0800027f   Thumb Code     0  libinit2.o(.ARM.Collect$$libinit$$00000001)
    __rt_lib_init_heap_1                     0x08000283   Thumb Code     0  libinit2.o(.ARM.Collect$$libinit$$0000000A)
    __rt_lib_init_lc_common                  0x08000283   Thumb Code     0  libinit2.o(.ARM.Collect$$libinit$$0000000F)
    __rt_lib_init_preinit_1                  0x08000283   Thumb Code     0  libinit2.o(.ARM.Collect$$libinit$$00000004)
    __rt_lib_init_rand_1                     0x08000283   Thumb Code     0  libinit2.o(.ARM.Collect$$libinit$$0000000E)
    __rt_lib_init_user_alloc_1               0x08000283   Thumb Code     0  libinit2.o(.ARM.Collect$$libinit$$0000000C)
    __rt_lib_init_lc_collate_1               0x08000289   Thumb Code     0  libinit2.o(.ARM.Collect$$libinit$$00000011)
    __rt_lib_init_lc_ctype_1                 0x08000289   Thumb Code     0  libinit2.o(.ARM.Collect$$libinit$$00000013)
    __rt_lib_init_lc_monetary_1              0x08000289   Thumb Code     0  libinit2.o(.ARM.Collect$$libinit$$00000015)
    __rt_lib_init_lc_numeric_2               0x08000289   Thumb Code     0  libinit2.o(.ARM.Collect$$libinit$$00000016)
    __rt_lib_init_alloca_1                   0x08000293   Thumb Code     0  libinit2.o(.ARM.Collect$$libinit$$0000002E)
    __rt_lib_init_argv_1                     0x08000293   Thumb Code     0  libinit2.o(.ARM.Collect$$libinit$$0000002C)
    __rt_lib_init_atexit_1                   0x08000293   Thumb Code     0  libinit2.o(.ARM.Collect$$libinit$$0000001B)
    __rt_lib_init_clock_1                    0x08000293   Thumb Code     0  libinit2.o(.ARM.Collect$$libinit$$00000021)
    __rt_lib_init_cpp_1                      0x08000293   Thumb Code     0  libinit2.o(.ARM.Collect$$libinit$$00000032)
    __rt_lib_init_exceptions_1               0x08000293   Thumb Code     0  libinit2.o(.ARM.Collect$$libinit$$00000030)
    __rt_lib_init_fp_trap_1                  0x08000293   Thumb Code     0  libinit2.o(.ARM.Collect$$libinit$$0000001F)
    __rt_lib_init_getenv_1                   0x08000293   Thumb Code     0  libinit2.o(.ARM.Collect$$libinit$$00000023)
    __rt_lib_init_lc_numeric_1               0x08000293   Thumb Code     0  libinit2.o(.ARM.Collect$$libinit$$00000017)
    __rt_lib_init_lc_time_1                  0x08000293   Thumb Code     0  libinit2.o(.ARM.Collect$$libinit$$00000019)
    __rt_lib_init_return                     0x08000293   Thumb Code     0  libinit2.o(.ARM.Collect$$libinit$$00000033)
    __rt_lib_init_signal_1                   0x08000293   Thumb Code     0  libinit2.o(.ARM.Collect$$libinit$$0000001D)
    __rt_lib_init_stdio_1                    0x08000293   Thumb Code     0  libinit2.o(.ARM.Collect$$libinit$$00000025)
    __rt_lib_shutdown                        0x08000295   Thumb Code     0  libshutdown.o(.ARM.Collect$$libshutdown$$00000000)
    __rt_lib_shutdown_cpp_1                  0x08000297   Thumb Code     0  libshutdown2.o(.ARM.Collect$$libshutdown$$00000004)
    __rt_lib_shutdown_fini_1                 0x08000297   Thumb Code     0  libshutdown2.o(.ARM.Collect$$libshutdown$$00000002)
    __rt_lib_shutdown_fp_trap_1              0x08000297   Thumb Code     0  libshutdown2.o(.ARM.Collect$$libshutdown$$00000009)
    __rt_lib_shutdown_heap_1                 0x08000297   Thumb Code     0  libshutdown2.o(.ARM.Collect$$libshutdown$$00000011)
    __rt_lib_shutdown_return                 0x08000297   Thumb Code     0  libshutdown2.o(.ARM.Collect$$libshutdown$$00000012)
    __rt_lib_shutdown_signal_1               0x08000297   Thumb Code     0  libshutdown2.o(.ARM.Collect$$libshutdown$$0000000C)
    __rt_lib_shutdown_stdio_1                0x08000297   Thumb Code     0  libshutdown2.o(.ARM.Collect$$libshutdown$$00000006)
    __rt_lib_shutdown_user_alloc_1           0x08000297   Thumb Code     0  libshutdown2.o(.ARM.Collect$$libshutdown$$0000000E)
    __rt_entry                               0x08000299   Thumb Code     0  __rtentry.o(.ARM.Collect$$rtentry$$00000000)
    __rt_entry_presh_1                       0x08000299   Thumb Code     0  __rtentry2.o(.ARM.Collect$$rtentry$$00000002)
    __rt_entry_sh                            0x08000299   Thumb Code     0  __rtentry4.o(.ARM.Collect$$rtentry$$00000004)
    __rt_entry_li                            0x0800029f   Thumb Code     0  __rtentry2.o(.ARM.Collect$$rtentry$$0000000A)
    __rt_entry_postsh_1                      0x0800029f   Thumb Code     0  __rtentry2.o(.ARM.Collect$$rtentry$$00000009)
    __rt_entry_main                          0x080002a3   Thumb Code     0  __rtentry2.o(.ARM.Collect$$rtentry$$0000000D)
    __rt_entry_postli_1                      0x080002a3   Thumb Code     0  __rtentry2.o(.ARM.Collect$$rtentry$$0000000C)
    __rt_exit                                0x080002ab   Thumb Code     0  rtexit.o(.ARM.Collect$$rtexit$$00000000)
    __rt_exit_ls                             0x080002ad   Thumb Code     0  rtexit2.o(.ARM.Collect$$rtexit$$00000003)
    __rt_exit_prels_1                        0x080002ad   Thumb Code     0  rtexit2.o(.ARM.Collect$$rtexit$$00000002)
    __rt_exit_exit                           0x080002b1   Thumb Code     0  rtexit2.o(.ARM.Collect$$rtexit$$00000004)
    Reset_Handler                            0x080002b9   Thumb Code     8  startup_stm32f767xx.o(.text)
    ADC_IRQHandler                           0x080002d3   Thumb Code     0  startup_stm32f767xx.o(.text)
    CAN1_RX0_IRQHandler                      0x080002d3   Thumb Code     0  startup_stm32f767xx.o(.text)
    CAN1_RX1_IRQHandler                      0x080002d3   Thumb Code     0  startup_stm32f767xx.o(.text)
    CAN1_SCE_IRQHandler                      0x080002d3   Thumb Code     0  startup_stm32f767xx.o(.text)
    CAN1_TX_IRQHandler                       0x080002d3   Thumb Code     0  startup_stm32f767xx.o(.text)
    CAN2_RX0_IRQHandler                      0x080002d3   Thumb Code     0  startup_stm32f767xx.o(.text)
    CAN2_RX1_IRQHandler                      0x080002d3   Thumb Code     0  startup_stm32f767xx.o(.text)
    CAN2_SCE_IRQHandler                      0x080002d3   Thumb Code     0  startup_stm32f767xx.o(.text)
    CAN2_TX_IRQHandler                       0x080002d3   Thumb Code     0  startup_stm32f767xx.o(.text)
    CAN3_RX0_IRQHandler                      0x080002d3   Thumb Code     0  startup_stm32f767xx.o(.text)
    CAN3_RX1_IRQHandler                      0x080002d3   Thumb Code     0  startup_stm32f767xx.o(.text)
    CAN3_SCE_IRQHandler                      0x080002d3   Thumb Code     0  startup_stm32f767xx.o(.text)
    CAN3_TX_IRQHandler                       0x080002d3   Thumb Code     0  startup_stm32f767xx.o(.text)
    CEC_IRQHandler                           0x080002d3   Thumb Code     0  startup_stm32f767xx.o(.text)
    DCMI_IRQHandler                          0x080002d3   Thumb Code     0  startup_stm32f767xx.o(.text)
    DFSDM1_FLT0_IRQHandler                   0x080002d3   Thumb Code     0  startup_stm32f767xx.o(.text)
    DFSDM1_FLT1_IRQHandler                   0x080002d3   Thumb Code     0  startup_stm32f767xx.o(.text)
    DFSDM1_FLT2_IRQHandler                   0x080002d3   Thumb Code     0  startup_stm32f767xx.o(.text)
    DFSDM1_FLT3_IRQHandler                   0x080002d3   Thumb Code     0  startup_stm32f767xx.o(.text)
    DMA1_Stream0_IRQHandler                  0x080002d3   Thumb Code     0  startup_stm32f767xx.o(.text)
    DMA1_Stream1_IRQHandler                  0x080002d3   Thumb Code     0  startup_stm32f767xx.o(.text)
    DMA1_Stream2_IRQHandler                  0x080002d3   Thumb Code     0  startup_stm32f767xx.o(.text)
    DMA1_Stream3_IRQHandler                  0x080002d3   Thumb Code     0  startup_stm32f767xx.o(.text)
    DMA1_Stream4_IRQHandler                  0x080002d3   Thumb Code     0  startup_stm32f767xx.o(.text)
    DMA1_Stream5_IRQHandler                  0x080002d3   Thumb Code     0  startup_stm32f767xx.o(.text)
    DMA1_Stream6_IRQHandler                  0x080002d3   Thumb Code     0  startup_stm32f767xx.o(.text)
    DMA1_Stream7_IRQHandler                  0x080002d3   Thumb Code     0  startup_stm32f767xx.o(.text)
    DMA2D_IRQHandler                         0x080002d3   Thumb Code     0  startup_stm32f767xx.o(.text)
    DMA2_Stream0_IRQHandler                  0x080002d3   Thumb Code     0  startup_stm32f767xx.o(.text)
    DMA2_Stream1_IRQHandler                  0x080002d3   Thumb Code     0  startup_stm32f767xx.o(.text)
    DMA2_Stream2_IRQHandler                  0x080002d3   Thumb Code     0  startup_stm32f767xx.o(.text)
    DMA2_Stream3_IRQHandler                  0x080002d3   Thumb Code     0  startup_stm32f767xx.o(.text)
    DMA2_Stream4_IRQHandler                  0x080002d3   Thumb Code     0  startup_stm32f767xx.o(.text)
    DMA2_Stream5_IRQHandler                  0x080002d3   Thumb Code     0  startup_stm32f767xx.o(.text)
    DMA2_Stream6_IRQHandler                  0x080002d3   Thumb Code     0  startup_stm32f767xx.o(.text)
    DMA2_Stream7_IRQHandler                  0x080002d3   Thumb Code     0  startup_stm32f767xx.o(.text)
    ETH_IRQHandler                           0x080002d3   Thumb Code     0  startup_stm32f767xx.o(.text)
    ETH_WKUP_IRQHandler                      0x080002d3   Thumb Code     0  startup_stm32f767xx.o(.text)
    EXTI0_IRQHandler                         0x080002d3   Thumb Code     0  startup_stm32f767xx.o(.text)
    EXTI15_10_IRQHandler                     0x080002d3   Thumb Code     0  startup_stm32f767xx.o(.text)
    EXTI1_IRQHandler                         0x080002d3   Thumb Code     0  startup_stm32f767xx.o(.text)
    EXTI2_IRQHandler                         0x080002d3   Thumb Code     0  startup_stm32f767xx.o(.text)
    EXTI3_IRQHandler                         0x080002d3   Thumb Code     0  startup_stm32f767xx.o(.text)
    EXTI4_IRQHandler                         0x080002d3   Thumb Code     0  startup_stm32f767xx.o(.text)
    EXTI9_5_IRQHandler                       0x080002d3   Thumb Code     0  startup_stm32f767xx.o(.text)
    FLASH_IRQHandler                         0x080002d3   Thumb Code     0  startup_stm32f767xx.o(.text)
    FMC_IRQHandler                           0x080002d3   Thumb Code     0  startup_stm32f767xx.o(.text)
    FPU_IRQHandler                           0x080002d3   Thumb Code     0  startup_stm32f767xx.o(.text)
    I2C1_ER_IRQHandler                       0x080002d3   Thumb Code     0  startup_stm32f767xx.o(.text)
    I2C1_EV_IRQHandler                       0x080002d3   Thumb Code     0  startup_stm32f767xx.o(.text)
    I2C2_ER_IRQHandler                       0x080002d3   Thumb Code     0  startup_stm32f767xx.o(.text)
    I2C2_EV_IRQHandler                       0x080002d3   Thumb Code     0  startup_stm32f767xx.o(.text)
    I2C3_ER_IRQHandler                       0x080002d3   Thumb Code     0  startup_stm32f767xx.o(.text)
    I2C3_EV_IRQHandler                       0x080002d3   Thumb Code     0  startup_stm32f767xx.o(.text)
    I2C4_ER_IRQHandler                       0x080002d3   Thumb Code     0  startup_stm32f767xx.o(.text)
    I2C4_EV_IRQHandler                       0x080002d3   Thumb Code     0  startup_stm32f767xx.o(.text)
    JPEG_IRQHandler                          0x080002d3   Thumb Code     0  startup_stm32f767xx.o(.text)
    LPTIM1_IRQHandler                        0x080002d3   Thumb Code     0  startup_stm32f767xx.o(.text)
    LTDC_ER_IRQHandler                       0x080002d3   Thumb Code     0  startup_stm32f767xx.o(.text)
    LTDC_IRQHandler                          0x080002d3   Thumb Code     0  startup_stm32f767xx.o(.text)
    MDIOS_IRQHandler                         0x080002d3   Thumb Code     0  startup_stm32f767xx.o(.text)
    OTG_FS_IRQHandler                        0x080002d3   Thumb Code     0  startup_stm32f767xx.o(.text)
    OTG_FS_WKUP_IRQHandler                   0x080002d3   Thumb Code     0  startup_stm32f767xx.o(.text)
    OTG_HS_EP1_IN_IRQHandler                 0x080002d3   Thumb Code     0  startup_stm32f767xx.o(.text)
    OTG_HS_EP1_OUT_IRQHandler                0x080002d3   Thumb Code     0  startup_stm32f767xx.o(.text)
    OTG_HS_IRQHandler                        0x080002d3   Thumb Code     0  startup_stm32f767xx.o(.text)
    OTG_HS_WKUP_IRQHandler                   0x080002d3   Thumb Code     0  startup_stm32f767xx.o(.text)
    PVD_IRQHandler                           0x080002d3   Thumb Code     0  startup_stm32f767xx.o(.text)
    QUADSPI_IRQHandler                       0x080002d3   Thumb Code     0  startup_stm32f767xx.o(.text)
    RCC_IRQHandler                           0x080002d3   Thumb Code     0  startup_stm32f767xx.o(.text)
    RNG_IRQHandler                           0x080002d3   Thumb Code     0  startup_stm32f767xx.o(.text)
    RTC_Alarm_IRQHandler                     0x080002d3   Thumb Code     0  startup_stm32f767xx.o(.text)
    RTC_WKUP_IRQHandler                      0x080002d3   Thumb Code     0  startup_stm32f767xx.o(.text)
    SAI1_IRQHandler                          0x080002d3   Thumb Code     0  startup_stm32f767xx.o(.text)
    SAI2_IRQHandler                          0x080002d3   Thumb Code     0  startup_stm32f767xx.o(.text)
    SDMMC1_IRQHandler                        0x080002d3   Thumb Code     0  startup_stm32f767xx.o(.text)
    SDMMC2_IRQHandler                        0x080002d3   Thumb Code     0  startup_stm32f767xx.o(.text)
    SPDIF_RX_IRQHandler                      0x080002d3   Thumb Code     0  startup_stm32f767xx.o(.text)
    SPI1_IRQHandler                          0x080002d3   Thumb Code     0  startup_stm32f767xx.o(.text)
    SPI2_IRQHandler                          0x080002d3   Thumb Code     0  startup_stm32f767xx.o(.text)
    SPI3_IRQHandler                          0x080002d3   Thumb Code     0  startup_stm32f767xx.o(.text)
    SPI4_IRQHandler                          0x080002d3   Thumb Code     0  startup_stm32f767xx.o(.text)
    SPI5_IRQHandler                          0x080002d3   Thumb Code     0  startup_stm32f767xx.o(.text)
    SPI6_IRQHandler                          0x080002d3   Thumb Code     0  startup_stm32f767xx.o(.text)
    TAMP_STAMP_IRQHandler                    0x080002d3   Thumb Code     0  startup_stm32f767xx.o(.text)
    TIM1_BRK_TIM9_IRQHandler                 0x080002d3   Thumb Code     0  startup_stm32f767xx.o(.text)
    TIM1_CC_IRQHandler                       0x080002d3   Thumb Code     0  startup_stm32f767xx.o(.text)
    TIM1_TRG_COM_TIM11_IRQHandler            0x080002d3   Thumb Code     0  startup_stm32f767xx.o(.text)
    TIM1_UP_TIM10_IRQHandler                 0x080002d3   Thumb Code     0  startup_stm32f767xx.o(.text)
    TIM3_IRQHandler                          0x080002d3   Thumb Code     0  startup_stm32f767xx.o(.text)
    TIM4_IRQHandler                          0x080002d3   Thumb Code     0  startup_stm32f767xx.o(.text)
    TIM5_IRQHandler                          0x080002d3   Thumb Code     0  startup_stm32f767xx.o(.text)
    TIM6_DAC_IRQHandler                      0x080002d3   Thumb Code     0  startup_stm32f767xx.o(.text)
    TIM7_IRQHandler                          0x080002d3   Thumb Code     0  startup_stm32f767xx.o(.text)
    TIM8_BRK_TIM12_IRQHandler                0x080002d3   Thumb Code     0  startup_stm32f767xx.o(.text)
    TIM8_CC_IRQHandler                       0x080002d3   Thumb Code     0  startup_stm32f767xx.o(.text)
    TIM8_TRG_COM_TIM14_IRQHandler            0x080002d3   Thumb Code     0  startup_stm32f767xx.o(.text)
    TIM8_UP_TIM13_IRQHandler                 0x080002d3   Thumb Code     0  startup_stm32f767xx.o(.text)
    UART4_IRQHandler                         0x080002d3   Thumb Code     0  startup_stm32f767xx.o(.text)
    UART5_IRQHandler                         0x080002d3   Thumb Code     0  startup_stm32f767xx.o(.text)
    UART7_IRQHandler                         0x080002d3   Thumb Code     0  startup_stm32f767xx.o(.text)
    UART8_IRQHandler                         0x080002d3   Thumb Code     0  startup_stm32f767xx.o(.text)
    USART6_IRQHandler                        0x080002d3   Thumb Code     0  startup_stm32f767xx.o(.text)
    WWDG_IRQHandler                          0x080002d3   Thumb Code     0  startup_stm32f767xx.o(.text)
    __user_initial_stackheap                 0x080002d5   Thumb Code     0  startup_stm32f767xx.o(.text)
    __use_no_semihosting                     0x080002f9   Thumb Code     2  use_no_semi_2.o(.text)
    __aeabi_uldivmod                         0x080002fb   Thumb Code     0  lludivv7m.o(.text)
    _ll_udiv                                 0x080002fb   Thumb Code   238  lludivv7m.o(.text)
    __2printf                                0x080003e9   Thumb Code    20  noretval__2printf.o(.text)
    _printf_int_dec                          0x08000401   Thumb Code   104  _printf_dec.o(.text)
    __printf                                 0x08000479   Thumb Code   184  __printf_ss.o(.text)
    __aeabi_memclr4                          0x08000531   Thumb Code     0  rt_memclr_w.o(.text)
    __aeabi_memclr8                          0x08000531   Thumb Code     0  rt_memclr_w.o(.text)
    __rt_memclr_w                            0x08000531   Thumb Code    78  rt_memclr_w.o(.text)
    _memset_w                                0x08000535   Thumb Code     0  rt_memclr_w.o(.text)
    __use_two_region_memory                  0x0800057f   Thumb Code     2  heapauxi.o(.text)
    __rt_heap_escrow$2region                 0x08000581   Thumb Code     2  heapauxi.o(.text)
    __rt_heap_expand$2region                 0x08000583   Thumb Code     2  heapauxi.o(.text)
    __semihosting$guard                      0x08000585   Thumb Code     0  use_no_semi.o(.text)
    __use_no_semihosting_swi                 0x08000585   Thumb Code     2  use_no_semi.o(.text)
    _printf_int_common                       0x08000587   Thumb Code   178  _printf_intcommon.o(.text)
    __lib_sel_fp_printf                      0x08000639   Thumb Code     2  _printf_fp_dec.o(.text)
    _printf_fp_dec_real                      0x080007eb   Thumb Code   620  _printf_fp_dec.o(.text)
    _printf_char_file                        0x08000a59   Thumb Code    32  _printf_char_file.o(.text)
    __rt_locale                              0x08000a7d   Thumb Code     8  rt_locale_intlibspace.o(.text)
    _ll_udiv10                               0x08000a85   Thumb Code   138  lludiv10.o(.text)
    _printf_char_common                      0x08000b1b   Thumb Code    32  _printf_char_common.o(.text)
    _printf_fp_infnan                        0x08000b41   Thumb Code   112  _printf_fp_infnan.o(.text)
    _btod_etento                             0x08000bc1   Thumb Code   224  bigflt0.o(.text)
    ferror                                   0x08000ca5   Thumb Code     8  ferror.o(.text)
    __user_libspace                          0x08000cad   Thumb Code     8  libspace.o(.text)
    __user_perproc_libspace                  0x08000cad   Thumb Code     0  libspace.o(.text)
    __user_perthread_libspace                0x08000cad   Thumb Code     0  libspace.o(.text)
    __user_setup_stackheap                   0x08000cb5   Thumb Code    74  sys_stackheap_outer.o(.text)
    exit                                     0x08000cff   Thumb Code    18  exit.o(.text)
    strcmp                                   0x08000d11   Thumb Code   104  strcmpv7m_pel.o(.text)
    _btod_d2e                                0x08000d79   Thumb Code    62  btod.o(CL$$btod_d2e)
    _d2e_denorm_low                          0x08000db7   Thumb Code    70  btod.o(CL$$btod_d2e_denorm_low)
    _d2e_norm_op1                            0x08000dfd   Thumb Code    96  btod.o(CL$$btod_d2e_norm_op1)
    __btod_div_common                        0x08000e5d   Thumb Code   696  btod.o(CL$$btod_div_common)
    _e2e                                     0x08001195   Thumb Code   220  btod.o(CL$$btod_e2e)
    _btod_ediv                               0x08001271   Thumb Code    42  btod.o(CL$$btod_ediv)
    _btod_emul                               0x0800129b   Thumb Code    42  btod.o(CL$$btod_emul)
    __btod_mult_common                       0x080012c5   Thumb Code   580  btod.o(CL$$btod_mult_common)
    BusFault_Handler                         0x08001509   Thumb Code     4  stm32f7xx_it.o(i.BusFault_Handler)
    DebugMon_Handler                         0x0800150d   Thumb Code     2  stm32f7xx_it.o(i.DebugMon_Handler)
    Encoder_Send_recv                        0x08001511   Thumb Code    44  rls_encoder.o(i.Encoder_Send_recv)
    Error_Handler                            0x0800154d   Thumb Code     6  main.o(i.Error_Handler)
    Extract_Encoder_Data                     0x08001553   Thumb Code    86  rls_encoder.o(i.Extract_Encoder_Data)
    HAL_DMA_Abort                            0x080015a9   Thumb Code   172  stm32f7xx_hal_dma.o(i.HAL_DMA_Abort)
    HAL_DMA_Abort_IT                         0x08001655   Thumb Code    40  stm32f7xx_hal_dma.o(i.HAL_DMA_Abort_IT)
    HAL_Delay                                0x0800167d   Thumb Code    36  stm32f7xx_hal.o(i.HAL_Delay)
    HAL_GPIO_Init                            0x080016a5   Thumb Code   472  stm32f7xx_hal_gpio.o(i.HAL_GPIO_Init)
    HAL_GPIO_TogglePin                       0x080018b1   Thumb Code    20  stm32f7xx_hal_gpio.o(i.HAL_GPIO_TogglePin)
    HAL_GPIO_WritePin                        0x080018c5   Thumb Code    12  stm32f7xx_hal_gpio.o(i.HAL_GPIO_WritePin)
    HAL_GetTick                              0x080018d1   Thumb Code     6  stm32f7xx_hal.o(i.HAL_GetTick)
    HAL_IncTick                              0x080018dd   Thumb Code    16  stm32f7xx_hal.o(i.HAL_IncTick)
    HAL_Init                                 0x080018f5   Thumb Code    22  stm32f7xx_hal.o(i.HAL_Init)
    HAL_InitTick                             0x0800190d   Thumb Code    64  stm32f7xx_hal.o(i.HAL_InitTick)
    HAL_MPU_ConfigRegion                     0x08001959   Thumb Code    88  stm32f7xx_hal_cortex.o(i.HAL_MPU_ConfigRegion)
    HAL_MPU_Disable                          0x080019b5   Thumb Code    38  stm32f7xx_hal_cortex.o(i.HAL_MPU_Disable)
    HAL_MPU_Enable                           0x080019e1   Thumb Code    58  stm32f7xx_hal_cortex.o(i.HAL_MPU_Enable)
    HAL_MspInit                              0x08001a21   Thumb Code    60  stm32f7xx_hal_msp.o(i.HAL_MspInit)
    HAL_NVIC_EnableIRQ                       0x08001a61   Thumb Code    32  stm32f7xx_hal_cortex.o(i.HAL_NVIC_EnableIRQ)
    HAL_NVIC_SetPriority                     0x08001a81   Thumb Code   124  stm32f7xx_hal_cortex.o(i.HAL_NVIC_SetPriority)
    HAL_NVIC_SetPriorityGrouping             0x08001afd   Thumb Code    32  stm32f7xx_hal_cortex.o(i.HAL_NVIC_SetPriorityGrouping)
    HAL_PWREx_EnableOverDrive                0x08001b25   Thumb Code   136  stm32f7xx_hal_pwr_ex.o(i.HAL_PWREx_EnableOverDrive)
    HAL_PWR_EnableBkUpAccess                 0x08001bb5   Thumb Code    14  stm32f7xx_hal_pwr.o(i.HAL_PWR_EnableBkUpAccess)
    HAL_RCCEx_PeriphCLKConfig                0x08001bc9   Thumb Code  1880  stm32f7xx_hal_rcc_ex.o(i.HAL_RCCEx_PeriphCLKConfig)
    HAL_RCC_ClockConfig                      0x08002325   Thumb Code   384  stm32f7xx_hal_rcc.o(i.HAL_RCC_ClockConfig)
    HAL_RCC_GetHCLKFreq                      0x080024b9   Thumb Code     6  stm32f7xx_hal_rcc.o(i.HAL_RCC_GetHCLKFreq)
    HAL_RCC_GetPCLK1Freq                     0x080024c5   Thumb Code    22  stm32f7xx_hal_rcc.o(i.HAL_RCC_GetPCLK1Freq)
    HAL_RCC_GetPCLK2Freq                     0x080024e5   Thumb Code    22  stm32f7xx_hal_rcc.o(i.HAL_RCC_GetPCLK2Freq)
    HAL_RCC_GetSysClockFreq                  0x08002505   Thumb Code   162  stm32f7xx_hal_rcc.o(i.HAL_RCC_GetSysClockFreq)
    HAL_RCC_OscConfig                        0x080025b5   Thumb Code  1296  stm32f7xx_hal_rcc.o(i.HAL_RCC_OscConfig)
    HAL_SYSTICK_Config                       0x08002ac9   Thumb Code    52  stm32f7xx_hal_cortex.o(i.HAL_SYSTICK_Config)
    HAL_TIMEx_Break2Callback                 0x08002afd   Thumb Code     2  stm32f7xx_hal_tim_ex.o(i.HAL_TIMEx_Break2Callback)
    HAL_TIMEx_BreakCallback                  0x08002aff   Thumb Code     2  stm32f7xx_hal_tim_ex.o(i.HAL_TIMEx_BreakCallback)
    HAL_TIMEx_CommutCallback                 0x08002b01   Thumb Code     2  stm32f7xx_hal_tim_ex.o(i.HAL_TIMEx_CommutCallback)
    HAL_TIMEx_MasterConfigSynchronization    0x08002b05   Thumb Code   174  stm32f7xx_hal_tim_ex.o(i.HAL_TIMEx_MasterConfigSynchronization)
    HAL_TIM_Base_Init                        0x08002bd1   Thumb Code   110  stm32f7xx_hal_tim.o(i.HAL_TIM_Base_Init)
    HAL_TIM_Base_MspInit                     0x08002c41   Thumb Code    58  tim.o(i.HAL_TIM_Base_MspInit)
    HAL_TIM_ConfigClockSource                0x08002c81   Thumb Code   268  stm32f7xx_hal_tim.o(i.HAL_TIM_ConfigClockSource)
    HAL_TIM_IC_CaptureCallback               0x08002d91   Thumb Code     2  stm32f7xx_hal_tim.o(i.HAL_TIM_IC_CaptureCallback)
    HAL_TIM_IRQHandler                       0x08002d93   Thumb Code   440  stm32f7xx_hal_tim.o(i.HAL_TIM_IRQHandler)
    HAL_TIM_OC_DelayElapsedCallback          0x08002f4b   Thumb Code     2  stm32f7xx_hal_tim.o(i.HAL_TIM_OC_DelayElapsedCallback)
    HAL_TIM_PWM_PulseFinishedCallback        0x08002f4d   Thumb Code     2  stm32f7xx_hal_tim.o(i.HAL_TIM_PWM_PulseFinishedCallback)
    HAL_TIM_PeriodElapsedCallback            0x08002f4f   Thumb Code     2  stm32f7xx_hal_tim.o(i.HAL_TIM_PeriodElapsedCallback)
    HAL_TIM_TriggerCallback                  0x08002f51   Thumb Code     2  stm32f7xx_hal_tim.o(i.HAL_TIM_TriggerCallback)
    HAL_UARTEx_ReceiveToIdle                 0x08002f53   Thumb Code   362  stm32f7xx_hal_uart_ex.o(i.HAL_UARTEx_ReceiveToIdle)
    HAL_UARTEx_RxEventCallback               0x080030bd   Thumb Code     2  stm32f7xx_hal_uart.o(i.HAL_UARTEx_RxEventCallback)
    HAL_UARTEx_WakeupCallback                0x080030bf   Thumb Code     2  stm32f7xx_hal_uart.o(i.HAL_UARTEx_WakeupCallback)
    HAL_UART_ErrorCallback                   0x080030c1   Thumb Code     2  stm32f7xx_hal_uart.o(i.HAL_UART_ErrorCallback)
    HAL_UART_IRQHandler                      0x080030c5   Thumb Code   838  stm32f7xx_hal_uart.o(i.HAL_UART_IRQHandler)
    HAL_UART_Init                            0x08003415   Thumb Code   116  stm32f7xx_hal_uart.o(i.HAL_UART_Init)
    HAL_UART_MspInit                         0x08003489   Thumb Code   466  usart.o(i.HAL_UART_MspInit)
    HAL_UART_Receive_IT                      0x08003675   Thumb Code    80  stm32f7xx_hal_uart.o(i.HAL_UART_Receive_IT)
    HAL_UART_RxCpltCallback                  0x080036c5   Thumb Code    46  main.o(i.HAL_UART_RxCpltCallback)
    HAL_UART_Transmit                        0x08003709   Thumb Code   178  stm32f7xx_hal_uart.o(i.HAL_UART_Transmit)
    HAL_UART_TxCpltCallback                  0x080037bb   Thumb Code     2  stm32f7xx_hal_uart.o(i.HAL_UART_TxCpltCallback)
    HardFault_Handler                        0x080037bd   Thumb Code     4  stm32f7xx_it.o(i.HardFault_Handler)
    MX_GPIO_Init                             0x08003819   Thumb Code   168  gpio.o(i.MX_GPIO_Init)
    MX_TIM2_Init                             0x080038c9   Thumb Code   104  tim.o(i.MX_TIM2_Init)
    MX_USART1_UART_Init                      0x08003935   Thumb Code    54  usart.o(i.MX_USART1_UART_Init)
    MX_USART2_UART_Init                      0x08003979   Thumb Code    56  usart.o(i.MX_USART2_UART_Init)
    MX_USART3_UART_Init                      0x080039b9   Thumb Code    56  usart.o(i.MX_USART3_UART_Init)
    MemManage_Handler                        0x080039f9   Thumb Code     4  stm32f7xx_it.o(i.MemManage_Handler)
    NMI_Handler                              0x080039fd   Thumb Code     4  stm32f7xx_it.o(i.NMI_Handler)
    PendSV_Handler                           0x08003a01   Thumb Code     2  stm32f7xx_it.o(i.PendSV_Handler)
    SERVO_Send_recv                          0x08003a05   Thumb Code   138  go-m8010-6.o(i.SERVO_Send_recv)
    SVC_Handler                              0x08003a99   Thumb Code     2  stm32f7xx_it.o(i.SVC_Handler)
    SysTick_Handler                          0x08003a9b   Thumb Code     8  stm32f7xx_it.o(i.SysTick_Handler)
    SystemClock_Config                       0x08003aa5   Thumb Code   178  main.o(i.SystemClock_Config)
    SystemInit                               0x08003b61   Thumb Code    14  system_stm32f7xx.o(i.SystemInit)
    TIM2_IRQHandler                          0x08003b75   Thumb Code    10  stm32f7xx_it.o(i.TIM2_IRQHandler)
    TIM_Base_SetConfig                       0x08003b85   Thumb Code   170  stm32f7xx_hal_tim.o(i.TIM_Base_SetConfig)
    TIM_ETR_SetConfig                        0x08003c5d   Thumb Code    22  stm32f7xx_hal_tim.o(i.TIM_ETR_SetConfig)
    UART_AdvFeatureConfig                    0x08003cd3   Thumb Code   248  stm32f7xx_hal_uart.o(i.UART_AdvFeatureConfig)
    UART_CheckIdleState                      0x08003dcb   Thumb Code   118  stm32f7xx_hal_uart.o(i.UART_CheckIdleState)
    UART_SetConfig                           0x08004091   Thumb Code   782  stm32f7xx_hal_uart.o(i.UART_SetConfig)
    UART_Start_Receive_IT                    0x080043cd   Thumb Code   234  stm32f7xx_hal_uart.o(i.UART_Start_Receive_IT)
    UART_WaitOnFlagUntilTimeout              0x080044c1   Thumb Code   252  stm32f7xx_hal_uart.o(i.UART_WaitOnFlagUntilTimeout)
    USART1_IRQHandler                        0x080045bd   Thumb Code    10  stm32f7xx_it.o(i.USART1_IRQHandler)
    USART2_IRQHandler                        0x080045cd   Thumb Code    10  stm32f7xx_it.o(i.USART2_IRQHandler)
    USART3_IRQHandler                        0x080045dd   Thumb Code    10  stm32f7xx_it.o(i.USART3_IRQHandler)
    UsageFault_Handler                       0x080045ed   Thumb Code     4  stm32f7xx_it.o(i.UsageFault_Handler)
    __ARM_fpclassify                         0x080045f1   Thumb Code    48  fpclassify.o(i.__ARM_fpclassify)
    _sys_exit                                0x08004659   Thumb Code     4  usart.o(i._sys_exit)
    extract_data                             0x0800469d   Thumb Code   210  go-m8010-6.o(i.extract_data)
    fputc                                    0x08004799   Thumb Code    22  usart.o(i.fputc)
    main                                     0x080047b5   Thumb Code   292  main.o(i.main)
    modify_data                              0x08004949   Thumb Code   486  go-m8010-6.o(i.modify_data)
    _get_lc_numeric                          0x08004b61   Thumb Code    44  lc_numeric_c.o(locale$$code)
    _fp_init                                 0x08004b8d   Thumb Code    10  fpinit.o(x$fpl$fpinit)
    __fplib_config_fpu_vfp                   0x08004b95   Thumb Code     0  fpinit.o(x$fpl$fpinit)
    __fplib_config_pureend_doubles           0x08004b95   Thumb Code     0  fpinit.o(x$fpl$fpinit)
    _printf_fp_dec                           0x08004b97   Thumb Code     4  printf1.o(x$fpl$printf1)
    __I$use$fp                               0x08004b9a   Number         0  usenofp.o(x$fpl$usenofp)
    crc_ccitt_table                          0x08004b9a   Data         512  go-m8010-6.o(.constdata)
    AHBPrescTable                            0x08004d9a   Data          16  system_stm32f7xx.o(.constdata)
    APBPrescTable                            0x08004daa   Data           8  system_stm32f7xx.o(.constdata)
    Region$$Table$$Base                      0x08004e48   Number         0  anon$$obj.o(Region$$Table)
    Region$$Table$$Limit                     0x08004e68   Number         0  anon$$obj.o(Region$$Table)
    blow_position                            0x20000000   Data           4  main.o(.data)
    __stdout                                 0x20000004   Data           4  usart.o(.data)
    USART_RX_STA                             0x20000008   Data           2  usart.o(.data)
    uwTick                                   0x2000000c   Data           4  stm32f7xx_hal.o(.data)
    uwTickPrio                               0x20000010   Data           4  stm32f7xx_hal.o(.data)
    uwTickFreq                               0x20000014   Data           1  stm32f7xx_hal.o(.data)
    SystemCoreClock                          0x20000018   Data           4  system_stm32f7xx.o(.data)
    g_encoder_recv_buf                       0x2000001c   Data          13  rls_encoder.o(.bss)
    cmd                                      0x20000030   Data          64  main.o(.bss)
    data                                     0x20000070   Data          64  main.o(.bss)
    htim2                                    0x200000b0   Data          76  tim.o(.bss)
    huart1                                   0x200000fc   Data         136  usart.o(.bss)
    huart2                                   0x20000184   Data         136  usart.o(.bss)
    huart3                                   0x2000020c   Data         136  usart.o(.bss)
    __libspace_start                         0x20000294   Data          96  libspace.o(.bss)
    __temporary_stack_top$libspace           0x200002f4   Data           0  libspace.o(.bss)



==============================================================================

Memory Map of the image

  Image Entry point : 0x080001f9

  Load Region LR_IROM1 (Base: 0x08000000, Size: 0x00004ea0, Max: 0x00200000, ABSOLUTE)

    Execution Region ER_IROM1 (Exec base: 0x08000000, Load base: 0x08000000, Size: 0x00004e84, Max: 0x00200000, ABSOLUTE)

    Exec Addr    Load Addr    Size         Type   Attr      Idx    E Section Name        Object

    0x08000000   0x08000000   0x000001f8   Data   RO            3    RESET               startup_stm32f767xx.o
    0x080001f8   0x080001f8   0x00000008   Code   RO         3913  * !!!main             c_w.l(__main.o)
    0x08000200   0x08000200   0x00000034   Code   RO         4136    !!!scatter          c_w.l(__scatter.o)
    0x08000234   0x08000234   0x0000001a   Code   RO         4138    !!handler_copy      c_w.l(__scatter_copy.o)
    0x0800024e   0x0800024e   0x00000002   PAD
    0x08000250   0x08000250   0x0000001c   Code   RO         4140    !!handler_zi        c_w.l(__scatter_zi.o)
    0x0800026c   0x0800026c   0x00000000   Code   RO         3908    .ARM.Collect$$_printf_percent$$00000000  c_w.l(_printf_percent.o)
    0x0800026c   0x0800026c   0x00000006   Code   RO         3907    .ARM.Collect$$_printf_percent$$00000003  c_w.l(_printf_f.o)
    0x08000272   0x08000272   0x00000006   Code   RO         3906    .ARM.Collect$$_printf_percent$$00000009  c_w.l(_printf_d.o)
    0x08000278   0x08000278   0x00000004   Code   RO         3930    .ARM.Collect$$_printf_percent$$00000017  c_w.l(_printf_percent_end.o)
    0x0800027c   0x0800027c   0x00000002   Code   RO         4016    .ARM.Collect$$libinit$$00000000  c_w.l(libinit.o)
    0x0800027e   0x0800027e   0x00000004   Code   RO         4017    .ARM.Collect$$libinit$$00000001  c_w.l(libinit2.o)
    0x08000282   0x08000282   0x00000000   Code   RO         4020    .ARM.Collect$$libinit$$00000004  c_w.l(libinit2.o)
    0x08000282   0x08000282   0x00000000   Code   RO         4023    .ARM.Collect$$libinit$$0000000A  c_w.l(libinit2.o)
    0x08000282   0x08000282   0x00000000   Code   RO         4025    .ARM.Collect$$libinit$$0000000C  c_w.l(libinit2.o)
    0x08000282   0x08000282   0x00000000   Code   RO         4027    .ARM.Collect$$libinit$$0000000E  c_w.l(libinit2.o)
    0x08000282   0x08000282   0x00000006   Code   RO         4028    .ARM.Collect$$libinit$$0000000F  c_w.l(libinit2.o)
    0x08000288   0x08000288   0x00000000   Code   RO         4030    .ARM.Collect$$libinit$$00000011  c_w.l(libinit2.o)
    0x08000288   0x08000288   0x00000000   Code   RO         4032    .ARM.Collect$$libinit$$00000013  c_w.l(libinit2.o)
    0x08000288   0x08000288   0x00000000   Code   RO         4034    .ARM.Collect$$libinit$$00000015  c_w.l(libinit2.o)
    0x08000288   0x08000288   0x0000000a   Code   RO         4035    .ARM.Collect$$libinit$$00000016  c_w.l(libinit2.o)
    0x08000292   0x08000292   0x00000000   Code   RO         4036    .ARM.Collect$$libinit$$00000017  c_w.l(libinit2.o)
    0x08000292   0x08000292   0x00000000   Code   RO         4038    .ARM.Collect$$libinit$$00000019  c_w.l(libinit2.o)
    0x08000292   0x08000292   0x00000000   Code   RO         4040    .ARM.Collect$$libinit$$0000001B  c_w.l(libinit2.o)
    0x08000292   0x08000292   0x00000000   Code   RO         4042    .ARM.Collect$$libinit$$0000001D  c_w.l(libinit2.o)
    0x08000292   0x08000292   0x00000000   Code   RO         4044    .ARM.Collect$$libinit$$0000001F  c_w.l(libinit2.o)
    0x08000292   0x08000292   0x00000000   Code   RO         4046    .ARM.Collect$$libinit$$00000021  c_w.l(libinit2.o)
    0x08000292   0x08000292   0x00000000   Code   RO         4048    .ARM.Collect$$libinit$$00000023  c_w.l(libinit2.o)
    0x08000292   0x08000292   0x00000000   Code   RO         4050    .ARM.Collect$$libinit$$00000025  c_w.l(libinit2.o)
    0x08000292   0x08000292   0x00000000   Code   RO         4054    .ARM.Collect$$libinit$$0000002C  c_w.l(libinit2.o)
    0x08000292   0x08000292   0x00000000   Code   RO         4056    .ARM.Collect$$libinit$$0000002E  c_w.l(libinit2.o)
    0x08000292   0x08000292   0x00000000   Code   RO         4058    .ARM.Collect$$libinit$$00000030  c_w.l(libinit2.o)
    0x08000292   0x08000292   0x00000000   Code   RO         4060    .ARM.Collect$$libinit$$00000032  c_w.l(libinit2.o)
    0x08000292   0x08000292   0x00000002   Code   RO         4061    .ARM.Collect$$libinit$$00000033  c_w.l(libinit2.o)
    0x08000294   0x08000294   0x00000002   Code   RO         4099    .ARM.Collect$$libshutdown$$00000000  c_w.l(libshutdown.o)
    0x08000296   0x08000296   0x00000000   Code   RO         4117    .ARM.Collect$$libshutdown$$00000002  c_w.l(libshutdown2.o)
    0x08000296   0x08000296   0x00000000   Code   RO         4119    .ARM.Collect$$libshutdown$$00000004  c_w.l(libshutdown2.o)
    0x08000296   0x08000296   0x00000000   Code   RO         4121    .ARM.Collect$$libshutdown$$00000006  c_w.l(libshutdown2.o)
    0x08000296   0x08000296   0x00000000   Code   RO         4124    .ARM.Collect$$libshutdown$$00000009  c_w.l(libshutdown2.o)
    0x08000296   0x08000296   0x00000000   Code   RO         4127    .ARM.Collect$$libshutdown$$0000000C  c_w.l(libshutdown2.o)
    0x08000296   0x08000296   0x00000000   Code   RO         4129    .ARM.Collect$$libshutdown$$0000000E  c_w.l(libshutdown2.o)
    0x08000296   0x08000296   0x00000000   Code   RO         4132    .ARM.Collect$$libshutdown$$00000011  c_w.l(libshutdown2.o)
    0x08000296   0x08000296   0x00000002   Code   RO         4133    .ARM.Collect$$libshutdown$$00000012  c_w.l(libshutdown2.o)
    0x08000298   0x08000298   0x00000000   Code   RO         3919    .ARM.Collect$$rtentry$$00000000  c_w.l(__rtentry.o)
    0x08000298   0x08000298   0x00000000   Code   RO         3932    .ARM.Collect$$rtentry$$00000002  c_w.l(__rtentry2.o)
    0x08000298   0x08000298   0x00000006   Code   RO         3944    .ARM.Collect$$rtentry$$00000004  c_w.l(__rtentry4.o)
    0x0800029e   0x0800029e   0x00000000   Code   RO         3934    .ARM.Collect$$rtentry$$00000009  c_w.l(__rtentry2.o)
    0x0800029e   0x0800029e   0x00000004   Code   RO         3935    .ARM.Collect$$rtentry$$0000000A  c_w.l(__rtentry2.o)
    0x080002a2   0x080002a2   0x00000000   Code   RO         3937    .ARM.Collect$$rtentry$$0000000C  c_w.l(__rtentry2.o)
    0x080002a2   0x080002a2   0x00000008   Code   RO         3938    .ARM.Collect$$rtentry$$0000000D  c_w.l(__rtentry2.o)
    0x080002aa   0x080002aa   0x00000002   Code   RO         4062    .ARM.Collect$$rtexit$$00000000  c_w.l(rtexit.o)
    0x080002ac   0x080002ac   0x00000000   Code   RO         4075    .ARM.Collect$$rtexit$$00000002  c_w.l(rtexit2.o)
    0x080002ac   0x080002ac   0x00000004   Code   RO         4076    .ARM.Collect$$rtexit$$00000003  c_w.l(rtexit2.o)
    0x080002b0   0x080002b0   0x00000006   Code   RO         4077    .ARM.Collect$$rtexit$$00000004  c_w.l(rtexit2.o)
    0x080002b6   0x080002b6   0x00000002   PAD
    0x080002b8   0x080002b8   0x00000040   Code   RO            4    .text               startup_stm32f767xx.o
    0x080002f8   0x080002f8   0x00000002   Code   RO         3874    .text               c_w.l(use_no_semi_2.o)
    0x080002fa   0x080002fa   0x000000ee   Code   RO         3876    .text               c_w.l(lludivv7m.o)
    0x080003e8   0x080003e8   0x00000018   Code   RO         3880    .text               c_w.l(noretval__2printf.o)
    0x08000400   0x08000400   0x00000078   Code   RO         3884    .text               c_w.l(_printf_dec.o)
    0x08000478   0x08000478   0x000000b8   Code   RO         3889    .text               c_w.l(__printf_ss.o)
    0x08000530   0x08000530   0x0000004e   Code   RO         3909    .text               c_w.l(rt_memclr_w.o)
    0x0800057e   0x0800057e   0x00000006   Code   RO         3911    .text               c_w.l(heapauxi.o)
    0x08000584   0x08000584   0x00000002   Code   RO         3917    .text               c_w.l(use_no_semi.o)
    0x08000586   0x08000586   0x000000b2   Code   RO         3924    .text               c_w.l(_printf_intcommon.o)
    0x08000638   0x08000638   0x0000041e   Code   RO         3926    .text               c_w.l(_printf_fp_dec.o)
    0x08000a56   0x08000a56   0x00000002   PAD
    0x08000a58   0x08000a58   0x00000024   Code   RO         3928    .text               c_w.l(_printf_char_file.o)
    0x08000a7c   0x08000a7c   0x00000008   Code   RO         3951    .text               c_w.l(rt_locale_intlibspace.o)
    0x08000a84   0x08000a84   0x0000008a   Code   RO         3953    .text               c_w.l(lludiv10.o)
    0x08000b0e   0x08000b0e   0x00000002   PAD
    0x08000b10   0x08000b10   0x00000030   Code   RO         3955    .text               c_w.l(_printf_char_common.o)
    0x08000b40   0x08000b40   0x00000080   Code   RO         3957    .text               c_w.l(_printf_fp_infnan.o)
    0x08000bc0   0x08000bc0   0x000000e4   Code   RO         3959    .text               c_w.l(bigflt0.o)
    0x08000ca4   0x08000ca4   0x00000008   Code   RO         3984    .text               c_w.l(ferror.o)
    0x08000cac   0x08000cac   0x00000008   Code   RO         3996    .text               c_w.l(libspace.o)
    0x08000cb4   0x08000cb4   0x0000004a   Code   RO         3999    .text               c_w.l(sys_stackheap_outer.o)
    0x08000cfe   0x08000cfe   0x00000012   Code   RO         4003    .text               c_w.l(exit.o)
    0x08000d10   0x08000d10   0x00000068   Code   RO         4009    .text               c_w.l(strcmpv7m_pel.o)
    0x08000d78   0x08000d78   0x0000003e   Code   RO         3962    CL$$btod_d2e        c_w.l(btod.o)
    0x08000db6   0x08000db6   0x00000046   Code   RO         3964    CL$$btod_d2e_denorm_low  c_w.l(btod.o)
    0x08000dfc   0x08000dfc   0x00000060   Code   RO         3963    CL$$btod_d2e_norm_op1  c_w.l(btod.o)
    0x08000e5c   0x08000e5c   0x00000338   Code   RO         3972    CL$$btod_div_common  c_w.l(btod.o)
    0x08001194   0x08001194   0x000000dc   Code   RO         3969    CL$$btod_e2e        c_w.l(btod.o)
    0x08001270   0x08001270   0x0000002a   Code   RO         3966    CL$$btod_ediv       c_w.l(btod.o)
    0x0800129a   0x0800129a   0x0000002a   Code   RO         3965    CL$$btod_emul       c_w.l(btod.o)
    0x080012c4   0x080012c4   0x00000244   Code   RO         3971    CL$$btod_mult_common  c_w.l(btod.o)
    0x08001508   0x08001508   0x00000004   Code   RO          456    i.BusFault_Handler  stm32f7xx_it.o
    0x0800150c   0x0800150c   0x00000002   Code   RO          457    i.DebugMon_Handler  stm32f7xx_it.o
    0x0800150e   0x0800150e   0x00000002   PAD
    0x08001510   0x08001510   0x0000003c   Code   RO          182    i.Encoder_Send_recv  rls_encoder.o
    0x0800154c   0x0800154c   0x00000006   Code   RO          239    i.Error_Handler     main.o
    0x08001552   0x08001552   0x00000056   Code   RO          183    i.Extract_Encoder_Data  rls_encoder.o
    0x080015a8   0x080015a8   0x000000ac   Code   RO         2190    i.HAL_DMA_Abort     stm32f7xx_hal_dma.o
    0x08001654   0x08001654   0x00000028   Code   RO         2191    i.HAL_DMA_Abort_IT  stm32f7xx_hal_dma.o
    0x0800167c   0x0800167c   0x00000028   Code   RO         2557    i.HAL_Delay         stm32f7xx_hal.o
    0x080016a4   0x080016a4   0x0000020c   Code   RO         2124    i.HAL_GPIO_Init     stm32f7xx_hal_gpio.o
    0x080018b0   0x080018b0   0x00000014   Code   RO         2127    i.HAL_GPIO_TogglePin  stm32f7xx_hal_gpio.o
    0x080018c4   0x080018c4   0x0000000c   Code   RO         2128    i.HAL_GPIO_WritePin  stm32f7xx_hal_gpio.o
    0x080018d0   0x080018d0   0x0000000c   Code   RO         2567    i.HAL_GetTick       stm32f7xx_hal.o
    0x080018dc   0x080018dc   0x00000018   Code   RO         2573    i.HAL_IncTick       stm32f7xx_hal.o
    0x080018f4   0x080018f4   0x00000016   Code   RO         2574    i.HAL_Init          stm32f7xx_hal.o
    0x0800190a   0x0800190a   0x00000002   PAD
    0x0800190c   0x0800190c   0x0000004c   Code   RO         2575    i.HAL_InitTick      stm32f7xx_hal.o
    0x08001958   0x08001958   0x0000005c   Code   RO          580    i.HAL_MPU_ConfigRegion  stm32f7xx_hal_cortex.o
    0x080019b4   0x080019b4   0x0000002c   Code   RO          581    i.HAL_MPU_Disable   stm32f7xx_hal_cortex.o
    0x080019e0   0x080019e0   0x00000040   Code   RO          582    i.HAL_MPU_Enable    stm32f7xx_hal_cortex.o
    0x08001a20   0x08001a20   0x00000040   Code   RO          556    i.HAL_MspInit       stm32f7xx_hal_msp.o
    0x08001a60   0x08001a60   0x00000020   Code   RO          585    i.HAL_NVIC_EnableIRQ  stm32f7xx_hal_cortex.o
    0x08001a80   0x08001a80   0x0000007c   Code   RO          591    i.HAL_NVIC_SetPriority  stm32f7xx_hal_cortex.o
    0x08001afc   0x08001afc   0x00000028   Code   RO          592    i.HAL_NVIC_SetPriorityGrouping  stm32f7xx_hal_cortex.o
    0x08001b24   0x08001b24   0x00000090   Code   RO         2464    i.HAL_PWREx_EnableOverDrive  stm32f7xx_hal_pwr_ex.o
    0x08001bb4   0x08001bb4   0x00000014   Code   RO         2341    i.HAL_PWR_EnableBkUpAccess  stm32f7xx_hal_pwr.o
    0x08001bc8   0x08001bc8   0x0000075c   Code   RO         1840    i.HAL_RCCEx_PeriphCLKConfig  stm32f7xx_hal_rcc_ex.o
    0x08002324   0x08002324   0x00000194   Code   RO         1733    i.HAL_RCC_ClockConfig  stm32f7xx_hal_rcc.o
    0x080024b8   0x080024b8   0x0000000c   Code   RO         1738    i.HAL_RCC_GetHCLKFreq  stm32f7xx_hal_rcc.o
    0x080024c4   0x080024c4   0x00000020   Code   RO         1740    i.HAL_RCC_GetPCLK1Freq  stm32f7xx_hal_rcc.o
    0x080024e4   0x080024e4   0x00000020   Code   RO         1741    i.HAL_RCC_GetPCLK2Freq  stm32f7xx_hal_rcc.o
    0x08002504   0x08002504   0x000000b0   Code   RO         1742    i.HAL_RCC_GetSysClockFreq  stm32f7xx_hal_rcc.o
    0x080025b4   0x080025b4   0x00000514   Code   RO         1745    i.HAL_RCC_OscConfig  stm32f7xx_hal_rcc.o
    0x08002ac8   0x08002ac8   0x00000034   Code   RO          596    i.HAL_SYSTICK_Config  stm32f7xx_hal_cortex.o
    0x08002afc   0x08002afc   0x00000002   Code   RO         1447    i.HAL_TIMEx_Break2Callback  stm32f7xx_hal_tim_ex.o
    0x08002afe   0x08002afe   0x00000002   Code   RO         1448    i.HAL_TIMEx_BreakCallback  stm32f7xx_hal_tim_ex.o
    0x08002b00   0x08002b00   0x00000002   Code   RO         1449    i.HAL_TIMEx_CommutCallback  stm32f7xx_hal_tim_ex.o
    0x08002b02   0x08002b02   0x00000002   PAD
    0x08002b04   0x08002b04   0x000000cc   Code   RO         1469    i.HAL_TIMEx_MasterConfigSynchronization  stm32f7xx_hal_tim_ex.o
    0x08002bd0   0x08002bd0   0x0000006e   Code   RO          722    i.HAL_TIM_Base_Init  stm32f7xx_hal_tim.o
    0x08002c3e   0x08002c3e   0x00000002   PAD
    0x08002c40   0x08002c40   0x00000040   Code   RO          332    i.HAL_TIM_Base_MspInit  tim.o
    0x08002c80   0x08002c80   0x00000110   Code   RO          731    i.HAL_TIM_ConfigClockSource  stm32f7xx_hal_tim.o
    0x08002d90   0x08002d90   0x00000002   Code   RO          756    i.HAL_TIM_IC_CaptureCallback  stm32f7xx_hal_tim.o
    0x08002d92   0x08002d92   0x000001b8   Code   RO          770    i.HAL_TIM_IRQHandler  stm32f7xx_hal_tim.o
    0x08002f4a   0x08002f4a   0x00000002   Code   RO          773    i.HAL_TIM_OC_DelayElapsedCallback  stm32f7xx_hal_tim.o
    0x08002f4c   0x08002f4c   0x00000002   Code   RO          800    i.HAL_TIM_PWM_PulseFinishedCallback  stm32f7xx_hal_tim.o
    0x08002f4e   0x08002f4e   0x00000002   Code   RO          808    i.HAL_TIM_PeriodElapsedCallback  stm32f7xx_hal_tim.o
    0x08002f50   0x08002f50   0x00000002   Code   RO          813    i.HAL_TIM_TriggerCallback  stm32f7xx_hal_tim.o
    0x08002f52   0x08002f52   0x0000016a   Code   RO         3756    i.HAL_UARTEx_ReceiveToIdle  stm32f7xx_hal_uart_ex.o
    0x080030bc   0x080030bc   0x00000002   Code   RO         3355    i.HAL_UARTEx_RxEventCallback  stm32f7xx_hal_uart.o
    0x080030be   0x080030be   0x00000002   Code   RO         3356    i.HAL_UARTEx_WakeupCallback  stm32f7xx_hal_uart.o
    0x080030c0   0x080030c0   0x00000002   Code   RO         3372    i.HAL_UART_ErrorCallback  stm32f7xx_hal_uart.o
    0x080030c2   0x080030c2   0x00000002   PAD
    0x080030c4   0x080030c4   0x00000350   Code   RO         3375    i.HAL_UART_IRQHandler  stm32f7xx_hal_uart.o
    0x08003414   0x08003414   0x00000074   Code   RO         3376    i.HAL_UART_Init     stm32f7xx_hal_uart.o
    0x08003488   0x08003488   0x000001ec   Code   RO          374    i.HAL_UART_MspInit  usart.o
    0x08003674   0x08003674   0x00000050   Code   RO         3381    i.HAL_UART_Receive_IT  stm32f7xx_hal_uart.o
    0x080036c4   0x080036c4   0x00000044   Code   RO          240    i.HAL_UART_RxCpltCallback  main.o
    0x08003708   0x08003708   0x000000b2   Code   RO         3385    i.HAL_UART_Transmit  stm32f7xx_hal_uart.o
    0x080037ba   0x080037ba   0x00000002   Code   RO         3388    i.HAL_UART_TxCpltCallback  stm32f7xx_hal_uart.o
    0x080037bc   0x080037bc   0x00000004   Code   RO          458    i.HardFault_Handler  stm32f7xx_it.o
    0x080037c0   0x080037c0   0x00000056   Code   RO          241    i.MPU_Config        main.o
    0x08003816   0x08003816   0x00000002   PAD
    0x08003818   0x08003818   0x000000b0   Code   RO          307    i.MX_GPIO_Init      gpio.o
    0x080038c8   0x080038c8   0x0000006c   Code   RO          333    i.MX_TIM2_Init      tim.o
    0x08003934   0x08003934   0x00000044   Code   RO          375    i.MX_USART1_UART_Init  usart.o
    0x08003978   0x08003978   0x00000040   Code   RO          376    i.MX_USART2_UART_Init  usart.o
    0x080039b8   0x080039b8   0x00000040   Code   RO          377    i.MX_USART3_UART_Init  usart.o
    0x080039f8   0x080039f8   0x00000004   Code   RO          459    i.MemManage_Handler  stm32f7xx_it.o
    0x080039fc   0x080039fc   0x00000004   Code   RO          460    i.NMI_Handler       stm32f7xx_it.o
    0x08003a00   0x08003a00   0x00000002   Code   RO          461    i.PendSV_Handler    stm32f7xx_it.o
    0x08003a02   0x08003a02   0x00000002   PAD
    0x08003a04   0x08003a04   0x00000094   Code   RO           13    i.SERVO_Send_recv   go-m8010-6.o
    0x08003a98   0x08003a98   0x00000002   Code   RO          462    i.SVC_Handler       stm32f7xx_it.o
    0x08003a9a   0x08003a9a   0x00000008   Code   RO          463    i.SysTick_Handler   stm32f7xx_it.o
    0x08003aa2   0x08003aa2   0x00000002   PAD
    0x08003aa4   0x08003aa4   0x000000bc   Code   RO          243    i.SystemClock_Config  main.o
    0x08003b60   0x08003b60   0x00000014   Code   RO         3839    i.SystemInit        system_stm32f7xx.o
    0x08003b74   0x08003b74   0x00000010   Code   RO          464    i.TIM2_IRQHandler   stm32f7xx_it.o
    0x08003b84   0x08003b84   0x000000d8   Code   RO          815    i.TIM_Base_SetConfig  stm32f7xx_hal_tim.o
    0x08003c5c   0x08003c5c   0x00000016   Code   RO          826    i.TIM_ETR_SetConfig  stm32f7xx_hal_tim.o
    0x08003c72   0x08003c72   0x00000012   Code   RO          827    i.TIM_ITRx_SetConfig  stm32f7xx_hal_tim.o
    0x08003c84   0x08003c84   0x00000026   Code   RO          835    i.TIM_TI1_ConfigInputStage  stm32f7xx_hal_tim.o
    0x08003caa   0x08003caa   0x00000028   Code   RO          837    i.TIM_TI2_ConfigInputStage  stm32f7xx_hal_tim.o
    0x08003cd2   0x08003cd2   0x000000f8   Code   RO         3390    i.UART_AdvFeatureConfig  stm32f7xx_hal_uart.o
    0x08003dca   0x08003dca   0x00000076   Code   RO         3391    i.UART_CheckIdleState  stm32f7xx_hal_uart.o
    0x08003e40   0x08003e40   0x00000018   Code   RO         3392    i.UART_DMAAbortOnError  stm32f7xx_hal_uart.o
    0x08003e58   0x08003e58   0x00000066   Code   RO         3402    i.UART_EndRxTransfer  stm32f7xx_hal_uart.o
    0x08003ebe   0x08003ebe   0x0000002e   Code   RO         3403    i.UART_EndTransmit_IT  stm32f7xx_hal_uart.o
    0x08003eec   0x08003eec   0x000000d4   Code   RO         3405    i.UART_RxISR_16BIT  stm32f7xx_hal_uart.o
    0x08003fc0   0x08003fc0   0x000000d0   Code   RO         3406    i.UART_RxISR_8BIT   stm32f7xx_hal_uart.o
    0x08004090   0x08004090   0x0000033c   Code   RO         3407    i.UART_SetConfig    stm32f7xx_hal_uart.o
    0x080043cc   0x080043cc   0x000000f4   Code   RO         3409    i.UART_Start_Receive_IT  stm32f7xx_hal_uart.o
    0x080044c0   0x080044c0   0x000000fc   Code   RO         3412    i.UART_WaitOnFlagUntilTimeout  stm32f7xx_hal_uart.o
    0x080045bc   0x080045bc   0x00000010   Code   RO          465    i.USART1_IRQHandler  stm32f7xx_it.o
    0x080045cc   0x080045cc   0x00000010   Code   RO          466    i.USART2_IRQHandler  stm32f7xx_it.o
    0x080045dc   0x080045dc   0x00000010   Code   RO          467    i.USART3_IRQHandler  stm32f7xx_it.o
    0x080045ec   0x080045ec   0x00000004   Code   RO          468    i.UsageFault_Handler  stm32f7xx_it.o
    0x080045f0   0x080045f0   0x00000030   Code   RO         3994    i.__ARM_fpclassify  m_wv.l(fpclassify.o)
    0x08004620   0x08004620   0x00000010   Code   RO          598    i.__NVIC_GetPriorityGrouping  stm32f7xx_hal_cortex.o
    0x08004630   0x08004630   0x00000028   Code   RO          599    i.__NVIC_SetPriority  stm32f7xx_hal_cortex.o
    0x08004658   0x08004658   0x00000004   Code   RO          379    i._sys_exit         usart.o
    0x0800465c   0x0800465c   0x00000028   Code   RO           14    i.crc_ccitt         go-m8010-6.o
    0x08004684   0x08004684   0x00000018   Code   RO           15    i.crc_ccitt_byte    go-m8010-6.o
    0x0800469c   0x0800469c   0x000000fc   Code   RO           16    i.extract_data      go-m8010-6.o
    0x08004798   0x08004798   0x0000001c   Code   RO          381    i.fputc             usart.o
    0x080047b4   0x080047b4   0x00000194   Code   RO          244    i.main              main.o
    0x08004948   0x08004948   0x00000218   Code   RO           17    i.modify_data       go-m8010-6.o
    0x08004b60   0x08004b60   0x0000002c   Code   RO         3989    locale$$code        c_w.l(lc_numeric_c.o)
    0x08004b8c   0x08004b8c   0x0000000a   Code   RO         4072    x$fpl$fpinit        fz_wv.l(fpinit.o)
    0x08004b96   0x08004b96   0x00000004   Code   RO         3915    x$fpl$printf1       fz_wv.l(printf1.o)
    0x08004b9a   0x08004b9a   0x00000000   Code   RO         3993    x$fpl$usenofp       fz_wv.l(usenofp.o)
    0x08004b9a   0x08004b9a   0x00000200   Data   RO           18    .constdata          go-m8010-6.o
    0x08004d9a   0x08004d9a   0x00000018   Data   RO         3840    .constdata          system_stm32f7xx.o
    0x08004db2   0x08004db2   0x00000002   PAD
    0x08004db4   0x08004db4   0x00000094   Data   RO         3960    .constdata          c_w.l(bigflt0.o)
    0x08004e48   0x08004e48   0x00000020   Data   RO         4134    Region$$Table       anon$$obj.o
    0x08004e68   0x08004e68   0x0000001c   Data   RO         3988    locale$$data        c_w.l(lc_numeric_c.o)


    Execution Region RW_IRAM1 (Exec base: 0x20000000, Load base: 0x08004e84, Size: 0x000008f8, Max: 0x00080000, ABSOLUTE)

    Exec Addr    Load Addr    Size         Type   Attr      Idx    E Section Name        Object

    0x20000000   0x08004e84   0x00000004   Data   RW          246    .data               main.o
    0x20000004   0x08004e88   0x00000006   Data   RW          383    .data               usart.o
    0x2000000a   0x08004e8e   0x00000002   PAD
    0x2000000c   0x08004e90   0x00000009   Data   RW         2581    .data               stm32f7xx_hal.o
    0x20000015   0x08004e99   0x00000003   PAD
    0x20000018   0x08004e9c   0x00000004   Data   RW         3841    .data               system_stm32f7xx.o
    0x2000001c        -       0x0000000d   Zero   RW          184    .bss                rls_encoder.o
    0x20000029   0x08004ea0   0x00000007   PAD
    0x20000030        -       0x00000080   Zero   RW          245    .bss                main.o
    0x200000b0        -       0x0000004c   Zero   RW          334    .bss                tim.o
    0x200000fc        -       0x00000198   Zero   RW          382    .bss                usart.o
    0x20000294        -       0x00000060   Zero   RW         3997    .bss                c_w.l(libspace.o)
    0x200002f4   0x08004ea0   0x00000004   PAD
    0x200002f8        -       0x00000200   Zero   RW            2    HEAP                startup_stm32f767xx.o
    0x200004f8        -       0x00000400   Zero   RW            1    STACK               startup_stm32f767xx.o


==============================================================================

Image component sizes


      Code (inc. data)   RO Data    RW Data    ZI Data      Debug   Object Name

      1000        106        512          0          0     891369   go-m8010-6.o
       176          8          0          0          0       1071   gpio.o
       752        144          0          4        128       4163   main.o
       146         16          0          0         13       2416   rls_encoder.o
        64         26        504          0       1536        904   startup_stm32f767xx.o
       174         30          0          9          0       9645   stm32f7xx_hal.o
       504         38          0          0          0      42201   stm32f7xx_hal_cortex.o
       212          0          0          0          0       2143   stm32f7xx_hal_dma.o
       556         52          0          0          0       3021   stm32f7xx_hal_gpio.o
        64          4          0          0          0        970   stm32f7xx_hal_msp.o
        20          6          0          0          0        603   stm32f7xx_hal_pwr.o
       144          8          0          0          0       1388   stm32f7xx_hal_pwr_ex.o
      1956         74          0          0          0       6000   stm32f7xx_hal_rcc.o
      1884         16          0          0          0       2352   stm32f7xx_hal_rcc_ex.o
      1166         50          0          0          0      10407   stm32f7xx_hal_tim.o
       210         30          0          0          0       3432   stm32f7xx_hal_tim_ex.o
      3512         86          0          0          0      17081   stm32f7xx_hal_uart.o
       362          0          0          0          0       1775   stm32f7xx_hal_uart_ex.o
        98         24          0          0          0       6964   stm32f7xx_it.o
        20          6         24          4          0       1307   system_stm32f7xx.o
       172         10          0          0         76       1914   tim.o
       720         62          0          6        408       6037   usart.o

    ----------------------------------------------------------------------
     13928        796       1074         28       2168    1017163   Object Totals
         0          0         32          0          0          0   (incl. Generated)
        16          0          2          5          7          0   (incl. Padding)

    ----------------------------------------------------------------------

      Code (inc. data)   RO Data    RW Data    ZI Data      Debug   Library Member Name

         8          0          0          0          0         68   __main.o
       184          0          0          0          0         84   __printf_ss.o
         0          0          0          0          0          0   __rtentry.o
        12          0          0          0          0          0   __rtentry2.o
         6          0          0          0          0          0   __rtentry4.o
        52          8          0          0          0          0   __scatter.o
        26          0          0          0          0          0   __scatter_copy.o
        28          0          0          0          0          0   __scatter_zi.o
        48          6          0          0          0         96   _printf_char_common.o
        36          4          0          0          0         80   _printf_char_file.o
         6          0          0          0          0          0   _printf_d.o
       120         16          0          0          0         92   _printf_dec.o
         6          0          0          0          0          0   _printf_f.o
      1054          0          0          0          0        216   _printf_fp_dec.o
       128         16          0          0          0         84   _printf_fp_infnan.o
       178          0          0          0          0         88   _printf_intcommon.o
         0          0          0          0          0          0   _printf_percent.o
         4          0          0          0          0          0   _printf_percent_end.o
       228          4        148          0          0         96   bigflt0.o
      1936        128          0          0          0        672   btod.o
        18          0          0          0          0         80   exit.o
         8          0          0          0          0         68   ferror.o
         6          0          0          0          0        152   heapauxi.o
        44         10         28          0          0         76   lc_numeric_c.o
         2          0          0          0          0          0   libinit.o
        22          0          0          0          0          0   libinit2.o
         2          0          0          0          0          0   libshutdown.o
         2          0          0          0          0          0   libshutdown2.o
         8          4          0          0         96         68   libspace.o
       138          0          0          0          0         80   lludiv10.o
       238          0          0          0          0        100   lludivv7m.o
        24          4          0          0          0         84   noretval__2printf.o
         8          4          0          0          0         68   rt_locale_intlibspace.o
        78          0          0          0          0         80   rt_memclr_w.o
         2          0          0          0          0          0   rtexit.o
        10          0          0          0          0          0   rtexit2.o
       104          0          0          0          0         68   strcmpv7m_pel.o
        74          0          0          0          0         80   sys_stackheap_outer.o
         2          0          0          0          0         68   use_no_semi.o
         2          0          0          0          0         68   use_no_semi_2.o
        10          0          0          0          0        116   fpinit.o
         4          0          0          0          0        116   printf1.o
         0          0          0          0          0          0   usenofp.o
        48          0          0          0          0        124   fpclassify.o

    ----------------------------------------------------------------------
      4922        204        176          0        100       3072   Library Totals
         8          0          0          0          4          0   (incl. Padding)

    ----------------------------------------------------------------------

      Code (inc. data)   RO Data    RW Data    ZI Data      Debug   Library Name

      4852        204        176          0         96       2716   c_w.l
        14          0          0          0          0        232   fz_wv.l
        48          0          0          0          0        124   m_wv.l

    ----------------------------------------------------------------------
      4922        204        176          0        100       3072   Library Totals

    ----------------------------------------------------------------------

==============================================================================


      Code (inc. data)   RO Data    RW Data    ZI Data      Debug   

     18850       1000       1250         28       2268    1009279   Grand Totals
     18850       1000       1250         28       2268    1009279   ELF Image Totals
     18850       1000       1250         28          0          0   ROM Totals

==============================================================================

    Total RO  Size (Code + RO Data)                20100 (  19.63kB)
    Total RW  Size (RW Data + ZI Data)              2296 (   2.24kB)
    Total ROM Size (Code + RO Data + RW Data)      20128 (  19.66kB)

==============================================================================

